int logctl_get(): open '/dev/hwlog_switch' fail -1, 13. Permission denied

Note: log switch off, only log_main and log_events will have logs!
--------- beginning of /dev/log/main
I/DEBUG   ( 2418):          798fff78  00000000  
I/DEBUG   ( 2418):          798fff7c  7679de11  /data/app-lib/com.donglivr.vrplayer-1/libVRPlayer.so
I/DEBUG   ( 2418):          798fff80  0d0a0d30  
I/DEBUG   ( 2418):          798fff84  0000000a  
I/DEBUG   ( 2418):          798fff88  79e33270  [anon:libc_malloc]
I/DEBUG   ( 2418):          798fff8c  798fffb4  [stack:6531]
I/DEBUG   ( 2418):          798fff90  7679dddd  /data/app-lib/com.donglivr.vrplayer-1/libVRPlayer.so
I/DEBUG   ( 2418):          798fff94  79900040  [stack:6531]
I/DEBUG   ( 2418):          798fff98  79900030  [stack:6531]
I/DEBUG   ( 2418):          798fff9c  7679180f  /data/app-lib/com.donglivr.vrplayer-1/libVRPlayer.so (ffurl_closep+66)
I/DEBUG   ( 2418):          798fffa0  00000001  
I/DEBUG   ( 2418):          798fffa4  00000001  
I/DEBUG   ( 2418):          798fffa8  79901128  [stack:6531]
I/DEBUG   ( 2418):          798fffac  7679182d  /data/app-lib/com.donglivr.vrplayer-1/libVRPlayer.so (ffurl_close+16)
I/DEBUG   ( 2418): 
I/DEBUG   ( 2418): memory near r1:
I/DEBUG   ( 2418):     4008e6fc 69747075 64206e6f 63657465 20646574  
I/DEBUG   ( 2418):     4008e70c 25207962 696c0073 6d5f6362 6f6c6c61  
I/DEBUG   ( 2418):     4008e71c 6e690063 696c6176 64612064 73657264  
I/DEBUG   ( 2418):     4008e72c 726f2073 64646120 73736572 20666f20  
I/DEBUG   ( 2418):     4008e73c 72726f63 20747075 636f6c62 7025206b  
I/DEBUG   ( 2418):     4008e74c 73617020 20646573 25206f74 616d0073  
I/DEBUG   ( 2418):     4008e75c 79732078 6d657473 74796220 3d207365  
I/DEBUG   ( 2418):     4008e76c 30312520 000a756c 74737973 62206d65  
I/DEBUG   ( 2418):     4008e77c 73657479 20202020 25203d20 756c3031  
I/DEBUG   ( 2418):     4008e78c 6e69000a 65737520 74796220 20207365  
I/DEBUG   ( 2418):     4008e79c 3d202020 30312520 000a756c 63617473  
I/DEBUG   ( 2418):     4008e7ac 6f63206b 70757272 6e6f6974 74656420  
I/DEBUG   ( 2418):     4008e7bc 65746365 73250064 3a64253a 73736120  
I/DEBUG   ( 2418):     4008e7cc 69747265 22206e6f 20227325 6c696166  
I/DEBUG   ( 2418):     4008e7dc 25006465 64253a73 7325203a 7361203a  
I/DEBUG   ( 2418):     4008e7ec 74726573 206e6f69 22732522 69616620  
I/DEBUG   ( 2418): 
I/DEBUG   ( 2418): memory near r3:
I/DEBUG   ( 2418):     400923a0 74000a79 725f7972 6c6c6165 635f636f  
I/DEBUG   ( 2418):     400923b0 6b6e7568 616d7400 636f6c6c 72616c5f  
I/DEBUG   ( 2418):     400923c0 64006567 6572666c 6d740065 6f6c6c61  
I/DEBUG   ( 2418):     400923d0 6d735f63 006c6c61 616d6c64 636f6c6c  
I/DEBUG   ( 2418):     400923e0 64646100 6765735f 746e656d 73696400  
I/DEBUG   ( 2418):     400923f0 65736f70 7568635f 72006b6e 61656c65  
I/DEBUG   ( 2418):     40092400 755f6573 6573756e 65735f64 6e656d67  
I/DEBUG   ( 2418):     40092410 69007374 7265746e 5f6c616e 6b6c7562  
I/DEBUG   ( 2418):     40092420 6572665f 72700065 6e657065 6c615f64  
I/DEBUG   ( 2418):     40092430 00636f6c 65746e6d 202a746e 6d746567  
I/DEBUG   ( 2418):     40092440 6e65746e 49462874 292a454c 746e6900  
I/DEBUG   ( 2418):     40092450 79747420 656d616e 6928725f 202c746e  
I/DEBUG   ( 2418):     40092460 72616863 73202c2a 5f657a69 76002974  
I/DEBUG   ( 2418):     40092470 2064696f 70646e65 746e6577 63002928  
I/DEBUG   ( 2418):     40092480 2a726168 74656720 72657375 6c656873  
I/DEBUG   ( 2418):     40092490 0029286c 64696f76 74657320 72657375  
I/DEBUG   ( 2418): 
I/DEBUG   ( 2418): memory near r4:
I/DEBUG   ( 2418):     7a188258 31312e39 30383a38 6965622f 676e696a  
I/DEBUG   ( 2418):     7a188268 7365742d 616d2f74 6566696e 6d2e7473  
I/DEBUG   ( 2418):     7a188278 00387533 00000011 77e1bd88 7c019f08  
I/DEBUG   ( 2418):     7a188288 00000010 00000022 769dccc8 00000050  
I/DEBUG   ( 2418):     7a188298 00000000 004c4b40 ffffffff ffffffff  
I/DEBUG   ( 2418):     7a1882a8 00000000 00000000 7bf87fb8 7c012ca8  
I/DEBUG   ( 2418):     7a1882b8 79e31c58 4009d1c8 00000000 00000000  
I/DEBUG   ( 2418):     7a1882c8 00000020 00000022 7a26a020 00000000  
I/DEBUG   ( 2418):     7a1882d8 768eea79 7a187ab0 7a1881e0 00000000  
I/DEBUG   ( 2418):     7a1882e8 00000000 00000013 7bf8d570 7b04d020  
I/DEBUG   ( 2418):     7a1882f8 0004b51f 00000013 7b0f7940 7b099020  
I/DEBUG   ( 2418):     7a188308 00012d5f 00000021 78c1c208 7a86cac8  
I/DEBUG   ( 2418):     7a188318 0000000b 00000011 00000000 00000000  
I/DEBUG   ( 2418):     7a188328 00000020 0000001a 7bc36020 00000000  
I/DEBUG   ( 2418):     7a188338 768eea79 785e6ac0 00000000 00000019  
I/DEBUG   ( 2418):     7a188348 7a8bce50 79b707e0 7a188170 7a255020  
I/DEBUG   ( 2418): 
I/DEBUG   ( 2418): memory near r5:
I/DEBUG   ( 2418):     7a188258 31312e39 30383a38 6965622f 676e696a  
I/DEBUG   ( 2418):     7a188268 7365742d 616d2f74 6566696e 6d2e7473  
I/DEBUG   ( 2418):     7a188278 00387533 00000011 77e1bd88 7c019f08  
I/DEBUG   ( 2418):     7a188288 00000010 00000022 769dccc8 00000050  
I/DEBUG   ( 2418):     7a188298 00000000 004c4b40 ffffffff ffffffff  
I/DEBUG   ( 2418):     7a1882a8 00000000 00000000 7bf87fb8 7c012ca8  
I/DEBUG   ( 2418):     7a1882b8 79e31c58 4009d1c8 00000000 00000000  
I/DEBUG   ( 2418):     7a1882c8 00000020 00000022 7a26a020 00000000  
I/DEBUG   ( 2418):     7a1882d8 768eea79 7a187ab0 7a1881e0 00000000  
I/DEBUG   ( 2418):     7a1882e8 00000000 00000013 7bf8d570 7b04d020  
I/DEBUG   ( 2418):     7a1882f8 0004b51f 00000013 7b0f7940 7b099020  
I/DEBUG   ( 2418):     7a188308 00012d5f 00000021 78c1c208 7a86cac8  
I/DEBUG   ( 2418):     7a188318 0000000b 00000011 00000000 00000000  
I/DEBUG   ( 2418):     7a188328 00000020 0000001a 7bc36020 00000000  
I/DEBUG   ( 2418):     7a188338 768eea79 785e6ac0 00000000 00000019  
I/DEBUG   ( 2418):     7a188348 7a8bce50 79b707e0 7a188170 7a255020  
I/DEBUG   ( 2418): 
I/DEBUG   ( 2418): memory near r6:
I/DEBUG   ( 2418):     41592fe0 00000000 00000000 00000000 00000000  
I/DEBUG   ( 2418):     41592ff0 00000000 00000000 00000000 00000000  
I/DEBUG   ( 2418):     41593000 00000000 0000200b 000003ff 00000000  
I/DEBUG   ( 2418):     41593010 00000000 00000000 00000000 00000000  
I/DEBUG   ( 2418):     41593020 00000000 00000000 00000000 00000000  
I/DEBUG   ( 2418):     41593030 00000000 00000000 00000000 00000000  
I/DEBUG   ( 2418):     41593040 00000000 00000000 00000000 00000000  
I/DEBUG   ( 2418):     41593050 00000000 00000000 00000000 00000000  
I/DEBUG   ( 2418):     41593060 00000000 00000000 00000000 00000000  
I/DEBUG   ( 2418):     41593070 00000000 00000000 00000000 00000000  
I/DEBUG   ( 2418):     41593080 00000000 00000000 00000000 00000000  
I/DEBUG   ( 2418):     41593090 00000000 00000000 00000000 00000000  
I/DEBUG   ( 2418):     415930a0 00000000 00000000 00000000 00000000  
I/DEBUG   ( 2418):     415930b0 00000000 00000000 00000000 00000000  
I/DEBUG   ( 2418):     415930c0 00000000 00000000 00000000 00000000  
I/DEBUG   ( 2418):     415930d0 00000000 00000000 00000000 00000000  
I/DEBUG   ( 2418): 
I/DEBUG   ( 2418): memory near r8:
I/DEBUG   ( 2418):     7bf87e80 00000000 00000000 00000000 00000000  
I/DEBUG   ( 2418):     7bf87e90 00000000 00000000 00000000 00000000  
I/DEBUG   ( 2418):     7bf87ea0 79c0ce78 79e33258 00000000 00000001  
I/DEBUG   ( 2418):     7bf87eb0 00000000 00000001 00000000 00000001  
I/DEBUG   ( 2418):     7bf87ec0 00000000 00000000 00000000 00000000  
I/DEBUG   ( 2418):     7bf87ed0 00000000 784a1350 00000000 00000001  
I/DEBUG   ( 2418):     7bf87ee0 00000470 00000000 00000000 00000000  
I/DEBUG   ( 2418):     7bf87ef0 00000000 00000000 00000000 00000000  
I/DEBUG   ( 2418):     7bf87f00 00000000 00000000 00000000 00000000  
I/DEBUG   ( 2418):     7bf87f10 00000000 00000000 00000000 00000000  
I/DEBUG   ( 2418):     7bf87f20 00000000 00000000 00000000 00000000  
I/DEBUG   ( 2418):     7bf87f30 00000000 00000000 00000000 00000000  
I/DEBUG   ( 2418):     7bf87f40 00000000 00000000 00000000 000000c8  
I/DEBUG   ( 2418):     7bf87f50 00000000 00000000 00000000 79d16e20  
I/DEBUG   ( 2418):     7bf87f60 00000000 00000000 7bfab830 00000053  
I/DEBUG   ( 2418):     7bf87f70 769cba48 769e0fe0 00000000 7bf87fa0  
I/DEBUG   ( 2418): 
I/DEBUG   ( 2418): memory near sl:
I/DEBUG   ( 2418):     79900014 ffffffff 00000000 570f91b2 007e57bf  
I/DEBUG   ( 2418):     79900024 00000000 00000000 00000000 7bfc0980  
I/DEBUG   ( 2418):     79900034 7863b020 79901130 79e94e80 00000000  
I/DEBUG   ( 2418):     79900044 00000000 00000000 00000000 00000000  
I/DEBUG   ( 2418):     79900054 00000000 00000000 00000000 00000000  
I/DEBUG   ( 2418):     79900064 00000000 00000000 00000000 00000000  
I/DEBUG   ( 2418):     79900074 00000000 00000000 00000000 00000000  
I/DEBUG   ( 2418):     79900084 00000000 00000000 00000000 00000000  
I/DEBUG   ( 2418):     79900094 00000000 00000000 00000000 00000000  
I/DEBUG   ( 2418):     799000a4 00000000 00000000 00000000 00000000  
I/DEBUG   ( 2418):     799000b4 00000000 00000000 00000000 00000000  
I/DEBUG   ( 2418):     799000c4 00000000 00000000 00000000 00000000  
I/DEBUG   ( 2418):     799000d4 00000000 00000000 00000000 00000000  
I/DEBUG   ( 2418):     799000e4 00000000 00000000 00000000 00000000  
I/DEBUG   ( 2418):     799000f4 00000000 00000000 00000000 00000000  
I/DEBUG   ( 2418):     79900104 00000000 00000000 00000000 00000000  
I/DEBUG   ( 2418): 
I/DEBUG   ( 2418): memory near fp:
I/DEBUG   ( 2418):     79903108 00000000 00000000 00000000 00000000  
I/DEBUG   ( 2418):     79903118 00000000 00000000 00000000 00000000  
I/DEBUG   ( 2418):     79903128 00000000 00000000 00000000 00000000  
I/DEBUG   ( 2418):     79903138 00000000 00000000 00000000 00000000  
I/DEBUG   ( 2418):     79903148 00000000 00000000 00000000 00000000  
I/DEBUG   ( 2418):     79903158 00000000 00000000 00000000 00000000  
I/DEBUG   ( 2418):     79903168 00000000 00000000 00000000 00000000  
I/DEBUG   ( 2418):     79903178 00000000 00000000 00000000 00000000  
I/DEBUG   ( 2418):     79903188 00000000 00000000 00000000 00000000  
I/DEBUG   ( 2418):     79903198 00000000 00000000 00000000 00000000  
I/DEBUG   ( 2418):     799031a8 00000000 00000000 00000000 00000000  
I/DEBUG   ( 2418):     799031b8 00000000 00000000 00000000 00000000  
I/DEBUG   ( 2418):     799031c8 00000000 00000000 00000000 00000000  
I/DEBUG   ( 2418):     799031d8 00000000 00000000 00000000 00000000  
I/DEBUG   ( 2418):     799031e8 00000000 00000000 00000000 00000000  
I/DEBUG   ( 2418):     799031f8 00000000 00000000 00000000 00000000  
I/DEBUG   ( 2418): 
I/DEBUG   ( 2418): memory near sp:
I/DEBUG   ( 2418):     798fff30 4008e71e 798fff44 400923c3 4005f957  
I/DEBUG   ( 2418):     798fff40 4008e71e 7a188278 400923c3 7a1882a8  
I/DEBUG   ( 2418):     798fff50 40099000 7bf87f70 7bf867a4 00000000  
I/DEBUG   ( 2418):     798fff60 7bf867a0 4005bea9 798fff6c 767917f9  
I/DEBUG   ( 2418):     798fff70 7bf867a0 7bf87f20 00000000 7679de11  
I/DEBUG   ( 2418):     798fff80 0d0a0d30 0000000a 79e33270 798fffb4  
I/DEBUG   ( 2418):     798fff90 7679dddd 79900040 79900030 7679180f  
I/DEBUG   ( 2418):     798fffa0 00000001 00000001 79901128 7679182d  
I/DEBUG   ( 2418):     798fffb0 00000001 79e33270 79900040 7679b18f  
I/DEBUG   ( 2418):     798fffc0 79903128 00000000 769853a4 799000c0  
I/DEBUG   ( 2418):     798fffd0 00000000 00000000 79903140 785a67d0  
I/DEBUG   ( 2418):     798fffe0 79900140 00000000 00000000 79e94e80  
I/DEBUG   ( 2418):     798ffff0 0bda0ebe 00000000 00000000 00000000  
I/DEBUG   ( 2418):     79900000 79904178 00000001 0bda0ebe 00000000  
I/DEBUG   ( 2418):     79900010 ffffffff ffffffff 00000000 570f91b2  
I/DEBUG   ( 2418):     79900020 007e57bf 00000000 00000000 00000000  
I/DEBUG   ( 2418): 
I/DEBUG   ( 2418): code around pc:
I/DEBUG   ( 2418):     4005f938 6a014478 62021e4a f7fdb95a e008fd3f  
I/DEBUG   ( 2418):     4005f948 4621482a 44784a2a f001447a 4a13f9af  
I/DEBUG   ( 2418):     4005f958 49286014 f8d14479 079a31bc f501d51c  
I/DEBUG   ( 2418):     4005f968 e8bd70e0 f02c40f8 4823ba91 f7fd4478  
I/DEBUG   ( 2418):     4005f978 4822fd13 e7fa4478 42b7688f ae10f43f  
I/DEBUG   ( 2418):     4005f988 481fe611 e7f24478 4478481e 6888e7ef  
I/DEBUG   ( 2418):     4005f998 f43f4298 e606aed4 bf00bdf8 deadbaad  
I/DEBUG   ( 2418):     4005f9a8 0003dcc2 0003dcb4 0003dc18 00032e0d  
I/DEBUG   ( 2418):     4005f9b8 0003db90 0003db7e 0003db06 0003dae4  
I/DEBUG   ( 2418):     4005f9c8 0003da84 0003da72 0003da0c 0003d9f4  
I/DEBUG   ( 2418):     4005f9d8 0003d9e2 0003d988 0003d964 0003d8ce  
I/DEBUG   ( 2418):     4005f9e8 0003d884 0003d86a 0003d84c 0002edcc  
I/DEBUG   ( 2418):     4005f9f8 00032a6f 0003d828 00032a4b 00032a43  
I/DEBUG   ( 2418):     4005fa08 00032a33 00032a2d b168b538 0300ea41  
I/DEBUG   ( 2418):     4005fa18 f401fb00 04150c1a fbb4b13d 4288f0f0  
I/DEBUG   ( 2418):     4005fa28 f04fbf18 e00034ff 46204604 fb12f7fe  
I/DEBUG   ( 2418): 
I/DEBUG   ( 2418): code around lr:
I/DEBUG   ( 2418):     4005f934 482e61a3 6a014478 62021e4a f7fdb95a  
I/DEBUG   ( 2418):     4005f944 e008fd3f 4621482a 44784a2a f001447a  
I/DEBUG   ( 2418):     4005f954 4a13f9af 49286014 f8d14479 079a31bc  
I/DEBUG   ( 2418):     4005f964 f501d51c e8bd70e0 f02c40f8 4823ba91  
I/DEBUG   ( 2418):     4005f974 f7fd4478 4822fd13 e7fa4478 42b7688f  
I/DEBUG   ( 2418):     4005f984 ae10f43f 481fe611 e7f24478 4478481e  
I/DEBUG   ( 2418):     4005f994 6888e7ef f43f4298 e606aed4 bf00bdf8  
I/DEBUG   ( 2418):     4005f9a4 deadbaad 0003dcc2 0003dcb4 0003dc18  
I/DEBUG   ( 2418):     4005f9b4 00032e0d 0003db90 0003db7e 0003db06  
I/DEBUG   ( 2418):     4005f9c4 0003dae4 0003da84 0003da72 0003da0c  
I/DEBUG   ( 2418):     4005f9d4 0003d9f4 0003d9e2 0003d988 0003d964  
I/DEBUG   ( 2418):     4005f9e4 0003d8ce 0003d884 0003d86a 0003d84c  
I/DEBUG   ( 2418):     4005f9f4 0002edcc 00032a6f 0003d828 00032a4b  
I/DEBUG   ( 2418):     4005fa04 00032a43 00032a33 00032a2d b168b538  
I/DEBUG   ( 2418):     4005fa14 0300ea41 f401fb00 04150c1a fbb4b13d  
I/DEBUG   ( 2418):     4005fa24 4288f0f0 f04fbf18 e00034ff 46204604  
I/DEBUG   ( 2418): 
I/DEBUG   ( 2418): memory map around fault addr deadbaad:
I/DEBUG   ( 2418):     bef79000-bef9a000 rw- [stack]
I/DEBUG   ( 2418):     (no map for address)
I/DEBUG   ( 2418):     ffff0000-ffff1000 r-x [vectors]
I/HwSystemManager( 3515): HoldService:preHoldShow start!
I/HwSystemManager( 3515): HoldService:The prePermissionType is: 1
I/HwSystemManager( 3515): HoldService:preHoldShow start!
I/HwSystemManager( 3515): HoldService:The prePermissionType is: 1
I/HwSystemManager( 3515): HoldService:preHoldShow start!
I/HwSystemManager( 3515): HoldService:The prePermissionType is: 2
W/HwSystemManager( 3515): HoldService:showToast return because the blocked app is not foreground!
I/HwSystemManager( 3515): HoldService:preHoldShow start!
I/HwSystemManager( 3515): HoldService:The prePermissionType is: 2
I/HwSystemManager( 3515): HoldService:preHoldShow start!
I/HwSystemManager( 3515): HoldService:The prePermissionType is: 2
I/HwSystemManager( 3515): HoldService:preHoldShow start!
I/HwSystemManager( 3515): HoldService:The prePermissionType is: 2
E/Thermal-daemon( 2430): [flash_led] temp_new :39  temp_old :40
E/Thermal-daemon( 2430): Report temperature: [flash_led] temp :39  report_threshold:1
I/HwSystemManager( 3515): HoldService:preHoldShow start!
I/HwSystemManager( 3515): HoldService:The prePermissionType is: 2
I/HwSystemManager( 3515): HoldService:preHoldShow start!
I/HwSystemManager( 3515): HoldService:The prePermissionType is: 2
I/AudioFlinger( 2425): BUFFER TIMEOUT: remove(4097) from active list on thread 0xb7e21800
I/HwSystemManager( 3515): HoldService:preHoldShow start!
I/HwSystemManager( 3515): HoldService:The prePermissionType is: 1
W/InputDispatcher( 2963): channel '434e1360 com.donglivr.vrplayer/org.gameplay3d.GamePlayNativeActivity (server)' ~ Consumer closed input channel or an error occurred.  events=0x9
E/InputDispatcher( 2963): channel '434e1360 com.donglivr.vrplayer/org.gameplay3d.GamePlayNativeActivity (server)' ~ Channel is unrecoverably broken and will be disposed!
I/logserver( 2432): Object Path:/data/system/dropbox/, mask=0x00000080
I/logserver( 2432): event->len=48, name=data_app_native_crash@1461227197911.txt
I/logserver( 2432): process_one_event, can not find this event(data_app_native_crash@1461227197911.txt)
I/logserver( 2432): clean_cur_cache:962, system(rm -r /data/log/logcache/21821216/* > /dev/null 2>&1)
W/InputDispatcher( 2963): Attempted to unregister already unregistered input channel '434e1360 com.donglivr.vrplayer/org.gameplay3d.GamePlayNativeActivity (server)'
W/[Gralloc-Warning]( 2420): int gralloc_register_buffer(const gralloc_module_t*, buffer_handle_t):66 Registering handle 0xb82e6560 coming from the same process: 2420.
I/HwLauncher( 3386): DynamicIcon onWindowVisibilityChanged 4 - com.android.deskclock
I/HwLauncher( 3386): DynamicUpdater registerReceiver
I/HwSystemManager( 3515): HsmPackageManager:onConfigureChanged: zh_CN
W/Settings( 3330): Setting airplane_mode_on has moved from android.provider.Settings.System to android.provider.Settings.Global, returning read-only value.
W/NavigationBarViewEx( 3116): the revision navigation bar when the gesture status is 1
I/logserver( 2432): Object Path:/data/system/dropbox/, mask=0x00000080
I/logserver( 2432): event->len=48, name=SYSTEM_TOMBSTONE@1461227198111.txt.gz
I/logserver( 2432): find_first_match: find match, plogs(type=1, pfile=/data/system/dropbox/, match=TOMBSTONE)
I/logserver( 2432): is_only_tombstone, tombstone type force close.
W/Settings( 3330): Setting airplane_mode_on has moved from android.provider.Settings.System to android.provider.Settings.Global, returning read-only value.
I/logserver( 2432): move_dir:src_path=/data/log/dbox/appdbg/logcache
I/logserver( 2432): move_dir:dst_path=/data/log/logcache/21821216/
I/logserver( 2432): is_all_ready, any file is ready in non-keyfile exception.
I/logserver( 2432): find_correspond_tombstone, tombs=/data/tombstones/tombstone_05
I/logserver( 2432): extract_appname, forward search, appname=com.donglivr.vrplayer
I/logserver( 2432): is_only_tombstone, tombstone type force close.
I/logserver( 2432): archive_and_send, only tombstone.
I/logserver( 2432): get_fault_appname, appname=com.donglivr.vrplayer
I/logserver( 2432): archive_and_send, pos=0, type=crash, output=20160421162638_tombstone
I/logserver( 2432): ---copy_match_files enter!!--
I/logserver( 2432): [copy_match_files,829]: copy [/data/system/dropbox/SYSTEM_TOMBSTONE@1461227198111.txt.gz] to [/data/log/logcache/21821216/SYSTEM_TOMBSTONE@1461227198111.txt.gz]
I/logserver( 2432): internal_archive, argc=7
I/logserver( 2432): get_fault_appname, appname=com.donglivr.vrplayer
I/logserver( 2432): handle_archive_exception, argc=7
I/logserver( 2432): get alarm time = 124 (sec.)!
I/logserver( 2432): log_apr_add_record open file:/data/log/apr/H60-L02_V100R001CHNC00B317_022TAN147J008292_20151021164431_statistics
I/logserver( 2432): move_input_files, create dir [/data/log/unzip/H60-L02_V100R001CHNC00B317_022TAN147J008292_20160421162638_tombstone]
I/logserver( 2432): copy_file_to_dir, /data/log/logcache/21821216/data_app_native_crash@1461227197911.txt -> /data/log/unzip/H60-L02_V100R001CHNC00B317_022TAN147J008292_20160421162638_tombstone
I/logserver( 2432): copy_file_to_dir, /data/log/logcache/21821216/SYSTEM_TOMBSTONE@1461227198111.txt.gz -> /data/log/unzip/H60-L02_V100R001CHNC00B317_022TAN147J008292_20160421162638_tombstone
I/logserver( 2432): copy_file_to_dir, /data/log/logcache/21821216/finger.txt -> /data/log/unzip/H60-L02_V100R001CHNC00B317_022TAN147J008292_20160421162638_tombstone
I/logserver( 2432): init_notify_fifo, before change /data/log/logcontrol owner
I/logserver( 2432): Process 2586 opening FIFO for O_WRONLY
I/logserver( 2432): Process 2586 opened fifo(20)
I/logserver( 2432): notify_logcontrol, 2586 sent /data/log/unzip/H60-L02_V100R001CHNC00B317_022TAN147J008292_20160421162638_tombstone 
I/logserver( 2432): thread_logcontrol, select ret = 1
I/logserver( 2432): check_dir_size, dir[/data/log/coredump/] doesn't exist
I/logserver( 2432): handle_notify_event, read res = 324, client pid = 2586, data=/data/log/unzip/H60-L02_V100R001CHNC00B317_022TAN147J008292_20160421162638_tombstone
I/logserver( 2432): clean_cur_cache:962, system(rm -r /data/log/logcache/21821216/* > /dev/null 2>&1)
I/logserver( 2432): build_notify_string,ModuleName = com.donglivr.vrplayer
I/logserver( 2432): build_notify_string,product name = H60-L02
I/logserver( 2432): handle_notify_event, send msg [submit:trigger=0,bugtype=12,modulename=com.donglivr.vrplayer,level=1,testtype=NORMAL,path=/data/log/unzip/H60-L02_V100R001CHNC00B317_022TAN147J008292_20160421162638_tombstone;]
I/logserver( 2432): send_to_client, send to (19) res = 175
E/SubmitMessage( 3295): Submit string: submit:trigger=0,bugtype=12,modulename=com.donglivr.vrplayer,level=1,testtype=NORMAL,path=/data/log/unzip/H60-L02_V100R001CHNC00B317_022TAN147J008292_20160421162638_tombstone
I/logserver( 2432): Object Path:/data/log/apr/, mask=0x00000008
I/logserver( 2432): event->len=80, name=H60-L02_V100R001CHNC00B317_022TAN147J008292_20151021164431_statistics
I/logserver( 2432): process_one_event, can not find this event(H60-L02_V100R001CHNC00B317_022TAN147J008292_20151021164431_statistics)
I/logserver( 2432): clean_cur_cache:962, system(rm -r /data/log/logcache/21821216/* > /dev/null 2>&1)
I/HwSystemManager( 3560): HsmPackageManager:onConfigureChanged: zh_CN
I/PanelView( 3116): Configuration orientation changed
I/PanelView( 3116): recycle systemui self's blurwallpaper bitmap
I/InputReader( 2963): Reconfiguring input devices.  changes=0x00000004
I/InputReader( 2963): Device reconfigured: id=2, name='huawei,touchscreen', size 720x1280, orientation 0, mode 1, display id 0
I/HwSystemManager( 3515): HoldService:preHoldShow start!
I/HwSystemManager( 3515): HoldService:The prePermissionType is: 2
I/PanelView( 3116): blurBitmap:android.graphics.Bitmap@44614590
I/PanelView( 3116): scale bitmap
I/HwSystemManager( 3515): HoldService:preHoldShow start!
I/HwSystemManager( 3515): HoldService:The prePermissionType is: 2
I/HwLauncher( 3386): DynamicUpdater call updateFolder
I/HwLauncher( 3386): DynamicIcon onWindowVisibilityChanged 4 - com.android.calendar
I/HwLauncher( 3386): DynamicUpdater registerReceiver
I/HwLauncher( 3386): DynamicUpdater call updateFolder
I/HwLauncher( 3386): DynamicIcon onWindowVisibilityChanged 4 - com.huawei.android.totemweather
I/HwLauncher( 3386): DynamicUpdater registerReceiver
I/HwLauncher( 3386): DynamicUpdater call updateFolder
I/HwLauncher( 3386): WeatherDynamicUpdaterpositiveUpdate at WeatherDynamicUpdater
I/HwSystemManager( 3515): HoldService:preHoldShow start!
I/HwSystemManager( 3515): HoldService:The prePermissionType is: 2
I/HwLauncher( 3386): Launcher onStart()
I/HwLauncher( 3386): Launcher dynamicIconsRegister
I/HwLauncher( 3386): DynamicIcon onResume  isvisible = false   mAttachedToWindow:true    mWindowVisible:falsecom.android.deskclock
I/HwLauncher( 3386): DynamicIcon onResume  isvisible = false   mAttachedToWindow:true    mWindowVisible:falsecom.android.calendar
I/HwLauncher( 3386): DynamicIcon onResume  isvisible = false   mAttachedToWindow:true    mWindowVisible:falsecom.huawei.android.totemweather
I/HwLauncher( 3386): Launcher onResume()
I/HwLauncher( 3386): Launcher doResumeWork()
I/PanelView( 3116): mNotificationPanelBlurBitmap:android.graphics.Bitmap@445eb148
I/HwSystemManager( 3515): HoldService:preHoldShow start!
I/HwSystemManager( 3515): HoldService:The prePermissionType is: 2
I/CoreMap/init( 3116): init toolbox data [["com.android.systemui.statusbar.toolbox.control.WifiTracker","com.android.systemui.statusbar.toolbox.control.LTETracker","com.android.systemui.statusbar.toolbox.control.BluetoothTracker","com.android.systemui.statusbar.toolbox.control.SilentTracker","com.android.systemui.statusbar.toolbox.control.WifiHotspotTracker","com.android.systemui.statusbar.toolbox.control.DataSwitchTracker","com.android.systemui.statusbar.toolbox.control.GPSTracker","com.android.systemui.statusbar.toolbox.control.AirplaneModeTracker","com.android.systemui.statusbar.toolbox.control.BusyModeTracker","com.android.systemui.statusbar.toolbox.control.AutoRotateTracker","com.android.systemui.statusbar.toolbox.control.ScreenshotTracker","com.android.systemui.statusbar.toolbox.control.ScreenLockTracker","com.android.systemui.statusbar.toolbox.control.SingleHandTracker","com.android.systemui.statusbar.toolbox.control.SuspendTasksTracker","com.android.systemui.statusbar.toolbox.control.AirSharingTracker","com.android.systemui.statusbar.toolbox.control.SuperPowerModeTracker","com.android.systemui.statusbar.toolbox.control.FlashlightTracker","com.android.systemui.statusbar.toolbox.control.SyncTracker","com.android.systemui.statusbar.toolbox.control.VolumeTracker","com.android.systemui.statusbar.toolbox.control.PowerRestartTracker","com.android.systemui.statusbar.toolbox.control.PowerOffTracker","com.android.systemui.statusbar.toolbox.control.RogTracker"]]
W/Settings( 3116): Setting airplane_mode_on has moved from android.provider.Settings.System to android.provider.Settings.Global, returning read-only value.
W/Settings( 3116): Setting airplane_mode_on has moved from android.provider.Settings.System to android.provider.Settings.Global, returning read-only value.
W/MotionDetectionManager( 3386): startMotionAppsReco motionApps: 402 disabled
W/HwLauncher( 3386): Launcher.MotionManager failed to start TYPE_SHAKE_CHANGE_WALLPAPER
I/HwLauncher( 3386): Launcher.MotionManager startShakeMotion mIsShakeInHome=true
I/HwSystemManager( 3515): HoldService:preHoldShow start!
I/HwSystemManager( 3515): HoldService:The prePermissionType is: 2
I/CoreMap/init( 3116): Current is not the first time init toolbox, load from SharedPreferences
I/CoreMap/init( 3116): custSha1Digest = -123-9563-20120-118-103-10591-8-78-4954-84114-11535-1227092
I/CoreMap/init( 3116): currentSha1Diget = -123-9563-20120-118-103-10591-8-78-4954-84114-11535-1227092
I/CoreMap/init( 3116): needReadCustFile = false
I/HwSystemManager( 3515): HoldService:preHoldShow start!
I/HwSystemManager( 3515): HoldService:The prePermissionType is: 2
W/MotionDetectionManager( 3386): startMotionAppsReco motionApps: 404 disabled
W/HwLauncher( 3386): Launcher.MotionManager failed to start TYPE_SHAKE_START_PRIVACY
I/HwLauncher( 3386): Launcher changeNaviBarStatus
W/HwLauncher( 3386): Launcher  updateMarginLayoutParamsForView:the target view is null.
I/HwLauncher( 3386): Launcher  onResume mIsToUninstallApp = false
I/HwLauncher( 3386): DynamicIcon onVisibilityChanged 0 - com.android.deskclock
I/HwLauncher( 3386): DynamicIcon onVisibilityChanged 0 - com.android.calendar
I/HwLauncher( 3386): DynamicIcon onVisibilityChanged 0 - com.huawei.android.totemweather
I/HwLauncher( 3386): Model  onReceive intent=Intent { act=android.intent.action.CONFIGURATION_CHANGED flg=0x70000010 }
I/HwLauncher( 3386): Launcher.Settings  updateIconTitleSize fontSize = 13.0
I/HwLauncher( 3386): DynamicIcon onWindowVisibilityChanged 0 - com.android.deskclock
I/HwLauncher( 3386): DynamicIcon onWindowVisibilityChanged 0 - com.android.calendar
I/HwLauncher( 3386): DynamicIcon onWindowVisibilityChanged 0 - com.huawei.android.totemweather
E/NavigationBarViewExControl( 3116): resetPosition Exception e=null
I/HwLauncher( 3386): WeatherDynamicUpdaterreceive action = com.huawei.android.action.launcher_weather_icon_change
I/HwLauncher( 3386): WeatherDynamicUpdaterreceiver data is int[] = [0, 0, 52, 0, 96, 0, 140, 0]
I/HwLauncher( 3386):  stringArray[] [sunny, num3, num1, tempc]
W/Binder  ( 3234): Caught a RuntimeException from the binder stub implementation.
W/Binder  ( 3234): java.lang.NullPointerException
W/Binder  ( 3234): 	at android.inputmethodservice.IInputMethodWrapper.setSessionEnabled(IInputMethodWrapper.java:280)
W/Binder  ( 3234): 	at com.android.internal.view.IInputMethod$Stub.onTransact(IInputMethod.java:129)
W/Binder  ( 3234): 	at android.os.Binder.execTransact(Binder.java:404)
W/Binder  ( 3234): 	at dalvik.system.NativeStart.run(Native Method)
W/System.err( 3234): java.lang.NullPointerException
W/System.err( 3234): 	at android.inputmethodservice.IInputMethodWrapper.setSessionEnabled(IInputMethodWrapper.java:280)
W/System.err( 3234): 	at com.android.internal.view.IInputMethod$Stub.onTransact(IInputMethod.java:129)
W/System.err( 3234): 	at android.os.Binder.execTransact(Binder.java:404)
W/System.err( 3234): 	at dalvik.system.NativeStart.run(Native Method)
I/PhoneStatusBar( 3116): hw_status_bar_operators = false, setSystemUIVisibily(SHOW_OPERATOR = false)
I/HwSystemManager( 3515): HoldService:preHoldShow start!
I/HwSystemManager( 3515): HoldService:The prePermissionType is: 2
I/HwSystemManager( 3515): HoldService:preHoldShow start!
I/HwSystemManager( 3515): HoldService:The prePermissionType is: 2
I/HwSystemManager( 3515): HoldService:preHoldShow start!
I/HwSystemManager( 3515): HoldService:The prePermissionType is: 2
I/HwSystemManager( 3515): HoldService:preHoldShow start!
I/HwSystemManager( 3515): HoldService:The prePermissionType is: 2
I/HwSystemManager( 3515): HoldService:preHoldShow start!
I/HwSystemManager( 3515): HoldService:The prePermissionType is: 2
I/HwSystemManager( 3515): HoldService:preHoldShow start!
I/HwSystemManager( 3515): HoldService:The prePermissionType is: 2
I/LogServiceSetting( 3295): checkMemorydumpByPath: filePath is /storage/emulated/legacy/bugreports/ramdump
I/LogServiceSetting( 3295): CheckMemorydumpByPath: /storage/emulated/legacy/bugreports/ramdumpis not exist.
I/LogServiceSetting( 3295): checkMemorydumpByPath: filePath is /storage/sdcard1/bugreports/ramdump
I/LogServiceSetting( 3295): CheckMemorydumpByPath: /storage/sdcard1/bugreports/ramdumpis not exist.
I/HwSystemManager( 3515): HoldService:preHoldShow start!
I/HwSystemManager( 3515): HoldService:The prePermissionType is: 2
I/HwSystemManager( 3515): HoldService:preHoldShow start!
I/HwSystemManager( 3515): HoldService:The prePermissionType is: 2
I/PackageLogInfoManager( 3295): checkPackageLogState
E/PackageLogInfoManager( 3295): checkPackageLogState, cr: android.app.ContextImpl$ApplicationContentResolver@42759e38, packageNames: null
I/HwSystemManager( 3515): HoldService:preHoldShow start!
I/HwSystemManager( 3515): HoldService:The prePermissionType is: 2
I/wpa_supplicant( 3938): wlan0: HEART-BEAT-ACK: 5
I/HwSystemManager( 3515): HoldService:preHoldShow start!
I/HwSystemManager( 3515): HoldService:The prePermissionType is: 2
I/HwSystemManager( 3515): HoldService:preHoldShow start!
I/HwSystemManager( 3515): HoldService:The prePermissionType is: 2
I/HwSystemManager( 3515): HoldService:preHoldShow start!
I/HwSystemManager( 3515): HoldService:The prePermissionType is: 2
I/HwSystemManager( 3515): HoldService:preHoldShow start!
I/HwSystemManager( 3515): HoldService:The prePermissionType is: 1
I/CAPALiteReceiver( 3338): USER STATE: STATIONARY SUB STATE: UNKNOWN
I/HwSystemManager( 3515): HoldService:preHoldShow start!
I/HwSystemManager( 3515): HoldService:The prePermissionType is: 1
I/HwSystemManager( 3515): HoldService:preHoldShow start!
I/HwSystemManager( 3515): HoldService:The prePermissionType is: 1
I/HwSystemManager( 3515): HoldService:preHoldShow start!
I/HwSystemManager( 3515): HoldService:The prePermissionType is: 1
I/HwSystemManager( 3515): HoldService:preHoldShow start!
I/HwSystemManager( 3515): HoldService:The prePermissionType is: 1
I/HwSystemManager( 3515): HoldService:preHoldShow start!
I/HwSystemManager( 3515): HoldService:The prePermissionType is: 2
I/HwSystemManager( 3515): HoldService:preHoldShow start!
I/HwSystemManager( 3515): HoldService:The prePermissionType is: 2
I/HwSystemManager( 3515): HoldService:preHoldShow start!
I/HwSystemManager( 3515): HoldService:The prePermissionType is: 2
I/HwSystemManager( 3515): HoldService:preHoldShow start!
I/HwSystemManager( 3515): HoldService:The prePermissionType is: 2
I/HwSystemManager( 3515): HoldService:preHoldShow start!
I/HwSystemManager( 3515): HoldService:The prePermissionType is: 2
I/HwSystemManager( 3515): HoldService:preHoldShow start!
I/HwSystemManager( 3515): HoldService:The prePermissionType is: 2
I/HwSystemManager( 3515): HoldService:preHoldShow start!
I/HwSystemManager( 3515): HoldService:The prePermissionType is: 2
I/HwSystemManager( 3515): HoldService:preHoldShow start!
I/HwSystemManager( 3515): HoldService:The prePermissionType is: 2
I/HwSystemManager( 3515): HoldService:preHoldShow start!
I/HwSystemManager( 3515): HoldService:The prePermissionType is: 2
I/HwSystemManager( 3515): HoldService:preHoldShow start!
I/HwSystemManager( 3515): HoldService:The prePermissionType is: 2
I/HwSystemManager( 3515): HoldService:preHoldShow start!
I/HwSystemManager( 3515): HoldService:The prePermissionType is: 2
I/HwSystemManager( 3515): HoldService:preHoldShow start!
I/HwSystemManager( 3515): HoldService:The prePermissionType is: 2
I/HwSystemManager( 3515): HoldService:preHoldShow start!
I/HwSystemManager( 3515): HoldService:The prePermissionType is: 1
I/HwSystemManager( 3515): HoldService:preHoldShow start!
I/HwSystemManager( 3515): HoldService:The prePermissionType is: 1
I/HwSystemManager( 3515): HoldService:preHoldShow start!
I/HwSystemManager( 3515): HoldService:The prePermissionType is: 2
I/HwSystemManager( 3515): HoldService:preHoldShow start!
I/HwSystemManager( 3515): HoldService:The prePermissionType is: 2
I/HwSystemManager( 3515): HoldService:preHoldShow start!
I/HwSystemManager( 3515): HoldService:The prePermissionType is: 2
I/HwSystemManager( 3515): HoldService:preHoldShow start!
I/HwSystemManager( 3515): HoldService:The prePermissionType is: 2
I/HwSystemManager( 3515): HoldService:preHoldShow start!
I/HwSystemManager( 3515): HoldService:The prePermissionType is: 2
I/HwSystemManager( 3515): HoldService:preHoldShow start!
I/HwSystemManager( 3515): HoldService:The prePermissionType is: 2
I/HwSystemManager( 3515): HoldService:preHoldShow start!
I/HwSystemManager( 3515): HoldService:The prePermissionType is: 2
I/HwSystemManager( 3515): HoldService:preHoldShow start!
I/HwSystemManager( 3515): HoldService:The prePermissionType is: 2
I/HwSystemManager( 3515): HoldService:preHoldShow start!
I/HwSystemManager( 3515): HoldService:The prePermissionType is: 2
I/HwSystemManager( 3515): HoldService:preHoldShow start!
I/HwSystemManager( 3515): HoldService:The prePermissionType is: 2
I/HwSystemManager( 3515): HoldService:preHoldShow start!
I/HwSystemManager( 3515): HoldService:The prePermissionType is: 2
I/HwSystemManager( 3515): HoldService:preHoldShow start!
I/HwSystemManager( 3515): HoldService:The prePermissionType is: 2
I/HwSystemManager( 3515): HoldService:preHoldShow start!
I/HwSystemManager( 3515): HoldService:The prePermissionType is: 1
I/HwSystemManager( 3515): HoldService:preHoldShow start!
I/HwSystemManager( 3515): HoldService:The prePermissionType is: 1
I/HwSystemManager( 3515): HoldService:preHoldShow start!
I/HwSystemManager( 3515): HoldService:The prePermissionType is: 2
I/HwSystemManager( 3515): HoldService:preHoldShow start!
I/HwSystemManager( 3515): HoldService:The prePermissionType is: 2
I/HwSystemManager( 3515): HoldService:preHoldShow start!
I/HwSystemManager( 3515): HoldService:The prePermissionType is: 2
I/HwSystemManager( 3515): HoldService:preHoldShow start!
I/HwSystemManager( 3515): HoldService:The prePermissionType is: 2
I/HwSystemManager( 3515): HoldService:preHoldShow start!
I/HwSystemManager( 3515): HoldService:The prePermissionType is: 2
I/HwSystemManager( 3515): HoldService:preHoldShow start!
I/HwSystemManager( 3515): HoldService:The prePermissionType is: 2
I/ActivityManager( 2963): filter receiver for action = android.intent.action.MEDIA_SCANNER_FINISHED
I/HwEmailTag( 4145): EmailProvider->query->Query: content://com.android.email.provider/account; start:1461227200473; consuming:2ms;ms;avg:69.44444444444444ms; max:1958ms; counter:90
I/HwSystemManager( 3515): HoldService:preHoldShow start!
I/HwSystemManager( 3515): HoldService:The prePermissionType is: 1
I/ActivityManager( 2963): filter receiver for action = android.intent.action.MEDIA_SCANNER_STARTED
I/HwEmailTag( 4145): EmailProvider->query->Query: content://com.android.email.provider/account/accountPreferenceName; start:1461227200483; consuming:3ms;ms;avg:68.71428571428571ms; max:1958ms; counter:91
I/HWSERVICES( 3214): hwnative_get_component  comes...
I/StagefrightMediaScannerEx( 3214): StagefrightMediaScanner Constructor
W/MediaScannerService( 3214): scanDirectories
I/AndroidRuntime( 5224): VM exiting with result code 0, cleanup skipped.
I/HwSystemManager( 3515): HoldService:preHoldShow start!
I/HwSystemManager( 3515): HoldService:The prePermissionType is: 1
I/HwSystemManager( 3515): HoldService:preHoldShow start!
I/HwSystemManager( 3515): HoldService:The prePermissionType is: 1
I/HwSystemManager( 3515): HoldService:preHoldShow start!
I/HwSystemManager( 3515): HoldService:The prePermissionType is: 1
I/HwSystemManager( 3515): HoldService:preHoldShow start!
I/HwSystemManager( 3515): HoldService:The prePermissionType is: 2
I/HwSystemManager( 3515): HoldService:preHoldShow start!
I/HwSystemManager( 3515): HoldService:The prePermissionType is: 2
I/HwSystemManager( 3515): HoldService:preHoldShow start!
I/HwSystemManager( 3515): HoldService:The prePermissionType is: 2
I/HwSystemManager( 3515): HoldService:preHoldShow start!
I/HwSystemManager( 3515): HoldService:The prePermissionType is: 2
I/HwSystemManager( 3515): HoldService:preHoldShow start!
I/HwSystemManager( 3515): HoldService:The prePermissionType is: 2
I/HwSystemManager( 3515): HoldService:preHoldShow start!
I/HwSystemManager( 3515): HoldService:The prePermissionType is: 2
I/HwSystemManager( 3515): HoldService:preHoldShow start!
I/HwSystemManager( 3515): HoldService:The prePermissionType is: 1
I/HwSystemManager( 3515): HoldService:preHoldShow start!
I/HwSystemManager( 3515): HoldService:The prePermissionType is: 1
I/HwSystemManager( 3515): HoldService:preHoldShow start!
I/HwSystemManager( 3515): HoldService:The prePermissionType is: 1
I/HwSystemManager( 3515): HoldService:preHoldShow start!
I/HwSystemManager( 3515): HoldService:The prePermissionType is: 1
I/HwSystemManager( 3515): HoldService:preHoldShow start!
I/HwSystemManager( 3515): HoldService:The prePermissionType is: 1
I/ActivityManager( 2963): filter receiver for action = android.intent.action.MEDIA_SCANNER_FINISHED
I/HwSystemManager( 3515): HoldService:preHoldShow start!
I/HwSystemManager( 3515): HoldService:The prePermissionType is: 1
I/HwEmailTag( 4145): EmailProvider->query->Query: content://com.android.email.provider/account; start:1461227201461; consuming:2ms;ms;avg:67.98913043478261ms; max:1958ms; counter:92
I/HwEmailTag( 4145): EmailProvider->query->Query: content://com.android.email.provider/account/accountPreferenceName; start:1461227201476; consuming:2ms;ms;avg:67.27956989247312ms; max:1958ms; counter:93
I/ActivityManager( 2963): filter receiver for action = android.intent.action.MEDIA_SCANNER_STARTED
I/HWSERVICES( 3214): hwnative_get_component  comes...
I/StagefrightMediaScannerEx( 3214): StagefrightMediaScanner Constructor
I/dalvikvm( 6588): Enabling JNI app bug workarounds for target SDK version 9...
I/HwSystemManager( 3515): HoldService:preHoldShow start!
I/HwSystemManager( 3515): HoldService:The prePermissionType is: 1
I/HwSystemManager( 3515): HoldService:preHoldShow start!
I/HwSystemManager( 3515): HoldService:The prePermissionType is: 1
W/System.err( 3330): java.lang.SecurityException: No permission to write APN settings: Neither user 10022 nor current process has android.permission.WRITE_APN_SETTINGS.
W/System.err( 3330): 	at android.app.ContextImpl.enforce(ContextImpl.java:1775)
W/System.err( 3330): 	at android.app.ContextImpl.enforceCallingOrSelfPermission(ContextImpl.java:1804)
W/System.err( 3330): 	at com.android.providers.telephony.TelephonyProvider.checkPermission(TelephonyProvider.java:1984)
W/System.err( 3330): 	at com.android.providers.telephony.TelephonyProvider.query(TelephonyProvider.java:1558)
W/System.err( 3330): 	at android.content.ContentProvider.query(ContentProvider.java:857)
W/System.err( 3330): 	at android.content.ContentProvider$Transport.query(ContentProvider.java:200)
W/System.err( 3330): 	at android.content.ContentProviderNative.onTransact(ContentProviderNative.java:112)
W/System.err( 3330): 	at android.os.Binder.execTransact(Binder.java:404)
W/System.err( 3330): 	at dalvik.system.NativeStart.run(Native Method)
E/DatabaseUtils( 3330): Writing exception to parcel
E/DatabaseUtils( 3330): java.lang.SecurityException: No permission to write APN settings: Neither user 10022 nor current process has android.permission.WRITE_APN_SETTINGS.
E/DatabaseUtils( 3330): 	at android.app.ContextImpl.enforce(ContextImpl.java:1775)
E/DatabaseUtils( 3330): 	at android.app.ContextImpl.enforceCallingOrSelfPermission(ContextImpl.java:1804)
E/DatabaseUtils( 3330): 	at com.android.providers.telephony.TelephonyProvider.checkPermission(TelephonyProvider.java:1984)
E/DatabaseUtils( 3330): 	at com.android.providers.telephony.TelephonyProvider.query(TelephonyProvider.java:1558)
E/DatabaseUtils( 3330): 	at android.content.ContentProvider.query(ContentProvider.java:857)
E/DatabaseUtils( 3330): 	at android.content.ContentProvider$Transport.query(ContentProvider.java:200)
E/DatabaseUtils( 3330): 	at android.content.ContentProviderNative.onTransact(ContentProviderNative.java:112)
E/DatabaseUtils( 3330): 	at android.os.Binder.execTransact(Binder.java:404)
E/DatabaseUtils( 3330): 	at dalvik.system.NativeStart.run(Native Method)
I/HwSystemManager( 3515): HoldService:preHoldShow start!
I/HwSystemManager( 3515): HoldService:The prePermissionType is: 1
I/HwSystemManager( 3515): HoldService:preHoldShow start!
I/HwSystemManager( 3515): HoldService:The prePermissionType is: 1
I/AndroidRuntime( 6588): VM exiting with result code 0, cleanup skipped.
I/HwSystemManager( 3515): HoldService:preHoldShow start!
I/HwSystemManager( 3515): HoldService:The prePermissionType is: 1
I/HwSystemManager( 3515): HoldService:preHoldShow start!
I/HwSystemManager( 3515): HoldService:The prePermissionType is: 1
I/HwSystemManager( 3515): HoldService:preHoldShow start!
I/HwSystemManager( 3515): HoldService:The prePermissionType is: 2
I/HwSystemManager( 3515): HoldService:preHoldShow start!
I/HwSystemManager( 3515): HoldService:The prePermissionType is: 2
I/HwSystemManager( 3515): HoldService:preHoldShow start!
I/HwSystemManager( 3515): HoldService:The prePermissionType is: 2
I/HwSystemManager( 3515): HoldService:preHoldShow start!
I/HwSystemManager( 3515): HoldService:The prePermissionType is: 2
I/HwSystemManager( 3515): HoldService:preHoldShow start!
I/HwSystemManager( 3515): HoldService:The prePermissionType is: 2
I/HwSystemManager( 3515): HoldService:preHoldShow start!
I/HwSystemManager( 3515): HoldService:The prePermissionType is: 2
I/HwSystemManager( 3515): HoldService:preHoldShow start!
I/HwSystemManager( 3515): HoldService:The prePermissionType is: 1
I/HwSystemManager( 3515): HoldService:preHoldShow start!
I/HwSystemManager( 3515): HoldService:The prePermissionType is: 1
I/HwSystemManager( 3515): HoldService:preHoldShow start!
I/HwSystemManager( 3515): HoldService:The prePermissionType is: 2
I/HwSystemManager( 3515): HoldService:preHoldShow start!
I/HwSystemManager( 3515): HoldService:The prePermissionType is: 2
I/HwSystemManager( 3515): HoldService:preHoldShow start!
I/HwSystemManager( 3515): HoldService:The prePermissionType is: 2
I/HwSystemManager( 3515): HoldService:preHoldShow start!
I/HwSystemManager( 3515): HoldService:The prePermissionType is: 2
I/HwSystemManager( 3515): HoldService:preHoldShow start!
I/HwSystemManager( 3515): HoldService:The prePermissionType is: 2
I/HwSystemManager( 3515): HoldService:preHoldShow start!
I/HwSystemManager( 3515): HoldService:The prePermissionType is: 2
I/HwSystemManager( 3515): HoldService:preHoldShow start!
I/HwSystemManager( 3515): HoldService:The prePermissionType is: 2
I/HwSystemManager( 3515): HoldService:preHoldShow start!
I/HwSystemManager( 3515): HoldService:The prePermissionType is: 2
I/HwSystemManager( 3515): HoldService:preHoldShow start!
I/HwSystemManager( 3515): HoldService:The prePermissionType is: 2
I/HwSystemManager( 3515): HoldService:preHoldShow start!
I/HwSystemManager( 3515): HoldService:The prePermissionType is: 2
I/HwSystemManager( 3515): HoldService:preHoldShow start!
I/HwSystemManager( 3515): HoldService:The prePermissionType is: 2
I/HwSystemManager( 3515): HoldService:preHoldShow start!
I/HwSystemManager( 3515): HoldService:The prePermissionType is: 2
I/HwSystemManager( 3515): HoldService:preHoldShow start!
I/HwSystemManager( 3515): HoldService:The prePermissionType is: 1
I/HwSystemManager( 3515): HoldService:preHoldShow start!
I/HwSystemManager( 3515): HoldService:The prePermissionType is: 1
I/StagefrightMediaScannerEx( 3214): StagefrightMediaScanner destructor
I/StagefrightMediaScannerEx( 3214): StagefrightMediaScanner destructor
I/HwSystemManager( 3515): HoldService:preHoldShow start!
I/HwSystemManager( 3515): HoldService:The prePermissionType is: 1
I/ActivityManager( 2963): filter receiver for action = com.tencent.mobileqq.broadcast.qq
I/AutoMonitor( 4213): onActivityCreatemqq.app.QQBroadcastReceiver@4297d8b8
I/AutoMonitor( 4213): onActivityCreate201, 3
I/HwSystemManager( 3515): HoldService:preHoldShow start!
I/HwSystemManager( 3515): HoldService:The prePermissionType is: 1
I/Theme.ThemeUtil( 4213): initTheme theme currentThemeResPath:null
I/HwSystemManager( 3515): HoldService:preHoldShow start!
I/HwSystemManager( 3515): HoldService:The prePermissionType is: 1
I/HwSystemManager( 3515): HoldService:preHoldShow start!
I/HwSystemManager( 3515): HoldService:The prePermissionType is: 2
W/HwSystemManager( 3515): HoldService:showToast return because the blocked app is not foreground!
I/HwSystemManager( 3515): HoldService:preHoldShow start!
I/HwSystemManager( 3515): HoldService:The prePermissionType is: 2
I/HwSystemManager( 3515): HoldService:preHoldShow start!
I/HwSystemManager( 3515): HoldService:The prePermissionType is: 2
I/HwSystemManager( 3515): HoldService:preHoldShow start!
I/HwSystemManager( 3515): HoldService:The prePermissionType is: 2
I/HwSystemManager( 3515): HoldService:preHoldShow start!
I/HwSystemManager( 3515): HoldService:The prePermissionType is: 2
I/HwSystemManager( 3515): HoldService:preHoldShow start!
I/HwSystemManager( 3515): HoldService:The prePermissionType is: 2
I/HwSystemManager( 3515): HoldService:preHoldShow start!
I/HwSystemManager( 3515): HoldService:The prePermissionType is: 1
I/HwSystemManager( 3515): HoldService:preHoldShow start!
I/HwSystemManager( 3515): HoldService:The prePermissionType is: 1
I/HwSystemManager( 3515): HoldService:preHoldShow start!
I/HwSystemManager( 3515): HoldService:The prePermissionType is: 1
I/HwSystemManager( 3515): HoldService:preHoldShow start!
I/HwSystemManager( 3515): HoldService:The prePermissionType is: 2
I/HwSystemManager( 3515): HoldService:preHoldShow start!
I/HwSystemManager( 3515): HoldService:The prePermissionType is: 2
I/HwSystemManager( 3515): HoldService:preHoldShow start!
I/HwSystemManager( 3515): HoldService:The prePermissionType is: 2
I/HwSystemManager( 3515): HoldService:preHoldShow start!
I/HwSystemManager( 3515): HoldService:The prePermissionType is: 2
I/HwSystemManager( 3515): HoldService:preHoldShow start!
I/HwSystemManager( 3515): HoldService:The prePermissionType is: 2
I/HwSystemManager( 3515): HoldService:preHoldShow start!
I/HwSystemManager( 3515): HoldService:The prePermissionType is: 2
I/HwSystemManager( 3515): HoldService:preHoldShow start!
I/HwSystemManager( 3515): HoldService:The prePermissionType is: 2
I/HwSystemManager( 3515): HoldService:preHoldShow start!
I/HwSystemManager( 3515): HoldService:The prePermissionType is: 2
I/HwSystemManager( 3515): HoldService:preHoldShow start!
I/HwSystemManager( 3515): HoldService:The prePermissionType is: 2
I/HwSystemManager( 3515): HoldService:preHoldShow start!
I/HwSystemManager( 3515): HoldService:The prePermissionType is: 2
I/HwSystemManager( 3515): HoldService:preHoldShow start!
I/HwSystemManager( 3515): HoldService:The prePermissionType is: 2
I/HwSystemManager( 3515): HoldService:preHoldShow start!
I/HwSystemManager( 3515): HoldService:The prePermissionType is: 2
E/SQLiteLog( 4213): (1) no such table: mr_friend_0197FCD95060131D9BC5E564F842ED53_New
E/SQLiteLog( 4213): (1) no such table: mr_friend_966BC24F56AB8397AB2303E8E4CDB4C7_New
I/HwSystemManager( 3515): HoldService:preHoldShow start!
I/HwSystemManager( 3515): HoldService:The prePermissionType is: 2
I/HwSystemManager( 3515): HoldService:preHoldShow start!
I/HwSystemManager( 3515): HoldService:The prePermissionType is: 2
I/HwSystemManager( 3515): HoldService:preHoldShow start!
I/HwSystemManager( 3515): HoldService:The prePermissionType is: 2
I/HwSystemManager( 3515): HoldService:preHoldShow start!
I/HwSystemManager( 3515): HoldService:The prePermissionType is: 2
I/HwSystemManager( 3515): HoldService:preHoldShow start!
I/HwSystemManager( 3515): HoldService:The prePermissionType is: 2
I/HwSystemManager( 3515): HoldService:preHoldShow start!
I/HwSystemManager( 3515): HoldService:The prePermissionType is: 2
I/HwSystemManager( 3515): HoldService:preHoldShow start!
I/HwSystemManager( 3515): HoldService:The prePermissionType is: 1
I/HwSystemManager( 3515): HoldService:preHoldShow start!
I/HwSystemManager( 3515): HoldService:The prePermissionType is: 1
I/HwSystemManager( 3515): HoldService:preHoldShow start!
I/HwSystemManager( 3515): HoldService:The prePermissionType is: 1
I/HwSystemManager( 3515): HoldService:preHoldShow start!
I/HwSystemManager( 3515): HoldService:The prePermissionType is: 1
I/HwSystemManager( 3515): HoldService:preHoldShow start!
I/HwSystemManager( 3515): HoldService:The prePermissionType is: 1
I/HwSystemManager( 3515): HoldService:preHoldShow start!
