I/HwSystemManager( 3515): HoldService:preHoldShow start!
I/HwSystemManager( 3515): HoldService:The prePermissionType is: 2
I/HwSystemManager( 3515): HoldService:preHoldShow start!
I/HwSystemManager( 3515): HoldService:The prePermissionType is: 2
I/HwSystemManager( 3515): HoldService:preHoldShow start!
I/HwSystemManager( 3515): HoldService:The prePermissionType is: 2
I/HwSystemManager( 3515): HoldService:preHoldShow start!
I/HwSystemManager( 3515): HoldService:The prePermissionType is: 2
I/HwSystemManager( 3515): HoldService:preHoldShow start!
I/HwSystemManager( 3515): HoldService:The prePermissionType is: 2
I/HwSystemManager( 3515): HoldService:preHoldShow start!
I/HwSystemManager( 3515): HoldService:The prePermissionType is: 2
W/Settings( 4096): Setting airplane_mode_on has moved from android.provider.Settings.System to android.provider.Settings.Global, returning read-only value.
I/HwSystemManager( 3515): HoldService:preHoldShow start!
I/HwSystemManager( 3515): HoldService:The prePermissionType is: 2
W/beacon  ( 4096): onUserAction return false, because eventName:[loadSoNew] is not allowed in server strategy!
W/Settings( 4096): Setting airplane_mode_on has moved from android.provider.Settings.System to android.provider.Settings.Global, returning read-only value.
W/beacon  ( 4096): onUserAction return false, because eventName:[loadSoOld] is not allowed in server strategy!
W/Settings( 4096): Setting airplane_mode_on has moved from android.provider.Settings.System to android.provider.Settings.Global, returning read-only value.
W/beacon  ( 4096): onUserAction return false, because eventName:[actSosoRawData] is not allowed in server strategy!
W/beacon  ( 4096): onUserAction return false, because eventName:[dim.Msf.PushRecvEvent] is not allowed in server strategy!
I/HwSystemManager( 3515): HoldService:preHoldShow start!
I/HwSystemManager( 3515): HoldService:The prePermissionType is: 2
I/HwSystemManager( 3515): HoldService:preHoldShow start!
I/HwSystemManager( 3515): HoldService:The prePermissionType is: 2
I/HwSystemManager( 3515): HoldService:preHoldShow start!
I/HwSystemManager( 3515): HoldService:The prePermissionType is: 2
I/HwSystemManager( 3515): HoldService:preHoldShow start!
I/HwSystemManager( 3515): HoldService:The prePermissionType is: 2
I/HwSystemManager( 3515): HoldService:preHoldShow start!
I/HwSystemManager( 3515): HoldService:The prePermissionType is: 2
I/HwSystemManager( 3515): HoldService:preHoldShow start!
I/HwSystemManager( 3515): HoldService:The prePermissionType is: 2
I/HwSystemManager( 3515): HoldService:preHoldShow start!
I/HwSystemManager( 3515): HoldService:The prePermissionType is: 2
I/HwSystemManager( 3515): HoldService:preHoldShow start!
I/HwSystemManager( 3515): HoldService:The prePermissionType is: 2
I/HwSystemManager( 3515): HoldService:preHoldShow start!
I/HwSystemManager( 3515): HoldService:The prePermissionType is: 2
E/Thermal-daemon( 2430): [flash_led] temp_new :40  temp_old :39
E/Thermal-daemon( 2430): Report temperature: [flash_led] temp :40  report_threshold:1
I/HwSystemManager( 3515): HoldService:preHoldShow start!
I/HwSystemManager( 3515): HoldService:The prePermissionType is: 2
I/HwSystemManager( 3515): HoldService:preHoldShow start!
I/HwSystemManager( 3515): HoldService:The prePermissionType is: 2
I/HwSystemManager( 3515): HoldService:preHoldShow start!
I/HwSystemManager( 3515): HoldService:The prePermissionType is: 2
I/HwSystemManager( 3515): HoldService:preHoldShow start!
I/HwSystemManager( 3515): HoldService:The prePermissionType is: 2
I/HwSystemManager( 3515): HoldService:preHoldShow start!
I/HwSystemManager( 3515): HoldService:The prePermissionType is: 2
I/HwSystemManager( 3515): HoldService:preHoldShow start!
I/HwSystemManager( 3515): HoldService:The prePermissionType is: 2
I/HwSystemManager( 3515): HoldService:preHoldShow start!
I/HwSystemManager( 3515): HoldService:The prePermissionType is: 2
I/HwSystemManager( 3515): HoldService:preHoldShow start!
I/HwSystemManager( 3515): HoldService:The prePermissionType is: 2
I/HwSystemManager( 3515): HoldService:preHoldShow start!
I/HwSystemManager( 3515): HoldService:The prePermissionType is: 2
I/HwSystemManager( 3515): HoldService:preHoldShow start!
I/HwSystemManager( 3515): HoldService:The prePermissionType is: 2
I/HwSystemManager( 3515): HoldService:preHoldShow start!
I/HwSystemManager( 3515): HoldService:The prePermissionType is: 2
I/System.out( 4213): getHotChatPkConfigs
W/System.err( 4213): org.json.JSONException: End of input at character 0 of 
I/System.out( 4213): getGeneralConfigs
I/HwSystemManager( 3515): HoldService:preHoldShow start!
I/HwSystemManager( 3515): HoldService:The prePermissionType is: 2
W/System.err( 4213): 	at org.json.JSONTokener.syntaxError(JSONTokener.java:450)
W/System.err( 4213): 	at org.json.JSONTokener.nextValue(JSONTokener.java:97)
W/System.err( 4213): 	at org.json.JSONObject.<init>(JSONObject.java:155)
W/System.err( 4213): 	at org.json.JSONObject.<init>(JSONObject.java:172)
W/System.err( 4213): 	at com.tencent.mobileqq.app.PhoneUnityVersionInfo.a(ProGuard:45)
W/System.err( 4213): 	at com.tencent.mobileqq.app.PhoneUnityManager.a(ProGuard:332)
W/System.err( 4213): 	at com.tencent.mobileqq.app.PhoneUnityManager.c(ProGuard:228)
W/System.err( 4213): 	at com.tencent.mobileqq.app.PhoneUnityManager.a(ProGuard:44)
W/System.err( 4213): 	at mzj.run(ProGuard:203)
W/System.err( 4213): 	at mqq.os.MqqHandler.handleCallback(MqqHandler.java:322)
W/System.err( 4213): 	at mqq.os.MqqHandler.dispatchMessage(MqqHandler.java:89)
W/System.err( 4213): 	at mqq.os.MqqHandler$NativeHandler.dispatchMessage(MqqHandler.java:335)
W/System.err( 4213): 	at android.os.Looper.loop(Looper.java:136)
W/System.err( 4213): 	at android.os.HandlerThread.run(HandlerThread.java:61)
W/System.err( 4213): org.json.JSONException: End of input at character 0 of 
W/System.err( 4213): 	at org.json.JSONTokener.syntaxError(JSONTokener.java:450)
W/System.err( 4213): 	at org.json.JSONTokener.nextValue(JSONTokener.java:97)
W/System.err( 4213): 	at org.json.JSONObject.<init>(JSONObject.java:155)
W/System.err( 4213): 	at org.json.JSONObject.<init>(JSONObject.java:172)
W/System.err( 4213): 	at com.tencent.mobileqq.app.PhoneUnityVersionInfo.a(ProGuard:45)
W/System.err( 4213): 	at com.tencent.mobileqq.app.PhoneUnityManager.a(ProGuard:332)
W/System.err( 4213): 	at com.tencent.mobileqq.app.PhoneUnityManager.a(ProGuard:348)
W/System.err( 4213): 	at com.tencent.mobileqq.config.splashlogo.ConfigServlet.onSend(ProGuard:2769)
W/System.err( 4213): 	at mqq.app.MSFServlet.service(MSFServlet.java:62)
W/System.err( 4213): 	at mqq.app.ServletContainer$1.run(ServletContainer.java:51)
W/System.err( 4213): 	at mqq.app.ServletContainer.forward(ServletContainer.java:63)
W/System.err( 4213): 	at mqq.app.AppRuntime.startServlet(AppRuntime.java:429)
W/System.err( 4213): 	at com.tencent.mobileqq.config.splashlogo.ConfigServlet.a(ProGuard:3015)
W/System.err( 4213): 	at com.tencent.mobileqq.config.splashlogo.ConfigServlet.a(ProGuard:3006)
W/System.err( 4213): 	at com.tencent.mobileqq.config.splashlogo.ConfigServlet.k(ProGuard:3109)
W/System.err( 4213): 	at com.tencent.mobileqq.app.automator.step.GetSplashConfig.a(ProGuard:29)
W/System.err( 4213): 	at com.tencent.mobileqq.app.automator.AsyncStep.run(ProGuard:52)
W/System.err( 4213): 	at java.util.concurrent.ThreadPoolExecutor.runWorker(ThreadPoolExecutor.java:1112)
W/System.err( 4213): 	at java.util.concurrent.ThreadPoolExecutor$Worker.run(ThreadPoolExecutor.java:587)
W/System.err( 4213): 	at java.lang.Thread.run(Thread.java:841)
I/HwSystemManager( 3515): HoldService:preHoldShow start!
I/HwSystemManager( 3515): HoldService:The prePermissionType is: 2
I/HwSystemManager( 3515): HoldService:preHoldShow start!
I/HwSystemManager( 3515): HoldService:The prePermissionType is: 2
E/Thermal-daemon( 2430): [ap] temp_new :46  temp_old :45
E/Thermal-daemon( 2430): Report temperature: [ap] temp :46  report_threshold:1
I/HwSystemManager( 3515): HoldService:preHoldShow start!
I/HwSystemManager( 3515): HoldService:The prePermissionType is: 2
I/HwSystemManager( 3515): HoldService:preHoldShow start!
I/HwSystemManager( 3515): HoldService:The prePermissionType is: 2
I/HwSystemManager( 3515): HoldService:preHoldShow start!
I/HwSystemManager( 3515): HoldService:The prePermissionType is: 2
I/smartdevice( 4213): got device bind flag:0
I/HwSystemManager( 3515): HoldService:preHoldShow start!
I/HwSystemManager( 3515): HoldService:The prePermissionType is: 2
I/HwSystemManager( 3515): HoldService:preHoldShow start!
I/HwSystemManager( 3515): HoldService:The prePermissionType is: 2
I/HwSystemManager( 3515): HoldService:preHoldShow start!
I/HwSystemManager( 3515): HoldService:The prePermissionType is: 2
I/HwSystemManager( 3515): HoldService:preHoldShow start!
I/HwSystemManager( 3515): HoldService:The prePermissionType is: 2
I/HwSystemManager( 3515): HoldService:preHoldShow start!
I/HwSystemManager( 3515): HoldService:The prePermissionType is: 2
I/HwSystemManager( 3515): HoldService:preHoldShow start!
I/HwSystemManager( 3515): HoldService:The prePermissionType is: 2
I/HwSystemManager( 3515): HoldService:preHoldShow start!
I/HwSystemManager( 3515): HoldService:The prePermissionType is: 2
W/HwSystemManager( 3515): HoldService:showToast return because the blocked app is not foreground!
W/MSF.S.MsfService( 4096): service handle msg error java.lang.NullPointerException
W/MSF.S.MsfService( 4096): java.lang.NullPointerException
W/MSF.S.MsfService( 4096): 	at com.tencent.mobileqq.msf.core.push.b.a(PCActiveEchoManager.java:266)
W/MSF.S.MsfService( 4096): 	at com.tencent.mobileqq.msf.core.MsfCore.openUinPCActive(MsfCore.java:1048)
W/MSF.S.MsfService( 4096): 	at com.tencent.mobileqq.msf.service.e.a(MsfServiceReqHandler.java:547)
W/MSF.S.MsfService( 4096): 	at com.tencent.mobileqq.msf.service.d.sendToServiceMsg(MsfService.java:178)
W/MSF.S.MsfService( 4096): 	at com.tencent.qphone.base.remote.IBaseService$Stub.onTransact(IBaseService.java:76)
W/MSF.S.MsfService( 4096): 	at android.os.Binder.execTransact(Binder.java:404)
W/MSF.S.MsfService( 4096): 	at dalvik.system.NativeStart.run(Native Method)
I/HwSystemManager( 3515): HoldService:preHoldShow start!
I/HwSystemManager( 3515): HoldService:The prePermissionType is: 1
I/HwSystemManager( 3515): HoldService:preHoldShow start!
I/HwSystemManager( 3515): HoldService:The prePermissionType is: 1
I/Theme.ThemeHandler( 4213): sendThemeAuth data: themeId:1000, currentThemeId:1000, wfileDir.exists():true, AppSetting.subVersion:6.3.0
I/ArkApp  ( 4213): updatePANShowSwitch, value = null
I/HwSystemManager( 3515): HoldService:preHoldShow start!
I/HwSystemManager( 3515): HoldService:The prePermissionType is: 1
I/HwSystemManager( 3515): HoldService:preHoldShow start!
I/HwSystemManager( 3515): HoldService:The prePermissionType is: 1
I/HwSystemManager( 3515): HoldService:preHoldShow start!
I/HwSystemManager( 3515): HoldService:The prePermissionType is: 1
I/HwSystemManager( 3515): HoldService:preHoldShow start!
I/HwSystemManager( 3515): HoldService:The prePermissionType is: 1
I/HwSystemManager( 3515): HoldService:preHoldShow start!
I/HwSystemManager( 3515): HoldService:The prePermissionType is: 1
I/CAPALiteReceiver( 3338): USER STATE: STATIONARY SUB STATE: UNKNOWN
I/HwSystemManager( 3515): HoldService:preHoldShow start!
I/HwSystemManager( 3515): HoldService:The prePermissionType is: 1
E/GpsLocationProvider( 2963): mEngineOn && mStarted ,get location from DB, inject to GPS  Module
I/HwSystemManager( 3515): HoldService:preHoldShow start!
I/HwSystemManager( 3515): HoldService:The prePermissionType is: 1
I/HttpAccessClientImpl( 4213): doRequest...
I/AccessSchedulerStorageManager( 4213): same apn. no need update.
I/dalvikvm( 4213): Jit: resizing JitTable from 8192 to 16384
E/SQLiteLog( 4213): (1) no such table: mr_multimessage
I/smartdevice( 4213): start device when device bind flag:false
I/SSOHttpUtils( 4213): file contains cur_init:22328,cur_total:26025,cur_offset:0
I/HwSystemManager( 3515): HoldService:preHoldShow start!
I/HwSystemManager( 3515): HoldService:The prePermissionType is: 1
I/HwSystemManager( 3515): HoldService:preHoldShow start!
I/HwSystemManager( 3515): HoldService:The prePermissionType is: 1
E/Q.profilecard.( 4213): handleMusicPendantSongList Get Song count:0
I/SSOHttpUtils( 4213): result:{"data":"{\"code\":200,\"content\":\"{\\\"data\\\":{},\\\"ecode\\\":0,\\\"msg\\\":\\\"\\\",\\\"ret\\\":0}\"}\n","ssoRet":0,"msg":"","businessRet":0}
I/SSOHttpUtils( 4213): SSOHttpUtils do report success steps:3697.0
I/AutoMonitor( 4213): QQInitialize, cost=13901, totalFailCount=0
I/ActivityManager( 2963): filter receiver for action = com.android.systemui.recent.action.PRELOAD
I/ActivityManager( 2963): filter receiver for action = android.net.wifi.SCAN_RESULTS
I/HwLauncher( 3386): Launcher onPause()
W/HwLauncher( 3386): Launcher.MotionManager failed to stop TYPE_SHAKE_CHANGE_WALLPAPER
W/HwLauncher( 3386): Launcher.MotionManager failed to stop TYPE_SHAKE_START_PRIVACY
I/K3V3CpuGovernorPolicy( 3338): set scene Hmp policy : 300 , 150
W/dalvikvm( 3116): Refusing to reopen boot DEX '/system/framework/hwframework.jar'
W/dalvikvm( 3116): Refusing to reopen boot DEX '/system/framework/hwEmui.jar'
E/HwLauncher( 3386): Launcher dialog dismiss failed : java.lang.IllegalArgumentException: no dialog with id 1 was ever shown via Activity#showDialog
E/HwLauncher( 3386): Launcher dialog dismiss failed : java.lang.IllegalArgumentException: no dialog with id 1 was ever shown via Activity#showDialog
W/ResourceType( 2963): Skipping entry 0x7f060008 in package table 0 because it is not complex!
W/ResourceType( 2963): Skipping entry 0x7f060009 in package table 0 because it is not complex!
I/audio_hw_primary( 2425): [do_output_standby],do_output_standby-----out->standby_lpp : 1
I/HwLauncher( 3386): DynamicIcon onWindowVisibilityChanged 8 - com.android.deskclock
I/HwLauncher( 3386): DynamicIcon onWindowVisibilityChanged 8 - com.android.calendar
I/HwLauncher( 3386): DynamicIcon onWindowVisibilityChanged 8 - com.huawei.android.totemweather
I/ActivityManager( 2963): Displayed com.android.systemui/.recent.RecentsActivity: +188ms
I/PhoneStatusBar( 3116): hw_status_bar_operators = false, setSystemUIVisibily(SHOW_OPERATOR = false)
I/HwLauncher( 3386): Launcher onStop()
E/HwLauncher( 3386): Launcher dialog dismiss failed : java.lang.IllegalArgumentException: no dialog with id 1 was ever shown via Activity#showDialog
I/HwLauncher( 3386): Launcher dynamicIconsUnregister
I/HwLauncher( 3386): DynamicUpdater unregisterReceiver
I/HwLauncher( 3386): DynamicIcon onPause  isvisible = true   mAttachedToWindow:true    mWindowVisible:falsecom.android.deskclock
I/HwLauncher( 3386): DynamicUpdater unregisterReceiver
I/HwLauncher( 3386): DynamicIcon onPause  isvisible = true   mAttachedToWindow:true    mWindowVisible:falsecom.android.calendar
I/HwLauncher( 3386): DynamicUpdater unregisterReceiver
I/HwLauncher( 3386): DynamicIcon onPause  isvisible = true   mAttachedToWindow:true    mWindowVisible:falsecom.huawei.android.totemweather
I/HwLauncher( 3386): DynamicIcon onVisibilityChanged 4 - com.android.deskclock
I/HwLauncher( 3386): DynamicIcon onVisibilityChanged 4 - com.android.calendar
I/HwLauncher( 3386): DynamicIcon onVisibilityChanged 4 - com.huawei.android.totemweather
I/K3V3CpuGovernorPolicy( 3338): close previously scene Hmp policy : 300 , 150
W/Settings( 4096): Setting airplane_mode_on has moved from android.provider.Settings.System to android.provider.Settings.Global, returning read-only value.
W/beacon  ( 4096): onUserAction return false, because eventName:[actSosoLocation] is not allowed in server strategy!
W/Settings( 4096): Setting airplane_mode_on has moved from android.provider.Settings.System to android.provider.Settings.Global, returning read-only value.
W/beacon  ( 4096): onUserAction return false, because eventName:[actQQInit] is not allowed in server strategy!
I/ArkApp.ArkLocalAppMgr( 4213): scheduleCleanOldApps
E/Thermal-daemon( 2430): [pa_0] temp_new :40  temp_old :39
E/Thermal-daemon( 2430): Report temperature: [pa_0] temp :40  report_threshold:1
I/ActivityManager( 2963): filter receiver for action = huawei.intent.action.hsm_remove_pkg
I/HwSystemManager( 3560): OptimizeReceiver:OptimizeReceiver received action:huawei.intent.action.hsm_remove_pkg
I/HwSystemManager( 3515): OptimizeIntentService:handlerRemovePkg, packge name is com.donglivr.vrplayer
I/HwSystemManager( 3515): ProcessFilterPolicy:unprotectList app:[com.android.soundrecorder, com.android.calculator2, com.huawei.hidisk, com.android.gallery3d, com.android.mediacenter, com.android.packageinstaller, com.android.wallpaper.holospiral, com.android.wallpaper, com.android.browser, com.android.stk, com.android.magicsmoke, com.huawei.appmarket, com.android.htmlviewer, com.android.musicvis, com.android.wallpaper.livepicker, com.baidu.BaiduMap, com.netease.newsreader.activity, com.eg.android.AlipayGphone, com.youku.phone, com.sankuai.meituan, com.zhihu.android, com.sdu.didi.psnger, com.autonavi.minimap, com.sohu.newsclient, com.huawei.android.ds, com.huawei.KoBackup, com.huawei.gamebox, com.sohu.sohuvideo, com.huawei.android.thememanager, com.huawei.fans, com.sina.weibo, com.android.providers.downloads, com.google.android.gms, com.huawei.remoteassistant, com.netease.cloudmusic, com.huawei.phoneservice, com.zhihu.daily.android, com.sinovatech.unicom.ui, com.hexin.plat.android, com.huawei.android.hwpay, com.cootek.smartdialer_oem_module, com.UCMobile, com.huawei.appmarket.wallet, com.jingdong.app.mall, com.huawei.hwvplayer, com.tmall.wireless, bubei.tingshu, com.huawei.hwid, com.cmbchina.ccd.pluto.cmbActivity, com.huawei.cloudwifi, com.sparklykey.qinsmoon.huawei, com.netease.hzhy.huawei, com.donglivr.vrplayer]
W/CursorWrapperInner( 3116): Cursor finalized without prior close()
W/CursorWrapperInner( 3116): Cursor finalized without prior close()
I/HwSystemManager( 3515): OptimizeIntentService:Send pkg to smcs[com.donglivr.vrplayer]
I/HwSystemManager( 3515): SmartMemoryCleanService:informAMSDirectTrimPkgs called, trim pkg:[com.donglivr.vrplayer]
I/StatusBar.KeyButtonView( 3116): action=0, flags=0, when=148112, repeatCount=0, mDownTime=148112, mCode=3
I/StatusBar.KeyButtonView( 3116): action=1, flags=0, when=148177, repeatCount=0, mDownTime=148112, mCode=3
E/HwLauncher( 3386): Launcher dialog dismiss failed : java.lang.IllegalArgumentException: no dialog with id 1 was ever shown via Activity#showDialog
I/K3V3CpuGovernorPolicy( 3338): set scene Hmp policy : 300 , 150
I/HwLauncher( 3386): DynamicIcon onWindowVisibilityChanged 4 - com.android.deskclock
I/HwLauncher( 3386): DynamicIcon onWindowVisibilityChanged 4 - com.android.calendar
I/HwLauncher( 3386): DynamicIcon onWindowVisibilityChanged 4 - com.huawei.android.totemweather
I/HwLauncher( 3386): Launcher  onNewIntent mIsToUninstallApp = false
E/HwLauncher( 3386): Launcher dialog dismiss failed : java.lang.IllegalArgumentException: no dialog with id 1 was ever shown via Activity#showDialog
W/HwLauncher( 3386): Launcher null folder is animating process
I/HwLauncher( 3386): Launcher onStart()
I/HwLauncher( 3386): Launcher dynamicIconsRegister
I/HwLauncher( 3386): DynamicUpdater registerReceiver
I/HwLauncher( 3386): DynamicIconData , getDrawableForDynamic begin, pkg = com.android.deskclock, picName = deskclock_bg
I/HwLauncher( 3386): DynamicIconData , getDrawableForDynamic end, pkg = com.android.deskclock, picName = deskclock_bg
I/HwLauncher( 3386): DynamicIconData , getDrawableForDynamic begin, pkg = com.android.deskclock, picName = deskclock_bg
I/HwLauncher( 3386): DynamicIconData , getDrawableForDynamic end, pkg = com.android.deskclock, picName = deskclock_bg
I/HwLauncher( 3386): Launcher.Utilities createIconBitmap sourceWidth = 120sourceHeight = 120
I/HwLauncher( 3386): ClockDynamicUpdater calender update folder at CalenderDynamicUpdater
I/HwLauncher( 3386): DynamicUpdater call updateFolder
I/HwLauncher( 3386): DynamicUpdater call updateFolder
I/HwLauncher( 3386): DynamicIcon onResume  isvisible = false   mAttachedToWindow:true    mWindowVisible:falsecom.android.deskclock
I/HwLauncher( 3386): DynamicUpdater registerReceiver
I/HwLauncher( 3386): DynamicUpdater call updateFolder
I/HwLauncher( 3386): DynamicIcon onResume  isvisible = false   mAttachedToWindow:true    mWindowVisible:falsecom.android.calendar
I/HwLauncher( 3386): DynamicUpdater registerReceiver
I/HwLauncher( 3386): DynamicUpdater call updateFolder
I/HwLauncher( 3386): DynamicIcon onResume  isvisible = false   mAttachedToWindow:true    mWindowVisible:falsecom.huawei.android.totemweather
I/HwLauncher( 3386): WeatherDynamicUpdaterpositiveUpdate at WeatherDynamicUpdater
I/HwLauncher( 3386): Launcher onResume()
I/HwLauncher( 3386): Launcher doResumeWork()
I/K3V3CpuGovernorPolicy( 3338): close previously scene Hmp policy : 300 , 150
I/StatusBar.KeyButtonView( 3116): action=0, flags=0, when=148284, repeatCount=0, mDownTime=148284, mCode=3
W/MotionDetectionManager( 3386): startMotionAppsReco motionApps: 402 disabled
W/HwLauncher( 3386): Launcher.MotionManager failed to start TYPE_SHAKE_CHANGE_WALLPAPER
I/HwLauncher( 3386): Launcher.MotionManager startShakeMotion mIsShakeInHome=true
W/MotionDetectionManager( 3386): startMotionAppsReco motionApps: 404 disabled
W/HwLauncher( 3386): Launcher.MotionManager failed to start TYPE_SHAKE_START_PRIVACY
I/HwLauncher( 3386): Launcher changeNaviBarStatus
W/HwLauncher( 3386): Launcher  updateMarginLayoutParamsForView:the target view is null.
I/HwLauncher( 3386): Launcher  onResume mIsToUninstallApp = false
I/HwLauncher( 3386): DynamicIcon onVisibilityChanged 0 - com.android.deskclock
I/HwLauncher( 3386): DynamicIcon onVisibilityChanged 0 - com.android.calendar
I/HwLauncher( 3386): DynamicIcon onVisibilityChanged 0 - com.huawei.android.totemweather
I/HwLauncher( 3386): DynamicIcon onWindowVisibilityChanged 0 - com.android.deskclock
I/HwLauncher( 3386): DynamicIcon onWindowVisibilityChanged 0 - com.android.calendar
I/HwLauncher( 3386): DynamicIcon onWindowVisibilityChanged 0 - com.huawei.android.totemweather
I/HwLauncher( 3386): WeatherDynamicUpdaterreceive action = com.huawei.android.action.launcher_weather_icon_change
I/HwLauncher( 3386): WeatherDynamicUpdaterreceiver data is int[] = [0, 0, 52, 0, 96, 0, 140, 0]
I/HwLauncher( 3386):  stringArray[] [sunny, num3, num1, tempc]
I/StatusBar.KeyButtonView( 3116): action=1, flags=0, when=148350, repeatCount=0, mDownTime=148284, mCode=3
I/PhoneStatusBar( 3116): hw_status_bar_operators = false, setSystemUIVisibily(SHOW_OPERATOR = false)
W/ResourceType( 2963): Skipping entry 0x7f06000a in package table 0 because it is not complex!
W/ResourceType( 2963): Skipping entry 0x7f06000b in package table 0 because it is not complex!
E/HwLauncher( 3386): Launcher dialog dismiss failed : java.lang.IllegalArgumentException: no dialog with id 1 was ever shown via Activity#showDialog
I/HwLauncher( 3386): Launcher onPause()
W/HwLauncher( 3386): Launcher.MotionManager failed to stop TYPE_SHAKE_CHANGE_WALLPAPER
W/HwLauncher( 3386): Launcher.MotionManager failed to stop TYPE_SHAKE_START_PRIVACY
I/HwLauncher( 3386): Launcher  onNewIntent mIsToUninstallApp = false
E/HwLauncher( 3386): Launcher dialog dismiss failed : java.lang.IllegalArgumentException: no dialog with id 1 was ever shown via Activity#showDialog
I/HwLauncher( 3386): PagedView snapToPage.getChildOffset(): 720
I/HwLauncher( 3386): PagedView snapToPage.getRelativeChildOffset(): 720, 720
W/HwLauncher( 3386): Launcher null folder is animating process
I/HwLauncher( 3386): Launcher onResume()
I/HwLauncher( 3386): Launcher changeNaviBarStatus
W/HwLauncher( 3386): Launcher  updateMarginLayoutParamsForView:the target view is null.
I/HwLauncher( 3386): Launcher  onResume mIsToUninstallApp = false
E/HwLauncher( 3386): Launcher dialog dismiss failed : java.lang.IllegalArgumentException: no dialog with id 1 was ever shown via Activity#showDialog
I/PhoneStatusBar( 3116): hw_status_bar_operators = false, setSystemUIVisibily(SHOW_OPERATOR = false)
I/HwLauncher( 3386): Launcher doResumeWork()
W/MotionDetectionManager( 3386): startMotionAppsReco motionApps: 402 disabled
W/HwLauncher( 3386): Launcher.MotionManager failed to start TYPE_SHAKE_CHANGE_WALLPAPER
I/HwLauncher( 3386): Launcher.MotionManager startShakeMotion mIsShakeInHome=true
W/MotionDetectionManager( 3386): startMotionAppsReco motionApps: 404 disabled
W/HwLauncher( 3386): Launcher.MotionManager failed to start TYPE_SHAKE_START_PRIVACY
E/android_hardware_fm.cpp( 6877): register_android_hardware_fm_fmradio
E/FM_HAL  ( 6877): [FM_HAL], fm_dynamic_lib is libbcmfm_if
E/FM_HAL  ( 6877): [FM_HAL], libname is libbcmfm_if
E/fm_if.c ( 6877): find the id:libbcmfm_if and begins to open the devices
E/android_hardware_fm.cpp( 6877): register_android_hardware_fm_fmradio, ret is 0
E/        ( 6877): ProtocolErrorLog wangkang test!!
W/Settings( 4096): Setting airplane_mode_on has moved from android.provider.Settings.System to android.provider.Settings.Global, returning read-only value.
E/SQLiteLog( 4213): (1) no such table: mr_friend_D005CE7AEEF46BD18515F783FB8E87FA_New
E/Thermal-daemon( 2430): [flash_led] temp_new :41  temp_old :40
E/Thermal-daemon( 2430): Report temperature: [flash_led] temp :41  report_threshold:1
I/HwLauncher( 3386): Launcher.LauncherProvider  begin check permission at checkPermission 
W/System.err( 3386): java.lang.SecurityException: Permission Denial: reading com.huawei.android.launcher.LauncherProvider from pid=4213, uid=10087 requires com.huawei.android.launcher.permission.WRITE_SETTINGS: uid 10087 does not have com.huawei.android.launcher.permission.WRITE_SETTINGS.
W/System.err( 3386): 	at android.app.ContextImpl.enforce(ContextImpl.java:1775)
W/System.err( 3386): 	at android.app.ContextImpl.enforcePermission(ContextImpl.java:1787)
W/System.err( 3386): 	at android.content.ContextWrapper.enforcePermission(ContextWrapper.java:561)
W/System.err( 3386): 	at com.huawei.android.launcher.LauncherProvider.checkPermission(LauncherProvider.java:560)
W/System.err( 3386): 	at com.huawei.android.launcher.LauncherProvider.call(LauncherProvider.java:575)
W/System.err( 3386): 	at android.content.ContentProvider$Transport.call(ContentProvider.java:325)
W/System.err( 3386): 	at android.content.ContentProviderNative.onTransact(ContentProviderNative.java:284)
W/System.err( 3386): 	at android.os.Binder.execTransact(Binder.java:404)
W/System.err( 3386): 	at dalvik.system.NativeStart.run(Native Method)
E/DatabaseUtils( 3386): Writing exception to parcel
E/DatabaseUtils( 3386): java.lang.SecurityException: Permission Denial: reading com.huawei.android.launcher.LauncherProvider from pid=4213, uid=10087 requires com.huawei.android.launcher.permission.WRITE_SETTINGS: uid 10087 does not have com.huawei.android.launcher.permission.WRITE_SETTINGS.
E/DatabaseUtils( 3386): 	at android.app.ContextImpl.enforce(ContextImpl.java:1775)
E/DatabaseUtils( 3386): 	at android.app.ContextImpl.enforcePermission(ContextImpl.java:1787)
E/DatabaseUtils( 3386): 	at android.content.ContextWrapper.enforcePermission(ContextWrapper.java:561)
E/DatabaseUtils( 3386): 	at com.huawei.android.launcher.LauncherProvider.checkPermission(LauncherProvider.java:560)
E/DatabaseUtils( 3386): 	at com.huawei.android.launcher.LauncherProvider.call(LauncherProvider.java:575)
E/DatabaseUtils( 3386): 	at android.content.ContentProvider$Transport.call(ContentProvider.java:325)
E/DatabaseUtils( 3386): 	at android.content.ContentProviderNative.onTransact(ContentProviderNative.java:284)
E/DatabaseUtils( 3386): 	at android.os.Binder.execTransact(Binder.java:404)
E/DatabaseUtils( 3386): 	at dalvik.system.NativeStart.run(Native Method)
I/wpa_supplicant( 3938): wlan0: HEART-BEAT-ACK: 7
W/beacon  ( 4096): onUserAction return false, because eventName:[dim.Msf.PushRecvEvent] is not allowed in server strategy!
I/ActivityManager( 2963): filter receiver for action = android.intent.action.ACTION_POWER_CONNECTED
I/iu.Environment( 3530): update battery state; isPlugged? true*
I/iu.FingerprintManager( 3530): Start processing all media
E/HwSystemManager( 3515): SavingSettingUtil: doRecordsChargeInfo POWER_LEVEL_CONNECTED_USB_SET POWER_CHARGE_TIME =156391 POWER_LEVEL_LAST_CAPACITY_RM = 723 chargeType =0
I/iu.UploadsManager( 3530): num queued entries: 0
I/iu.FingerprintManager( 3530): Start processing media store URI: content://media/external/images/media
I/iu.UploadsManager( 3530): num updated entries: 0
I/HwOUC   ( 6902): [main-1]HwOucApplication--onCreate, start(/HwOucApplication.java:51)
I/HwOUC   ( 6902): [main-1]HwOucApplication--getProcessName, pid is 6902(/HwOucApplication.java:92)
I/HwOUC   ( 6902): [main-1]HwOucApplication--onCreate, processName is com.huawei.android.hwouc(/HwOucApplication.java:53)
I/HwOUC   ( 6902): [main-1]HwOucApplication--onCreate, isDefaultProcess true, init(/HwOucApplication.java:57)
E/HwOUC   ( 6902): [main-1]load system config caught FileNotFoundException(/HwOucConfig.java:1442)
I/ActivityManager( 2963): filter receiver for action = android.hardware.usb.action.USB_STATE
I/iu.SyncManager( 3530): NEXT; no task
E/HwOUC   ( 6902): [main-1]method invoke failed(/HwOucUtility.java:512)
I/HwOUC   ( 6902): [main-1]isTablet() = false(/HwOucUtility.java:515)
I/ActivityManager( 2963): filter receiver for action = android.hardware.usb.action.USB_STATE
I/iu.FingerprintManager( 3530): Start processing media store URI: content://media/external/video/media
I/HwOUC   ( 6902): [main-1]baseVersionOfNewVersion is H60-L02V100R001CHNC00B316;isInstallingStatus is false(/HwOucUtility.java:2435)
I/iu.FingerprintManager( 3530): Start processing media store URI: content://media/phoneStorage/images/media
I/iu.FingerprintManager( 3530): Start processing media store URI: content://media/phoneStorage/video/media
I/iu.FingerprintManager( 3530): Finished generating fingerprints; 0.232 seconds
I/iu.FingerprintManager( 3530):   numSeen=310 numGenerated=0 numDeleted=0 numFailed=0
I/HwOUC   ( 6902): [main-1]HwOucApplication--onCreate, cacheCpuInfo is 8_1.7GHz(hwouc/HwOucApplication.java:63)
I/HwOUC   ( 6902): [main-1]HwOucApplication--onCreate, end(hwouc/HwOucApplication.java:76)
I/HwOUC   ( 6902): [main-1]PowerConnectedReceiver receive ACTION_POWER_CONNECTED intent(hwouc/PowerConnectedReceiver.java:24)
I/HwOUC   ( 6902): [main-1]WifiAutoDownloadManageService onCreate()(hwouc/WifiAutoDownloadManageService.java:40)
E/HwOUC   ( 6902): [main-1]isMeteredWifi NoSuchMethodException, ex:getHwMeteredHint [class android.content.Context](hwouc/HwOucUtility.java:2926)
E/HwOUC   ( 6902): java.lang.NoSuchMethodException: getHwMeteredHint [class android.content.Context]
E/HwOUC   ( 6902): 	at java.lang.Class.getConstructorOrMethod(Class.java:472)
E/HwOUC   ( 6902): 	at java.lang.Class.getMethod(Class.java:857)
E/HwOUC   ( 6902): 	at com.huawei.android.hwouc.util.HwOucUtility.getWifiType(HwOucUtility.java:2920)
E/HwOUC   ( 6902): 	at com.huawei.android.hwouc.biz.impl.service.WifiAutoDownloadManageService.onCreate(WifiAutoDownloadManageService.java:46)
E/HwOUC   ( 6902): 	at android.app.ActivityThread.handleCreateService(ActivityThread.java:2702)
E/HwOUC   ( 6902): 	at android.app.ActivityThread.access$2100(ActivityThread.java:139)
E/HwOUC   ( 6902): 	at android.app.ActivityThread$H.handleMessage(ActivityThread.java:1348)
E/HwOUC   ( 6902): 	at android.os.Handler.dispatchMessage(Handler.java:102)
E/HwOUC   ( 6902): 	at android.os.Looper.loop(Looper.java:136)
E/HwOUC   ( 6902): 	at android.app.ActivityThread.main(ActivityThread.java:5314)
E/HwOUC   ( 6902): 	at java.lang.reflect.Method.invokeNative(Native Method)
E/HwOUC   ( 6902): 	at java.lang.reflect.Method.invoke(Method.java:515)
E/HwOUC   ( 6902): 	at com.android.internal.os.ZygoteInit$MethodAndArgsCaller.run(ZygoteInit.java:864)
E/HwOUC   ( 6902): 	at com.android.internal.os.ZygoteInit.main(ZygoteInit.java:680)
E/HwOUC   ( 6902): 	at dalvik.system.NativeStart.main(Native Method)
I/HwSystemManager( 3560): SavingSettingUtil:setAlarm and high_level_standard is 10 msg_send_interval is 240 count_frequency is 60 dangerous_level_standard is 25 dangerous_current_level is 30 min_interval_time is 3 average_current_fg is 350 count_frequency_fg is 5 app_show_level is 1
I/HwSystemManager( 3560): BootBroadcastReceiver:ACTION_POWER_CONNECTED Received !
I/HwOUC   ( 6902): [main-1]WifiAutoDownloadManageService onDestroy()(hwouc/WifiAutoDownloadManageService.java:125)
I/ActivityManager( 2963): filter receiver for action = com.huawei.android.push.PLUGIN
I/HwSystemManager( 3560): HsmIntentService:destroyed. this:com.huawei.systemmanager.util.content.HsmIntentService_ui@427ccc80
I/HWSERVICES( 3214): hwnative_get_component  comes...
I/StagefrightMediaScannerEx( 3214): StagefrightMediaScanner Constructor
I/HWSERVICES( 3214): hwnative_get_component_mtpServer  comes...
I/HwMtpServerExJNI( 3214): Finish to setup MtpServer
E/HwMtpServerExJNI( 3214): void android_mtp_MtpServerEx_add_storage(JNIEnv*, jobject, jobject), line 138: descriptionStr = 
I/HWSERVICES( 3214): hwnative_get_component_mtpStorage  comes...
E/HwMtpServerExJNI( 3214): void android_mtp_MtpServerEx_add_storage(JNIEnv*, jobject, jobject), line 138: descriptionStr = SD 
I/HWSERVICES( 3214): hwnative_get_component_mtpStorage  comes...
I/PushLogSC2559( 5106): [main-1]action is com.huawei.android.push.PLUGIN(meituan/null:0)
E/Thermal-daemon( 2430): [charger] temp_new :38  temp_old :37
E/Thermal-daemon( 2430): Report temperature: [charger] temp :38  report_threshold:1
E/Thermal-daemon( 2430): [flash_led] temp_new :40  temp_old :41
E/Thermal-daemon( 2430): Report temperature: [flash_led] temp :40  report_threshold:1
W/HwSystemManager( 3515): SMCSProvider:Call: Invalid call method = execSQLS
W/HwSystemManager( 3515): SMCSProvider:Call: Invalid call method = execSQLS
W/HwSystemManager( 3515): SMCSProvider:Call: Invalid call method = execSQLS
E/Thermal-daemon( 2430): [ap] temp_new :45  temp_old :46
E/Thermal-daemon( 2430): Report temperature: [ap] temp :45  report_threshold:1
I/HwLauncher( 3386): Launcher.LauncherProvider  begin check permission at checkPermission 
W/System.err( 3386): java.lang.SecurityException: Permission Denial: reading com.huawei.android.launcher.LauncherProvider from pid=4213, uid=10087 requires com.huawei.android.launcher.permission.WRITE_SETTINGS: uid 10087 does not have com.huawei.android.launcher.permission.WRITE_SETTINGS.
W/System.err( 3386): 	at android.app.ContextImpl.enforce(ContextImpl.java:1775)
W/System.err( 3386): 	at android.app.ContextImpl.enforcePermission(ContextImpl.java:1787)
W/System.err( 3386): 	at android.content.ContextWrapper.enforcePermission(ContextWrapper.java:561)
W/System.err( 3386): 	at com.huawei.android.launcher.LauncherProvider.checkPermission(LauncherProvider.java:560)
W/System.err( 3386): 	at com.huawei.android.launcher.LauncherProvider.call(LauncherProvider.java:575)
W/System.err( 3386): 	at android.content.ContentProvider$Transport.call(ContentProvider.java:325)
W/System.err( 3386): 	at android.content.ContentProviderNative.onTransact(ContentProviderNative.java:284)
W/System.err( 3386): 	at android.os.Binder.execTransact(Binder.java:404)
W/System.err( 3386): 	at dalvik.system.NativeStart.run(Native Method)
E/DatabaseUtils( 3386): Writing exception to parcel
E/DatabaseUtils( 3386): java.lang.SecurityException: Permission Denial: reading com.huawei.android.launcher.LauncherProvider from pid=4213, uid=10087 requires com.huawei.android.launcher.permission.WRITE_SETTINGS: uid 10087 does not have com.huawei.android.launcher.permission.WRITE_SETTINGS.
E/DatabaseUtils( 3386): 	at android.app.ContextImpl.enforce(ContextImpl.java:1775)
E/DatabaseUtils( 3386): 	at android.app.ContextImpl.enforcePermission(ContextImpl.java:1787)
E/DatabaseUtils( 3386): 	at android.content.ContextWrapper.enforcePermission(ContextWrapper.java:561)
E/DatabaseUtils( 3386): 	at com.huawei.android.launcher.LauncherProvider.checkPermission(LauncherProvider.java:560)
E/DatabaseUtils( 3386): 	at com.huawei.android.launcher.LauncherProvider.call(LauncherProvider.java:575)
E/DatabaseUtils( 3386): 	at android.content.ContentProvider$Transport.call(ContentProvider.java:325)
E/DatabaseUtils( 3386): 	at android.content.ContentProviderNative.onTransact(ContentProviderNative.java:284)
E/DatabaseUtils( 3386): 	at android.os.Binder.execTransact(Binder.java:404)
E/DatabaseUtils( 3386): 	at dalvik.system.NativeStart.run(Native Method)
E/CommandListener( 2417): readDefRoute call readDefRoute
E/SecondaryTablController( 2417): isWifiDefaultRouteExisted /system/bin/ip route
E/Thermal-daemon( 2430): [ap] temp_new :44  temp_old :45
E/Thermal-daemon( 2430): Report temperature: [ap] temp :44  report_threshold:1
E/CommandListener( 2417): readDefRoute Rsp ok
I/CAPALiteReceiver( 3338): USER STATE: STATIONARY SUB STATE: UNKNOWN
I/HwSystemManager( 3515): HoldService:preHoldShow start!
I/HwSystemManager( 3515): HoldService:The prePermissionType is: 2
W/HwSystemManager( 3515): HoldService:showToast return because the blocked app is not foreground!
I/HwSystemManager( 3515): HoldService:preHoldShow start!
I/HwSystemManager( 3515): HoldService:The prePermissionType is: 1
I/HwSystemManager( 3515): HoldService:preHoldShow start!
I/HwSystemManager( 3515): HoldService:The prePermissionType is: 2
W/HwSystemManager( 3515): HoldService:showToast return because the blocked app is not foreground!
I/HwSystemManager( 3515): HoldService:preHoldShow start!
I/HwSystemManager( 3515): HoldService:The prePermissionType is: 2
I/HwSystemManager( 3515): HoldService:preHoldShow start!
I/HwSystemManager( 3515): HoldService:The prePermissionType is: 2
I/HwSystemManager( 3515): HoldService:preHoldShow start!
I/HwSystemManager( 3515): HoldService:The prePermissionType is: 2
I/HwSystemManager( 3515): HoldService:preHoldShow start!
I/HwSystemManager( 3515): HoldService:The prePermissionType is: 2
I/HwSystemManager( 3515): HoldService:preHoldShow start!
I/HwSystemManager( 3515): HoldService:The prePermissionType is: 2
I/HwSystemManager( 3515): HoldService:preHoldShow start!
I/HwSystemManager( 3515): HoldService:The prePermissionType is: 2
I/HwSystemManager( 3515): HoldService:preHoldShow start!
I/HwSystemManager( 3515): HoldService:The prePermissionType is: 2
I/HwSystemManager( 3515): HoldService:preHoldShow start!
I/HwSystemManager( 3515): HoldService:The prePermissionType is: 2
I/HwSystemManager( 3515): HoldService:preHoldShow start!
I/HwSystemManager( 3515): HoldService:The prePermissionType is: 2
I/HwSystemManager( 3515): HoldService:preHoldShow start!
I/HwSystemManager( 3515): HoldService:The prePermissionType is: 2
I/HwSystemManager( 3515): HoldService:preHoldShow start!
I/HwSystemManager( 3515): HoldService:The prePermissionType is: 2
I/HwSystemManager( 3515): HoldService:preHoldShow start!
I/HwSystemManager( 3515): HoldService:The prePermissionType is: 2
E/MtpServerEx( 3214): SendStorageInfoChanged 00010001
I/HwSystemManager( 3515): HoldService:preHoldShow start!
I/HwSystemManager( 3515): HoldService:The prePermissionType is: 2
I/HwSystemManager( 3515): HoldService:preHoldShow start!
I/HwSystemManager( 3515): HoldService:The prePermissionType is: 2
I/HwSystemManager( 3515): HoldService:preHoldShow start!
I/HwSystemManager( 3515): HoldService:The prePermissionType is: 2
I/HwSystemManager( 3515): HoldService:preHoldShow start!
I/HwSystemManager( 3515): HoldService:The prePermissionType is: 2
I/HwSystemManager( 3515): HoldService:preHoldShow start!
I/HwSystemManager( 3515): HoldService:The prePermissionType is: 2
E/MtpServerEx( 3214): SendStorageInfoChanged 00020001
I/HwSystemManager( 3515): HoldService:preHoldShow start!
I/HwSystemManager( 3515): HoldService:The prePermissionType is: 2
I/HwSystemManager( 3515): HoldService:preHoldShow start!
I/HwSystemManager( 3515): HoldService:The prePermissionType is: 2
I/HwSystemManager( 3515): HoldService:preHoldShow start!
I/HwSystemManager( 3515): HoldService:The prePermissionType is: 2
I/HwSystemManager( 3515): HoldService:preHoldShow start!
I/HwSystemManager( 3515): HoldService:The prePermissionType is: 2
I/HwSystemManager( 3515): HoldService:preHoldShow start!
I/HwSystemManager( 3515): HoldService:The prePermissionType is: 2
I/HwSystemManager( 3515): HoldService:preHoldShow start!
I/HwSystemManager( 3515): HoldService:The prePermissionType is: 2
I/HwSystemManager( 3515): HoldService:preHoldShow start!
I/HwSystemManager( 3515): HoldService:The prePermissionType is: 2
I/HwSystemManager( 3515): HoldService:preHoldShow start!
I/HwSystemManager( 3515): HoldService:The prePermissionType is: 2
I/HwSystemManager( 3515): HoldService:preHoldShow start!
I/HwSystemManager( 3515): HoldService:The prePermissionType is: 2
I/HwSystemManager( 3515): HoldService:preHoldShow start!
I/HwSystemManager( 3515): HoldService:The prePermissionType is: 2
I/HwSystemManager( 3515): HoldService:preHoldShow start!
I/HwSystemManager( 3515): HoldService:The prePermissionType is: 2
I/HwSystemManager( 3515): HoldService:preHoldShow start!
I/HwSystemManager( 3515): HoldService:The prePermissionType is: 2
I/HwSystemManager( 3515): HoldService:preHoldShow start!
I/HwSystemManager( 3515): HoldService:The prePermissionType is: 2
I/HwSystemManager( 3515): HoldService:preHoldShow start!
I/HwSystemManager( 3515): HoldService:The prePermissionType is: 2
I/HwSystemManager( 3515): HoldService:preHoldShow start!
I/HwSystemManager( 3515): HoldService:The prePermissionType is: 2
I/HwSystemManager( 3515): HoldService:preHoldShow start!
I/HwSystemManager( 3515): HoldService:The prePermissionType is: 2
I/HwSystemManager( 3515): HoldService:preHoldShow start!
I/HwSystemManager( 3515): HoldService:The prePermissionType is: 2
I/HwSystemManager( 3515): HoldService:preHoldShow start!
I/HwSystemManager( 3515): HoldService:The prePermissionType is: 2
I/HwSystemManager( 3515): HoldService:preHoldShow start!
I/HwSystemManager( 3515): HoldService:The prePermissionType is: 2
I/HwSystemManager( 3515): HoldService:preHoldShow start!
I/HwSystemManager( 3515): HoldService:The prePermissionType is: 2
I/HwSystemManager( 3515): HoldService:preHoldShow start!
I/HwSystemManager( 3515): HoldService:The prePermissionType is: 2
I/HwSystemManager( 3515): HoldService:preHoldShow start!
I/HwSystemManager( 3515): HoldService:The prePermissionType is: 2
I/HwSystemManager( 3515): HoldService:preHoldShow start!
I/HwSystemManager( 3515): HoldService:The prePermissionType is: 2
I/HwSystemManager( 3515): HoldService:preHoldShow start!
I/HwSystemManager( 3515): HoldService:The prePermissionType is: 2
I/HwSystemManager( 3515): HoldService:preHoldShow start!
I/HwSystemManager( 3515): HoldService:The prePermissionType is: 2
I/HwSystemManager( 3515): HoldService:preHoldShow start!
I/HwSystemManager( 3515): HoldService:The prePermissionType is: 2
I/HwSystemManager( 3515): HoldService:preHoldShow start!
I/HwSystemManager( 3515): HoldService:The prePermissionType is: 2
I/HwSystemManager( 3515): HoldService:preHoldShow start!
I/HwSystemManager( 3515): HoldService:The prePermissionType is: 2
I/HwSystemManager( 3515): HoldService:preHoldShow start!
I/HwSystemManager( 3515): HoldService:The prePermissionType is: 2
I/HwSystemManager( 3515): HoldService:preHoldShow start!
I/HwSystemManager( 3515): HoldService:The prePermissionType is: 2
I/HwSystemManager( 3515): HoldService:preHoldShow start!
I/HwSystemManager( 3515): HoldService:The prePermissionType is: 2
I/HwSystemManager( 3515): HoldService:preHoldShow start!
I/HwSystemManager( 3515): HoldService:The prePermissionType is: 2
I/HwSystemManager( 3515): HoldService:preHoldShow start!
I/HwSystemManager( 3515): HoldService:The prePermissionType is: 2
I/HwSystemManager( 3515): HoldService:preHoldShow start!
I/HwSystemManager( 3515): HoldService:The prePermissionType is: 2
I/HwSystemManager( 3515): HoldService:preHoldShow start!
I/HwSystemManager( 3515): HoldService:The prePermissionType is: 2
I/HwSystemManager( 3515): HoldService:preHoldShow start!
I/HwSystemManager( 3515): HoldService:The prePermissionType is: 2
I/HwSystemManager( 3515): HoldService:preHoldShow start!
I/HwSystemManager( 3515): HoldService:The prePermissionType is: 2
I/HwSystemManager( 3515): HoldService:preHoldShow start!
I/HwSystemManager( 3515): HoldService:The prePermissionType is: 2
I/HwSystemManager( 3515): HoldService:preHoldShow start!
I/HwSystemManager( 3515): HoldService:The prePermissionType is: 2
I/HwSystemManager( 3515): HoldService:preHoldShow start!
I/HwSystemManager( 3515): HoldService:The prePermissionType is: 2
I/HwSystemManager( 3515): HoldService:preHoldShow start!
I/HwSystemManager( 3515): HoldService:The prePermissionType is: 2
I/HwSystemManager( 3515): HoldService:preHoldShow start!
I/HwSystemManager( 3515): HoldService:The prePermissionType is: 2
I/HwSystemManager( 3515): HoldService:preHoldShow start!
I/HwSystemManager( 3515): HoldService:The prePermissionType is: 2
I/HwSystemManager( 3515): HoldService:preHoldShow start!
I/HwSystemManager( 3515): HoldService:The prePermissionType is: 2
I/HwSystemManager( 3515): HoldService:preHoldShow start!
I/HwSystemManager( 3515): HoldService:The prePermissionType is: 2
I/HwSystemManager( 3515): HoldService:preHoldShow start!
I/HwSystemManager( 3515): HoldService:The prePermissionType is: 2
I/HwSystemManager( 3515): HoldService:preHoldShow start!
I/HwSystemManager( 3515): HoldService:The prePermissionType is: 2
I/HwSystemManager( 3515): HoldService:preHoldShow start!
I/HwSystemManager( 3515): HoldService:The prePermissionType is: 2
I/HwSystemManager( 3515): HoldService:preHoldShow start!
I/HwSystemManager( 3515): HoldService:The prePermissionType is: 2
I/HwSystemManager( 3515): HoldService:preHoldShow start!
I/HwSystemManager( 3515): HoldService:The prePermissionType is: 2
I/HwSystemManager( 3515): HoldService:preHoldShow start!
I/HwSystemManager( 3515): HoldService:The prePermissionType is: 2
I/HwSystemManager( 3515): HoldService:preHoldShow start!
I/HwSystemManager( 3515): HoldService:The prePermissionType is: 2
I/HwSystemManager( 3515): HoldService:preHoldShow start!
I/HwSystemManager( 3515): HoldService:The prePermissionType is: 2
I/HwSystemManager( 3515): HoldService:preHoldShow start!
I/HwSystemManager( 3515): HoldService:The prePermissionType is: 2
I/HwSystemManager( 3515): HoldService:preHoldShow start!
I/HwSystemManager( 3515): HoldService:The prePermissionType is: 2
I/HwSystemManager( 3515): HoldService:preHoldShow start!
I/HwSystemManager( 3515): HoldService:The prePermissionType is: 2
I/HwSystemManager( 3515): HoldService:preHoldShow start!
I/HwSystemManager( 3515): HoldService:The prePermissionType is: 2
I/HwSystemManager( 3515): HoldService:preHoldShow start!
I/HwSystemManager( 3515): HoldService:The prePermissionType is: 2
I/HwSystemManager( 3515): HoldService:preHoldShow start!
I/HwSystemManager( 3515): HoldService:The prePermissionType is: 2
I/HwSystemManager( 3515): HoldService:preHoldShow start!
I/HwSystemManager( 3515): HoldService:The prePermissionType is: 2
I/HwSystemManager( 3515): HoldService:preHoldShow start!
I/HwSystemManager( 3515): HoldService:The prePermissionType is: 2
I/HwSystemManager( 3515): HoldService:preHoldShow start!
I/HwSystemManager( 3515): HoldService:The prePermissionType is: 2
I/HwSystemManager( 3515): HoldService:preHoldShow start!
I/HwSystemManager( 3515): HoldService:The prePermissionType is: 2
I/HwSystemManager( 3515): HoldService:preHoldShow start!
I/HwSystemManager( 3515): HoldService:The prePermissionType is: 2
I/HwSystemManager( 3515): HoldService:preHoldShow start!
I/HwSystemManager( 3515): HoldService:The prePermissionType is: 2
I/HwSystemManager( 3515): HoldService:preHoldShow start!
I/HwSystemManager( 3515): HoldService:The prePermissionType is: 2
I/HwSystemManager( 3515): HoldService:preHoldShow start!
I/HwSystemManager( 3515): HoldService:The prePermissionType is: 2
I/HwSystemManager( 3515): HoldService:preHoldShow start!
I/HwSystemManager( 3515): HoldService:The prePermissionType is: 2
I/HwSystemManager( 3515): HoldService:preHoldShow start!
I/HwSystemManager( 3515): HoldService:The prePermissionType is: 2
I/HwSystemManager( 3515): HoldService:preHoldShow start!
I/HwSystemManager( 3515): HoldService:The prePermissionType is: 2
I/HwSystemManager( 3515): HoldService:preHoldShow start!
I/HwSystemManager( 3515): HoldService:The prePermissionType is: 2
I/HwSystemManager( 3515): HoldService:preHoldShow start!
I/HwSystemManager( 3515): HoldService:The prePermissionType is: 2
I/HwSystemManager( 3515): HoldService:preHoldShow start!
I/HwSystemManager( 3515): HoldService:The prePermissionType is: 2
I/HwSystemManager( 3515): HoldService:preHoldShow start!
I/HwSystemManager( 3515): HoldService:The prePermissionType is: 2
I/HwSystemManager( 3515): HoldService:preHoldShow start!
I/HwSystemManager( 3515): HoldService:The prePermissionType is: 2
I/HwSystemManager( 3515): HoldService:preHoldShow start!
I/HwSystemManager( 3515): HoldService:The prePermissionType is: 2
I/HwSystemManager( 3515): HoldService:preHoldShow start!
I/HwSystemManager( 3515): HoldService:The prePermissionType is: 2
I/HwSystemManager( 3515): HoldService:preHoldShow start!
I/HwSystemManager( 3515): HoldService:The prePermissionType is: 2
I/HwSystemManager( 3515): HoldService:preHoldShow start!
I/HwSystemManager( 3515): HoldService:The prePermissionType is: 2
I/HwSystemManager( 3515): HoldService:preHoldShow start!
I/HwSystemManager( 3515): HoldService:The prePermissionType is: 2
I/HwSystemManager( 3515): HoldService:preHoldShow start!
I/HwSystemManager( 3515): HoldService:The prePermissionType is: 2
I/HwSystemManager( 3515): HoldService:preHoldShow start!
I/HwSystemManager( 3515): HoldService:The prePermissionType is: 2
I/HwSystemManager( 3515): HoldService:preHoldShow start!
I/HwSystemManager( 3515): HoldService:The prePermissionType is: 2
I/HwSystemManager( 3515): HoldService:preHoldShow start!
I/HwSystemManager( 3515): HoldService:The prePermissionType is: 2
I/HwSystemManager( 3515): HoldService:preHoldShow start!
I/HwSystemManager( 3515): HoldService:The prePermissionType is: 2
