W/Settings( 4096): Setting airplane_mode_on has moved from android.provider.Settings.System to android.provider.Settings.Global, returning read-only value.
W/beacon  ( 4096): onUserAction return false, because eventName:[loadSoOld] is not allowed in server strategy!
W/Settings( 4096): Setting airplane_mode_on has moved from android.provider.Settings.System to android.provider.Settings.Global, returning read-only value.
W/beacon  ( 4096): onUserAction return false, because eventName:[actSBGetbindProtol] is not allowed in server strategy!
W/Settings( 4096): Setting airplane_mode_on has moved from android.provider.Settings.System to android.provider.Settings.Global, returning read-only value.
W/beacon  ( 4096): onUserAction return false, because eventName:[actSBGetMsg] is not allowed in server strategy!
W/Settings( 4096): Setting airplane_mode_on has moved from android.provider.Settings.System to android.provider.Settings.Global, returning read-only value.
W/beacon  ( 4096): onUserAction return false, because eventName:[prxyRegisterM] is not allowed in server strategy!
W/Settings( 4096): Setting airplane_mode_on has moved from android.provider.Settings.System to android.provider.Settings.Global, returning read-only value.
W/beacon  ( 4096): onUserAction return false, because eventName:[actSyncMsgSecond] is not allowed in server strategy!
W/Settings( 4096): Setting airplane_mode_on has moved from android.provider.Settings.System to android.provider.Settings.Global, returning read-only value.
W/beacon  ( 4096): onUserAction return false, because eventName:[loadSo] is not allowed in server strategy!
W/Settings( 4096): Setting airplane_mode_on has moved from android.provider.Settings.System to android.provider.Settings.Global, returning read-only value.
W/beacon  ( 4096): onUserAction return false, because eventName:[loadSo] is not allowed in server strategy!
E/Thermal-daemon( 2430): [ap] temp_new :45  temp_old :44
E/Thermal-daemon( 2430): Report temperature: [ap] temp :45  report_threshold:1
E/SQLiteLog( 4213): (1) no such table: PreSendMsg_New
I/chromium( 4213): [INFO:library_loader_hooks.cc(112)] Chromium logging enabled: level = 0, default verbosity = 0
I/BrowserProcessMain( 4213): Initializing chromium process, renderers=0
I/chromium( 4213): [INFO:url_util.cc(429)] AddStandardScheme is not supported
I/chromium( 4213): [INFO:url_util.cc(429)] AddStandardScheme is not supported
I/chromium( 4213): [INFO:url_util.cc(429)] AddStandardScheme is not supported
I/chromium( 4213): [INFO:url_util.cc(429)] AddStandardScheme is not supported
I/HwSystemManager( 3515): HoldService:preHoldShow start!
I/HwSystemManager( 3515): HoldService:The prePermissionType is: 1
W/chromium( 4213): [WARNING:proxy_service.cc(888)] PAC support disabled because there is no system implementation
I/System.out( 4213): handleQueryContactV3 isInactive false
E/SQLiteLog( 4213): (1) no such table: mr_troop_127DEF9013E67C2D371C72D4D92D7751_New
I/HwSystemManager( 3515): HoldService:preHoldShow start!
I/HwSystemManager( 3515): HoldService:The prePermissionType is: 1
E/SQLiteLog( 4213): (1) no such table: mr_troop_43106018609F39BE498FFAA87BB7DD1D_New
I/HwSystemManager( 3515): HoldService:preHoldShow start!
I/HwSystemManager( 3515): HoldService:The prePermissionType is: 2
W/HwSystemManager( 3515): HoldService:showToast return because the blocked app is not foreground!
I/HwLauncher( 3386): Launcher.LauncherProvider  begin check permission at checkPermission 
W/System.err( 3386): java.lang.SecurityException: Permission Denial: reading com.huawei.android.launcher.LauncherProvider from pid=4213, uid=10087 requires com.huawei.android.launcher.permission.WRITE_SETTINGS: uid 10087 does not have com.huawei.android.launcher.permission.WRITE_SETTINGS.
W/System.err( 3386): 	at android.app.ContextImpl.enforce(ContextImpl.java:1775)
W/System.err( 3386): 	at android.app.ContextImpl.enforcePermission(ContextImpl.java:1787)
W/System.err( 3386): 	at android.content.ContextWrapper.enforcePermission(ContextWrapper.java:561)
W/System.err( 3386): 	at com.huawei.android.launcher.LauncherProvider.checkPermission(LauncherProvider.java:560)
W/System.err( 3386): 	at com.huawei.android.launcher.LauncherProvider.call(LauncherProvider.java:575)
W/System.err( 3386): 	at android.content.ContentProvider$Transport.call(ContentProvider.java:325)
W/System.err( 3386): 	at android.content.ContentProviderNative.onTransact(ContentProviderNative.java:284)
W/System.err( 3386): 	at android.os.Binder.execTransact(Binder.java:404)
W/System.err( 3386): 	at dalvik.system.NativeStart.run(Native Method)
E/DatabaseUtils( 3386): Writing exception to parcel
E/DatabaseUtils( 3386): java.lang.SecurityException: Permission Denial: reading com.huawei.android.launcher.LauncherProvider from pid=4213, uid=10087 requires com.huawei.android.launcher.permission.WRITE_SETTINGS: uid 10087 does not have com.huawei.android.launcher.permission.WRITE_SETTINGS.
E/DatabaseUtils( 3386): 	at android.app.ContextImpl.enforce(ContextImpl.java:1775)
E/DatabaseUtils( 3386): 	at android.app.ContextImpl.enforcePermission(ContextImpl.java:1787)
E/DatabaseUtils( 3386): 	at android.content.ContextWrapper.enforcePermission(ContextWrapper.java:561)
E/DatabaseUtils( 3386): 	at com.huawei.android.launcher.LauncherProvider.checkPermission(LauncherProvider.java:560)
E/DatabaseUtils( 3386): 	at com.huawei.android.launcher.LauncherProvider.call(LauncherProvider.java:575)
E/DatabaseUtils( 3386): 	at android.content.ContentProvider$Transport.call(ContentProvider.java:325)
E/DatabaseUtils( 3386): 	at android.content.ContentProviderNative.onTransact(ContentProviderNative.java:284)
E/DatabaseUtils( 3386): 	at android.os.Binder.execTransact(Binder.java:404)
E/DatabaseUtils( 3386): 	at dalvik.system.NativeStart.run(Native Method)
I/HwSystemManager( 3515): HoldService:preHoldShow start!
I/HwSystemManager( 3515): HoldService:The prePermissionType is: 1
I/AccessSchedulerManager( 4213): creatAccessScheduler...context:com.tencent.common.app.BaseApplicationImpl@4275d068,appId:0M3006CS7U0ZC2K3,channelId:9d26c6446fd7bb8e41d99b6262b17def,uuid:test_uuid
I/bb      ( 4213): updateApn
I/bb      ( 4213): showApnInfo... Apn:,sIsNetworkOk:true,sNetType:1,sIsProxy:false,sProxyAddress:
I/AccessSchedulerTrigger( 4213): startListenNetworkChange...
I/AccessSchedulerTrigger( 4213): try startAccessSchedulerTimer...
I/bb      ( 4213): updateApn
I/AccessSchedulerImpl( 4213): AccessSchedulerImpl run start...
I/bb      ( 4213): showApnInfo... Apn:,sIsNetworkOk:true,sNetType:1,sIsProxy:false,sProxyAddress:
I/AccessSchedulerImpl( 4213): onAccessSchedulerTriggered... try to addTask
I/AccessSchedulerImpl( 4213): addTask...
I/HwSystemManager( 3515): HoldService:preHoldShow start!
I/HwSystemManager( 3515): HoldService:The prePermissionType is: 1
I/AccessSchedulerImpl( 4213): scheduler...begin
I/HwSystemManager( 3515): HoldService:preHoldShow start!
I/HwSystemManager( 3515): HoldService:The prePermissionType is: 1
I/HwSystemManager( 3515): HoldService:preHoldShow start!
I/HwSystemManager( 3515): HoldService:The prePermissionType is: 1
I/DataAccessDBImpl( 4213): updateApnUseTime... for apn:ssid_"VRLIVE"8a:25:93:41:58:64,updateRet:3
I/AccessSchedulerStorageManager( 4213): updateApnUseTime... apnName:ssid_"VRLIVE"8a:25:93:41:58:64
I/AccessSchedulerStorageManager( 4213): isNeedScheduler... 
I/AccessSchedulerStorageManager( 4213): same apn. no need update.
I/HwSystemManager( 3515): HoldService:preHoldShow start!
I/HwSystemManager( 3515): HoldService:The prePermissionType is: 1
I/AccessSchedulerImpl( 4213): scheduler...no need scheduler. return
I/HwSystemManager( 3515): HoldService:preHoldShow start!
I/HwSystemManager( 3515): HoldService:The prePermissionType is: 1
I/HwSystemManager( 3515): HoldService:preHoldShow start!
I/HwSystemManager( 3515): HoldService:The prePermissionType is: 1
I/HwSystemManager( 3515): HoldService:preHoldShow start!
I/HwSystemManager( 3515): HoldService:The prePermissionType is: 1
I/HwSystemManager( 3515): HoldService:preHoldShow start!
I/HwSystemManager( 3515): HoldService:The prePermissionType is: 1
I/HwSystemManager( 3515): HoldService:preHoldShow start!
I/HwSystemManager( 3515): HoldService:The prePermissionType is: 2
W/HwSystemManager( 3515): HoldService:showToast return because the blocked app is not foreground!
I/HwSystemManager( 3515): HoldService:preHoldShow start!
I/HwSystemManager( 3515): HoldService:The prePermissionType is: 2
E/GpsLocationProvider( 2963): mEngineOn && mStarted ,get location from DB, inject to GPS  Module
I/HwSystemManager( 3515): HoldService:preHoldShow start!
I/HwSystemManager( 3515): HoldService:The prePermissionType is: 1
I/HwSystemManager( 3515): HoldService:preHoldShow start!
I/HwSystemManager( 3515): HoldService:The prePermissionType is: 2
I/HwSystemManager( 3515): HoldService:preHoldShow start!
I/HwSystemManager( 3515): HoldService:The prePermissionType is: 2
I/HwSystemManager( 3515): HoldService:preHoldShow start!
I/HwSystemManager( 3515): HoldService:The prePermissionType is: 2
I/HwSystemManager( 3515): HoldService:preHoldShow start!
I/HwSystemManager( 3515): HoldService:The prePermissionType is: 2
I/HwSystemManager( 3515): HoldService:preHoldShow start!
I/HwSystemManager( 3515): HoldService:The prePermissionType is: 2
I/HwSystemManager( 3515): HoldService:preHoldShow start!
I/HwSystemManager( 3515): HoldService:The prePermissionType is: 2
I/HwSystemManager( 3515): HoldService:preHoldShow start!
I/HwSystemManager( 3515): HoldService:The prePermissionType is: 2
I/HwSystemManager( 3515): HoldService:preHoldShow start!
I/HwSystemManager( 3515): HoldService:The prePermissionType is: 2
I/HwSystemManager( 3515): HoldService:preHoldShow start!
I/HwSystemManager( 3515): HoldService:The prePermissionType is: 2
I/HwSystemManager( 3515): HoldService:preHoldShow start!
I/HwSystemManager( 3515): HoldService:The prePermissionType is: 2
I/HwSystemManager( 3515): HoldService:preHoldShow start!
I/HwSystemManager( 3515): HoldService:The prePermissionType is: 2
I/HwSystemManager( 3515): HoldService:preHoldShow start!
I/HwSystemManager( 3515): HoldService:The prePermissionType is: 2
I/HwSystemManager( 3515): HoldService:preHoldShow start!
I/HwSystemManager( 3515): HoldService:The prePermissionType is: 2
E/SQLiteLog( 4213): (1) no such table: mr_troop_79DA5B0620AEAACBE6A0AC41A8734E16_New
E/SQLiteLog( 4213): (1) no such table: mr_troop_5039747E6B7F843B8B8AC2449C5BE462_New
I/HwSystemManager( 3515): HoldService:preHoldShow start!
I/HwSystemManager( 3515): HoldService:The prePermissionType is: 2
E/SQLiteLog( 4213): (1) no such table: mr_troop_7E9CC9BBD493082E5DE85417188736B6_New
E/SQLiteLog( 4213): (1) no such table: mr_troop_26F09D271FCA9157BB736530B2672978_New
I/HwSystemManager( 3515): HoldService:preHoldShow start!
I/HwSystemManager( 3515): HoldService:The prePermissionType is: 2
E/SQLiteLog( 4213): (1) no such table: mr_troop_8C6A92BC5FD95A35C5D8449104D8AE56_New
I/HwSystemManager( 3515): HoldService:preHoldShow start!
I/HwSystemManager( 3515): HoldService:The prePermissionType is: 2
I/HwSystemManager( 3515): HoldService:preHoldShow start!
I/HwSystemManager( 3515): HoldService:The prePermissionType is: 2
I/HwSystemManager( 3515): HoldService:preHoldShow start!
I/HwSystemManager( 3515): HoldService:The prePermissionType is: 2
I/HwSystemManager( 3515): HoldService:preHoldShow start!
I/HwSystemManager( 3515): HoldService:The prePermissionType is: 2
I/HwSystemManager( 3515): HoldService:preHoldShow start!
I/HwSystemManager( 3515): HoldService:The prePermissionType is: 2
E/SQLiteLog( 4213): (1) no such table: mr_troop_F6AE1CBCEB7C360C477434F6C1178D94_New
I/HwSystemManager( 3515): HoldService:preHoldShow start!
I/HwSystemManager( 3515): HoldService:The prePermissionType is: 2
I/HwSystemManager( 3515): HoldService:preHoldShow start!
I/HwSystemManager( 3515): HoldService:The prePermissionType is: 2
I/HwSystemManager( 3515): HoldService:preHoldShow start!
I/HwSystemManager( 3515): HoldService:The prePermissionType is: 2
I/HwSystemManager( 3515): HoldService:preHoldShow start!
I/HwSystemManager( 3515): HoldService:The prePermissionType is: 2
I/HwSystemManager( 3515): HoldService:preHoldShow start!
I/HwSystemManager( 3515): HoldService:The prePermissionType is: 2
I/HwSystemManager( 3515): HoldService:preHoldShow start!
I/HwSystemManager( 3515): HoldService:The prePermissionType is: 2
I/HwSystemManager( 3515): HoldService:preHoldShow start!
I/HwSystemManager( 3515): HoldService:The prePermissionType is: 2
I/HwSystemManager( 3515): HoldService:preHoldShow start!
I/HwSystemManager( 3515): HoldService:The prePermissionType is: 2
I/HwSystemManager( 3515): HoldService:preHoldShow start!
I/HwSystemManager( 3515): HoldService:The prePermissionType is: 2
I/HwSystemManager( 3515): HoldService:preHoldShow start!
I/HwSystemManager( 3515): HoldService:The prePermissionType is: 2
I/HwSystemManager( 3515): HoldService:preHoldShow start!
I/HwSystemManager( 3515): HoldService:The prePermissionType is: 2
I/HwSystemManager( 3515): HoldService:preHoldShow start!
I/HwSystemManager( 3515): HoldService:The prePermissionType is: 2
I/HwSystemManager( 3515): HoldService:preHoldShow start!
I/HwSystemManager( 3515): HoldService:The prePermissionType is: 2
I/HwSystemManager( 3515): HoldService:preHoldShow start!
I/HwSystemManager( 3515): HoldService:The prePermissionType is: 2
I/HwSystemManager( 3515): HoldService:preHoldShow start!
I/HwSystemManager( 3515): HoldService:The prePermissionType is: 2
I/HwSystemManager( 3515): HoldService:preHoldShow start!
I/HwSystemManager( 3515): HoldService:The prePermissionType is: 2
I/HwSystemManager( 3515): HoldService:preHoldShow start!
I/HwSystemManager( 3515): HoldService:The prePermissionType is: 2
I/HwSystemManager( 3515): HoldService:preHoldShow start!
I/HwSystemManager( 3515): HoldService:The prePermissionType is: 2
I/HwSystemManager( 3515): HoldService:preHoldShow start!
I/HwSystemManager( 3515): HoldService:The prePermissionType is: 2
I/HwSystemManager( 3515): HoldService:preHoldShow start!
I/HwSystemManager( 3515): HoldService:The prePermissionType is: 2
I/HwSystemManager( 3515): HoldService:preHoldShow start!
I/HwSystemManager( 3515): HoldService:The prePermissionType is: 2
I/HwSystemManager( 3515): HoldService:preHoldShow start!
I/HwSystemManager( 3515): HoldService:The prePermissionType is: 2
I/HwSystemManager( 3515): HoldService:preHoldShow start!
I/HwSystemManager( 3515): HoldService:The prePermissionType is: 2
I/HwSystemManager( 3515): HoldService:preHoldShow start!
I/HwSystemManager( 3515): HoldService:The prePermissionType is: 2
I/HwSystemManager( 3515): HoldService:preHoldShow start!
I/HwSystemManager( 3515): HoldService:The prePermissionType is: 2
I/HwSystemManager( 3515): HoldService:preHoldShow start!
I/HwSystemManager( 3515): HoldService:The prePermissionType is: 2
I/HwSystemManager( 3515): HoldService:preHoldShow start!
I/HwSystemManager( 3515): HoldService:The prePermissionType is: 2
I/HwSystemManager( 3515): HoldService:preHoldShow start!
I/HwSystemManager( 3515): HoldService:The prePermissionType is: 2
I/HwSystemManager( 3515): HoldService:preHoldShow start!
I/HwSystemManager( 3515): HoldService:The prePermissionType is: 2
I/HwSystemManager( 3515): HoldService:preHoldShow start!
I/HwSystemManager( 3515): HoldService:The prePermissionType is: 2
I/HwSystemManager( 3515): HoldService:preHoldShow start!
I/HwSystemManager( 3515): HoldService:The prePermissionType is: 2
I/HwSystemManager( 3515): HoldService:preHoldShow start!
I/HwSystemManager( 3515): HoldService:The prePermissionType is: 2
I/HwSystemManager( 3515): HoldService:preHoldShow start!
I/HwSystemManager( 3515): HoldService:The prePermissionType is: 2
I/HwSystemManager( 3515): HoldService:preHoldShow start!
I/HwSystemManager( 3515): HoldService:The prePermissionType is: 2
I/HwSystemManager( 3515): HoldService:preHoldShow start!
I/HwSystemManager( 3515): HoldService:The prePermissionType is: 2
I/HwSystemManager( 3515): HoldService:preHoldShow start!
I/HwSystemManager( 3515): HoldService:The prePermissionType is: 2
I/System.out( 4213): handleQueryContactV3 isInactive false
I/HwSystemManager( 3515): HoldService:preHoldShow start!
I/HwSystemManager( 3515): HoldService:The prePermissionType is: 2
I/HwSystemManager( 3515): HoldService:preHoldShow start!
I/HwSystemManager( 3515): HoldService:The prePermissionType is: 2
I/HwSystemManager( 3515): HoldService:preHoldShow start!
I/HwSystemManager( 3515): HoldService:The prePermissionType is: 2
I/HwSystemManager( 3515): HoldService:preHoldShow start!
I/HwSystemManager( 3515): HoldService:The prePermissionType is: 2
I/HwSystemManager( 3515): HoldService:preHoldShow start!
I/HwSystemManager( 3515): HoldService:The prePermissionType is: 2
I/HwSystemManager( 3515): HoldService:preHoldShow start!
I/HwSystemManager( 3515): HoldService:The prePermissionType is: 2
I/HwSystemManager( 3515): HoldService:preHoldShow start!
I/HwSystemManager( 3515): HoldService:The prePermissionType is: 2
I/HwSystemManager( 3515): HoldService:preHoldShow start!
I/HwSystemManager( 3515): HoldService:The prePermissionType is: 2
I/HwSystemManager( 3515): HoldService:preHoldShow start!
I/HwSystemManager( 3515): HoldService:The prePermissionType is: 2
I/HwSystemManager( 3515): HoldService:preHoldShow start!
I/HwSystemManager( 3515): HoldService:The prePermissionType is: 2
I/HwSystemManager( 3515): HoldService:preHoldShow start!
I/HwSystemManager( 3515): HoldService:The prePermissionType is: 2
I/HwSystemManager( 3515): HoldService:preHoldShow start!
I/HwSystemManager( 3515): HoldService:The prePermissionType is: 2
I/HwSystemManager( 3515): HoldService:preHoldShow start!
I/HwSystemManager( 3515): HoldService:The prePermissionType is: 2
I/HwSystemManager( 3515): HoldService:preHoldShow start!
I/HwSystemManager( 3515): HoldService:The prePermissionType is: 2
I/HwSystemManager( 3515): HoldService:preHoldShow start!
I/HwSystemManager( 3515): HoldService:The prePermissionType is: 2
I/HwSystemManager( 3515): HoldService:preHoldShow start!
I/HwSystemManager( 3515): HoldService:The prePermissionType is: 2
I/HwSystemManager( 3515): HoldService:preHoldShow start!
I/HwSystemManager( 3515): HoldService:The prePermissionType is: 2
I/HwSystemManager( 3515): HoldService:preHoldShow start!
I/HwSystemManager( 3515): HoldService:The prePermissionType is: 2
I/HwSystemManager( 3515): HoldService:preHoldShow start!
I/HwSystemManager( 3515): HoldService:The prePermissionType is: 2
I/HwSystemManager( 3515): HoldService:preHoldShow start!
I/HwSystemManager( 3515): HoldService:The prePermissionType is: 2
I/HwSystemManager( 3515): HoldService:preHoldShow start!
I/HwSystemManager( 3515): HoldService:The prePermissionType is: 2
I/HwSystemManager( 3515): HoldService:preHoldShow start!
I/HwSystemManager( 3515): HoldService:The prePermissionType is: 2
I/HwSystemManager( 3515): HoldService:preHoldShow start!
I/HwSystemManager( 3515): HoldService:The prePermissionType is: 2
I/HwSystemManager( 3515): HoldService:preHoldShow start!
I/HwSystemManager( 3515): HoldService:The prePermissionType is: 2
I/HwSystemManager( 3515): HoldService:preHoldShow start!
I/HwSystemManager( 3515): HoldService:The prePermissionType is: 2
I/HwSystemManager( 3515): HoldService:preHoldShow start!
I/HwSystemManager( 3515): HoldService:The prePermissionType is: 2
I/HwSystemManager( 3515): HoldService:preHoldShow start!
I/HwSystemManager( 3515): HoldService:The prePermissionType is: 2
I/HwSystemManager( 3515): HoldService:preHoldShow start!
I/HwSystemManager( 3515): HoldService:The prePermissionType is: 2
I/HwSystemManager( 3515): HoldService:preHoldShow start!
I/HwSystemManager( 3515): HoldService:The prePermissionType is: 2
I/HwSystemManager( 3515): HoldService:preHoldShow start!
I/HwSystemManager( 3515): HoldService:The prePermissionType is: 2
I/HwSystemManager( 3515): HoldService:preHoldShow start!
I/HwSystemManager( 3515): HoldService:The prePermissionType is: 2
I/HwSystemManager( 3515): HoldService:preHoldShow start!
I/HwSystemManager( 3515): HoldService:The prePermissionType is: 2
I/HwSystemManager( 3515): HoldService:preHoldShow start!
I/HwSystemManager( 3515): HoldService:The prePermissionType is: 2
I/HwSystemManager( 3515): HoldService:preHoldShow start!
I/HwSystemManager( 3515): HoldService:The prePermissionType is: 2
I/HwSystemManager( 3515): HoldService:preHoldShow start!
I/HwSystemManager( 3515): HoldService:The prePermissionType is: 2
I/HwSystemManager( 3515): HoldService:preHoldShow start!
I/HwSystemManager( 3515): HoldService:The prePermissionType is: 2
I/HwSystemManager( 3515): HoldService:preHoldShow start!
I/HwSystemManager( 3515): HoldService:The prePermissionType is: 2
I/HwSystemManager( 3515): HoldService:preHoldShow start!
I/HwSystemManager( 3515): HoldService:The prePermissionType is: 2
I/HwSystemManager( 3515): HoldService:preHoldShow start!
I/HwSystemManager( 3515): HoldService:The prePermissionType is: 2
I/HwSystemManager( 3515): HoldService:preHoldShow start!
I/HwSystemManager( 3515): HoldService:The prePermissionType is: 2
I/HwSystemManager( 3515): HoldService:preHoldShow start!
I/HwSystemManager( 3515): HoldService:The prePermissionType is: 2
I/HwSystemManager( 3515): HoldService:preHoldShow start!
I/HwSystemManager( 3515): HoldService:The prePermissionType is: 2
I/HwSystemManager( 3515): HoldService:preHoldShow start!
I/HwSystemManager( 3515): HoldService:The prePermissionType is: 2
I/HwSystemManager( 3515): HoldService:preHoldShow start!
I/HwSystemManager( 3515): HoldService:The prePermissionType is: 2
I/HwSystemManager( 3515): HoldService:preHoldShow start!
I/HwSystemManager( 3515): HoldService:The prePermissionType is: 2
I/HwSystemManager( 3515): HoldService:preHoldShow start!
I/HwSystemManager( 3515): HoldService:The prePermissionType is: 2
I/HwSystemManager( 3515): HoldService:preHoldShow start!
I/HwSystemManager( 3515): HoldService:The prePermissionType is: 2
I/HwSystemManager( 3515): HoldService:preHoldShow start!
I/HwSystemManager( 3515): HoldService:The prePermissionType is: 2
I/HwSystemManager( 3515): HoldService:preHoldShow start!
I/HwSystemManager( 3515): HoldService:The prePermissionType is: 2
I/HwSystemManager( 3515): HoldService:preHoldShow start!
I/HwSystemManager( 3515): HoldService:The prePermissionType is: 2
I/HwSystemManager( 3515): HoldService:preHoldShow start!
I/HwSystemManager( 3515): HoldService:The prePermissionType is: 2
I/HwSystemManager( 3515): HoldService:preHoldShow start!
I/HwSystemManager( 3515): HoldService:The prePermissionType is: 2
I/HwSystemManager( 3515): HoldService:preHoldShow start!
I/HwSystemManager( 3515): HoldService:The prePermissionType is: 2
I/HwSystemManager( 3515): HoldService:preHoldShow start!
I/HwSystemManager( 3515): HoldService:The prePermissionType is: 2
I/HwSystemManager( 3515): HoldService:preHoldShow start!
I/HwSystemManager( 3515): HoldService:The prePermissionType is: 2
I/HwSystemManager( 3515): HoldService:preHoldShow start!
I/HwSystemManager( 3515): HoldService:The prePermissionType is: 2
I/HwSystemManager( 3515): HoldService:preHoldShow start!
I/HwSystemManager( 3515): HoldService:The prePermissionType is: 2
I/HwSystemManager( 3515): HoldService:preHoldShow start!
I/HwSystemManager( 3515): HoldService:The prePermissionType is: 2
I/HwSystemManager( 3515): HoldService:preHoldShow start!
I/HwSystemManager( 3515): HoldService:The prePermissionType is: 2
I/HwSystemManager( 3515): HoldService:preHoldShow start!
I/HwSystemManager( 3515): HoldService:The prePermissionType is: 2
I/HwSystemManager( 3515): HoldService:preHoldShow start!
I/HwSystemManager( 3515): HoldService:The prePermissionType is: 2
I/HwSystemManager( 3515): HoldService:preHoldShow start!
I/HwSystemManager( 3515): HoldService:The prePermissionType is: 2
W/Settings( 2963): Setting device_provisioned has moved from android.provider.Settings.Secure to android.provider.Settings.Global.
I/HwSystemManager( 3515): HoldService:preHoldShow start!
I/HwSystemManager( 3515): HoldService:The prePermissionType is: 2
I/HwSystemManager( 3515): HoldService:preHoldShow start!
I/HwSystemManager( 3515): HoldService:The prePermissionType is: 2
I/HwSystemManager( 3515): HoldService:preHoldShow start!
I/HwSystemManager( 3515): HoldService:The prePermissionType is: 2
I/HwLauncher( 3386): Launcher.LauncherProvider  begin check permission at checkPermission 
W/System.err( 3386): java.lang.SecurityException: Permission Denial: reading com.huawei.android.launcher.LauncherProvider from pid=4213, uid=10087 requires com.huawei.android.launcher.permission.WRITE_SETTINGS: uid 10087 does not have com.huawei.android.launcher.permission.WRITE_SETTINGS.
W/System.err( 3386): 	at android.app.ContextImpl.enforce(ContextImpl.java:1775)
W/System.err( 3386): 	at android.app.ContextImpl.enforcePermission(ContextImpl.java:1787)
W/System.err( 3386): 	at android.content.ContextWrapper.enforcePermission(ContextWrapper.java:561)
W/System.err( 3386): 	at com.huawei.android.launcher.LauncherProvider.checkPermission(LauncherProvider.java:560)
W/System.err( 3386): 	at com.huawei.android.launcher.LauncherProvider.call(LauncherProvider.java:575)
W/System.err( 3386): 	at android.content.ContentProvider$Transport.call(ContentProvider.java:325)
W/System.err( 3386): 	at android.content.ContentProviderNative.onTransact(ContentProviderNative.java:284)
W/System.err( 3386): 	at android.os.Binder.execTransact(Binder.java:404)
W/System.err( 3386): 	at dalvik.system.NativeStart.run(Native Method)
E/DatabaseUtils( 3386): Writing exception to parcel
E/DatabaseUtils( 3386): java.lang.SecurityException: Permission Denial: reading com.huawei.android.launcher.LauncherProvider from pid=4213, uid=10087 requires com.huawei.android.launcher.permission.WRITE_SETTINGS: uid 10087 does not have com.huawei.android.launcher.permission.WRITE_SETTINGS.
E/DatabaseUtils( 3386): 	at android.app.ContextImpl.enforce(ContextImpl.java:1775)
E/DatabaseUtils( 3386): 	at android.app.ContextImpl.enforcePermission(ContextImpl.java:1787)
E/DatabaseUtils( 3386): 	at android.content.ContextWrapper.enforcePermission(ContextWrapper.java:561)
E/DatabaseUtils( 3386): 	at com.huawei.android.launcher.LauncherProvider.checkPermission(LauncherProvider.java:560)
E/DatabaseUtils( 3386): 	at com.huawei.android.launcher.LauncherProvider.call(LauncherProvider.java:575)
E/DatabaseUtils( 3386): 	at android.content.ContentProvider$Transport.call(ContentProvider.java:325)
E/DatabaseUtils( 3386): 	at android.content.ContentProviderNative.onTransact(ContentProviderNative.java:284)
E/DatabaseUtils( 3386): 	at android.os.Binder.execTransact(Binder.java:404)
E/DatabaseUtils( 3386): 	at dalvik.system.NativeStart.run(Native Method)
I/HwSystemManager( 3515): HoldService:preHoldShow start!
I/HwSystemManager( 3515): HoldService:The prePermissionType is: 2
I/HwSystemManager( 3515): HoldService:preHoldShow start!
I/HwSystemManager( 3515): HoldService:The prePermissionType is: 2
I/HwSystemManager( 3515): HoldService:preHoldShow start!
I/HwSystemManager( 3515): HoldService:The prePermissionType is: 2
I/HwSystemManager( 3515): HoldService:preHoldShow start!
I/HwSystemManager( 3515): HoldService:The prePermissionType is: 2
I/HwSystemManager( 3515): HoldService:preHoldShow start!
I/HwSystemManager( 3515): HoldService:The prePermissionType is: 2
I/HwSystemManager( 3515): HoldService:preHoldShow start!
I/HwSystemManager( 3515): HoldService:The prePermissionType is: 2
I/PhoneStatusBar( 3116): hw_status_bar_operators = false, setSystemUIVisibily(SHOW_OPERATOR = false)
I/HwSystemManager( 3515): HoldService:preHoldShow start!
I/HwSystemManager( 3515): HoldService:The prePermissionType is: 2
I/HwSystemManager( 3515): HoldService:preHoldShow start!
I/HwSystemManager( 3515): HoldService:The prePermissionType is: 2
I/HwSystemManager( 3515): HoldService:preHoldShow start!
I/HwSystemManager( 3515): HoldService:The prePermissionType is: 2
I/HwSystemManager( 3515): HoldService:preHoldShow start!
I/HwSystemManager( 3515): HoldService:The prePermissionType is: 2
I/HwSystemManager( 3515): HoldService:preHoldShow start!
I/HwSystemManager( 3515): HoldService:The prePermissionType is: 2
I/HwSystemManager( 3515): HoldService:preHoldShow start!
I/HwSystemManager( 3515): HoldService:The prePermissionType is: 2
I/HwSystemManager( 3515): HoldService:preHoldShow start!
I/HwSystemManager( 3515): HoldService:The prePermissionType is: 2
I/HwSystemManager( 3515): HoldService:preHoldShow start!
I/HwSystemManager( 3515): HoldService:The prePermissionType is: 2
I/HwSystemManager( 3515): HoldService:preHoldShow start!
I/HwSystemManager( 3515): HoldService:The prePermissionType is: 2
I/HwSystemManager( 3515): HoldService:preHoldShow start!
I/HwSystemManager( 3515): HoldService:The prePermissionType is: 2
I/HwSystemManager( 3515): HoldService:preHoldShow start!
I/HwSystemManager( 3515): HoldService:The prePermissionType is: 2
I/HwSystemManager( 3515): HoldService:preHoldShow start!
I/HwSystemManager( 3515): HoldService:The prePermissionType is: 2
I/HwSystemManager( 3515): HoldService:preHoldShow start!
I/HwSystemManager( 3515): HoldService:The prePermissionType is: 2
I/HwSystemManager( 3515): HoldService:preHoldShow start!
I/HwSystemManager( 3515): HoldService:The prePermissionType is: 2
I/HwSystemManager( 3515): HoldService:preHoldShow start!
I/HwSystemManager( 3515): HoldService:The prePermissionType is: 2
I/HwSystemManager( 3515): HoldService:preHoldShow start!
I/HwSystemManager( 3515): HoldService:The prePermissionType is: 2
I/ActivityManager( 2963): filter receiver for action = android.net.wifi.SCAN_RESULTS
I/HwSystemManager( 3515): HoldService:preHoldShow start!
I/HwSystemManager( 3515): HoldService:The prePermissionType is: 2
I/HwSystemManager( 3515): HoldService:preHoldShow start!
I/HwSystemManager( 3515): HoldService:The prePermissionType is: 2
I/HwSystemManager( 3515): HoldService:preHoldShow start!
I/HwSystemManager( 3515): HoldService:The prePermissionType is: 2
I/HwSystemManager( 3515): HoldService:preHoldShow start!
I/HwSystemManager( 3515): HoldService:The prePermissionType is: 2
I/HwSystemManager( 3515): HoldService:preHoldShow start!
I/HwSystemManager( 3515): HoldService:The prePermissionType is: 2
I/HwSystemManager( 3515): HoldService:preHoldShow start!
I/HwSystemManager( 3515): HoldService:The prePermissionType is: 2
I/HwSystemManager( 3515): HoldService:preHoldShow start!
I/HwSystemManager( 3515): HoldService:The prePermissionType is: 2
I/HwSystemManager( 3515): HoldService:preHoldShow start!
I/HwSystemManager( 3515): HoldService:The prePermissionType is: 2
I/HwSystemManager( 3515): HoldService:preHoldShow start!
I/HwSystemManager( 3515): HoldService:The prePermissionType is: 2
I/HwSystemManager( 3515): HoldService:preHoldShow start!
I/HwSystemManager( 3515): HoldService:The prePermissionType is: 2
I/HwSystemManager( 3515): HoldService:preHoldShow start!
E/HwSystemManager( 3515): getSimCardType:/getSimCardInfo: imsi is null
I/HwSystemManager( 3515): HoldService:The prePermissionType is: 2
E/HwSystemManager( 3515): getSimCardType:/getSimCardInfo: imsi is null
I/HwSystemManager( 3515): HoldService:preHoldShow start!
I/HwSystemManager( 3515): HoldService:The prePermissionType is: 2
I/ReqDpcInfoNewItem( 4213): getCheckUpdateItemData
I/HwSystemManager( 3515): HoldService:preHoldShow start!
I/HwSystemManager( 3515): HoldService:The prePermissionType is: 2
I/HwSystemManager( 3515): HoldService:preHoldShow start!
I/HwSystemManager( 3515): HoldService:The prePermissionType is: 2
I/DeviceProfileManager( 4213): config.version = 1459912446
I/DeviceProfileManager( 4213): buidldReqConfig{ brand= HUAWEI ,model= H60-L02 ,os.type= 2 ,os.kernel= 3.10.30-00004-gd75f122 ,os.sdk= 19 ,os.version= 4.4.2 ,os.rom= H60-L02V100R001CHNC00B317 ,cpu.model=  ARMv7 Processor rev 5 (v7l) 0 1 2 3 4 5 6 7  : 71.31  : swp half thumb fastmult vfp edsp neon vfpv3 tls vfpv4 idiva idivt  : 7 ,cpu.cores= 8 ,cpu.frequency= 1275 ,memory.total= 3159502848 ,memory.process= 201326592 ,storage.builtin= 12424626176 ,storage.external= 14860419072 ,screen.model=  ,screen.width= 1196 ,screen.height= 720 ,screen.dpi= 320 ,screen.multi_touch= true ,camera.primary= 0 ,camera.secondary= 0 ,camera.flash= false }
I/HwSystemManager( 3515): HoldService:preHoldShow start!
I/HwSystemManager( 3515): HoldService:The prePermissionType is: 2
I/HwSystemManager( 3515): HoldService:preHoldShow start!
I/HwSystemManager( 3515): HoldService:The prePermissionType is: 2
I/HwSystemManager( 3515): HoldService:preHoldShow start!
I/HwSystemManager( 3515): HoldService:The prePermissionType is: 2
I/HwSystemManager( 3515): HoldService:preHoldShow start!
I/HwSystemManager( 3515): HoldService:The prePermissionType is: 2
I/HwSystemManager( 3515): HoldService:preHoldShow start!
I/HwSystemManager( 3515): HoldService:The prePermissionType is: 2
I/HwSystemManager( 3515): HoldService:preHoldShow start!
I/HwSystemManager( 3515): HoldService:The prePermissionType is: 2
I/dalvikvm-heap( 4213): Grow heap (frag case) to 23.315MB for 420038-byte allocation
I/dalvikvm-heap( 4213): Grow heap (frag case) to 23.341MB for 367950-byte allocation
E/SQLiteLog( 4213): (1) no such table: PAReportInfo
I/HwSystemManager( 3515): HoldService:preHoldShow start!
I/HwSystemManager( 3515): HoldService:The prePermissionType is: 2
I/HwSystemManager( 3515): HoldService:preHoldShow start!
I/HwSystemManager( 3515): HoldService:The prePermissionType is: 2
I/HwSystemManager( 3515): HoldService:preHoldShow start!
I/HwSystemManager( 3515): HoldService:The prePermissionType is: 2
I/HwSystemManager( 3515): HoldService:preHoldShow start!
I/HwSystemManager( 3515): HoldService:The prePermissionType is: 2
I/HwSystemManager( 3515): HoldService:preHoldShow start!
I/HwSystemManager( 3515): HoldService:The prePermissionType is: 2
I/HwSystemManager( 3515): HoldService:preHoldShow start!
I/HwSystemManager( 3515): HoldService:The prePermissionType is: 2
I/HwSystemManager( 3515): HoldService:preHoldShow start!
I/HwSystemManager( 3515): HoldService:The prePermissionType is: 2
I/HwSystemManager( 3515): HoldService:preHoldShow start!
I/HwSystemManager( 3515): HoldService:The prePermissionType is: 2
I/HwSystemManager( 3515): HoldService:preHoldShow start!
I/HwSystemManager( 3515): HoldService:The prePermissionType is: 2
I/HwSystemManager( 3515): HoldService:preHoldShow start!
I/HwSystemManager( 3515): HoldService:The prePermissionType is: 2
W/Settings( 4096): Setting airplane_mode_on has moved from android.provider.Settings.System to android.provider.Settings.Global, returning read-only value.
I/HwSystemManager( 3515): HoldService:preHoldShow start!
I/HwSystemManager( 3515): HoldService:The prePermissionType is: 2
I/HwSystemManager( 3515): HoldService:preHoldShow start!
I/HwSystemManager( 3515): HoldService:The prePermissionType is: 2
W/System.err( 4213): java.lang.NullPointerException
I/HwSystemManager( 3515): HoldService:preHoldShow start!
I/HwSystemManager( 3515): HoldService:The prePermissionType is: 2
W/System.err( 4213): 	at com.tencent.mobileqq.profile.ProfileCardCheckUpdate.c(ProGuard:216)
W/System.err( 4213): 	at com.tencent.mobileqq.profile.ProfileCardCheckUpdate.a(ProGuard:159)
W/System.err( 4213): 	at com.tencent.mobileqq.profile.ProfileCardCheckUpdate.a(ProGuard:298)
W/System.err( 4213): 	at com.tencent.mobileqq.service.profile.ProfileService.e(ProGuard:323)
W/System.err( 4213): 	at com.tencent.mobileqq.service.profile.ProfileService.b(ProGuard:247)
W/System.err( 4213): 	at com.tencent.mobileqq.service.profile.ProfileService.a(ProGuard:1419)
W/System.err( 4213): 	at com.tencent.mobileqq.service.MobileQQServiceBase.a(ProGuard:144)
W/System.err( 4213): 	at com.tencent.mobileqq.service.MobileQQService.a(ProGuard:702)
W/System.err( 4213): 	at qxn.run(ProGuard:74)
W/System.err( 4213): 	at com.tencent.mobileqq.service.MobileQQServiceBase.b(ProGuard:98)
W/System.err( 4213): 	at com.tencent.mobileqq.service.MobileQQService.a(ProGuard:625)
W/System.err( 4213): 	at com.tencent.mobileqq.app.QQAppInterface.a(ProGuard:8477)
W/System.err( 4213): 	at com.tencent.mobileqq.app.BusinessHandler.a(ProGuard:57)
W/System.err( 4213): 	at com.tencent.mobileqq.app.FriendListHandler.a(ProGuard:718)
W/System.err( 4213): 	at com.tencent.mobileqq.app.automator.step.GetCheckUpdate.a(ProGuard:113)
W/System.err( 4213): 	at com.tencent.mobileqq.app.automator.AsyncStep.run(ProGuard:52)
W/System.err( 4213): 	at com.tencent.mobileqq.app.automator.LinearGroup.a(ProGuard:11)
W/System.err( 4213): 	at com.tencent.mobileqq.app.automator.AsyncStep.run(ProGuard:52)
W/System.err( 4213): 	at com.tencent.mobileqq.app.automator.Automator.run(ProGuard:118)
W/System.err( 4213): 	at java.util.concurrent.ThreadPoolExecutor.runWorker(ThreadPoolExecutor.java:1112)
W/System.err( 4213): 	at java.util.concurrent.ThreadPoolExecutor$Worker.run(ThreadPoolExecutor.java:587)
W/System.err( 4213): 	at java.lang.Thread.run(Thread.java:841)
I/HwSystemManager( 3515): HoldService:preHoldShow start!
I/HwSystemManager( 3515): HoldService:The prePermissionType is: 2
I/HwSystemManager( 3515): HoldService:preHoldShow start!
I/HwSystemManager( 3515): HoldService:The prePermissionType is: 2
I/HwSystemManager( 3515): HoldService:preHoldShow start!
I/HwSystemManager( 3515): HoldService:The prePermissionType is: 2
I/HwSystemManager( 3515): HoldService:preHoldShow start!
I/HwSystemManager( 3515): HoldService:The prePermissionType is: 2
I/HwSystemManager( 3515): HoldService:preHoldShow start!
I/HwSystemManager( 3515): HoldService:The prePermissionType is: 2
I/HwSystemManager( 3515): HoldService:preHoldShow start!
I/HwSystemManager( 3515): HoldService:The prePermissionType is: 2
I/HwSystemManager( 3515): HoldService:preHoldShow start!
I/HwSystemManager( 3515): HoldService:The prePermissionType is: 2
I/HwSystemManager( 3515): HoldService:preHoldShow start!
I/HwSystemManager( 3515): HoldService:The prePermissionType is: 2
I/HwSystemManager( 3515): HoldService:preHoldShow start!
I/HwSystemManager( 3515): HoldService:The prePermissionType is: 2
E/SQLiteLog( 4213): (1) no such table: mr_friend_D005CE7AEEF46BD18515F783FB8E87FA_New
I/HwSystemManager( 3515): HoldService:preHoldShow start!
I/HwSystemManager( 3515): HoldService:The prePermissionType is: 2
I/HwSystemManager( 3515): HoldService:preHoldShow start!
I/HwSystemManager( 3515): HoldService:The prePermissionType is: 2
I/HwSystemManager( 3515): HoldService:preHoldShow start!
I/PstnHandler( 4213):  === sendGetPstnSwitch === 
I/HwSystemManager( 3515): HoldService:The prePermissionType is: 2
I/HwSystemManager( 3515): HoldService:preHoldShow start!
I/HwSystemManager( 3515): HoldService:The prePermissionType is: 2
I/HwSystemManager( 3515): HoldService:preHoldShow start!
I/HwSystemManager( 3515): HoldService:The prePermissionType is: 2
I/HwSystemManager( 3515): HoldService:preHoldShow start!
I/HwSystemManager( 3515): HoldService:The prePermissionType is: 2
I/HwSystemManager( 3515): HoldService:preHoldShow start!
I/HwSystemManager( 3515): HoldService:The prePermissionType is: 2
I/HwSystemManager( 3515): HoldService:preHoldShow start!
I/HwSystemManager( 3515): HoldService:The prePermissionType is: 2
I/HwSystemManager( 3515): HoldService:preHoldShow start!
I/HwSystemManager( 3515): HoldService:The prePermissionType is: 2
I/HwSystemManager( 3515): HoldService:preHoldShow start!
I/HwSystemManager( 3515): HoldService:The prePermissionType is: 2
I/HwSystemManager( 3515): HoldService:preHoldShow start!
I/HwSystemManager( 3515): HoldService:The prePermissionType is: 2
I/HwSystemManager( 3515): HoldService:preHoldShow start!
I/HwSystemManager( 3515): HoldService:The prePermissionType is: 2
I/HwSystemManager( 3515): HoldService:preHoldShow start!
I/HwSystemManager( 3515): HoldService:The prePermissionType is: 2
I/HwSystemManager( 3515): HoldService:preHoldShow start!
I/HwSystemManager( 3515): HoldService:The prePermissionType is: 2
I/HwSystemManager( 3515): HoldService:preHoldShow start!
I/HwSystemManager( 3515): HoldService:The prePermissionType is: 2
I/HwSystemManager( 3515): HoldService:preHoldShow start!
I/HwSystemManager( 3515): HoldService:The prePermissionType is: 2
I/HwSystemManager( 3515): HoldService:preHoldShow start!
I/HwSystemManager( 3515): HoldService:The prePermissionType is: 2
I/HwSystemManager( 3515): HoldService:preHoldShow start!
I/HwSystemManager( 3515): HoldService:The prePermissionType is: 2
I/HwLauncher( 3386): Launcher.LauncherProvider  begin check permission at checkPermission 
I/HwSystemManager( 3515): HoldService:preHoldShow start!
W/System.err( 3386): java.lang.SecurityException: Permission Denial: reading com.huawei.android.launcher.LauncherProvider from pid=4213, uid=10087 requires com.huawei.android.launcher.permission.WRITE_SETTINGS: uid 10087 does not have com.huawei.android.launcher.permission.WRITE_SETTINGS.
W/System.err( 3386): 	at android.app.ContextImpl.enforce(ContextImpl.java:1775)
I/HwSystemManager( 3515): HoldService:The prePermissionType is: 2
W/System.err( 3386): 	at android.app.ContextImpl.enforcePermission(ContextImpl.java:1787)
W/System.err( 3386): 	at android.content.ContextWrapper.enforcePermission(ContextWrapper.java:561)
W/System.err( 3386): 	at com.huawei.android.launcher.LauncherProvider.checkPermission(LauncherProvider.java:560)
W/System.err( 3386): 	at com.huawei.android.launcher.LauncherProvider.call(LauncherProvider.java:575)
W/System.err( 3386): 	at android.content.ContentProvider$Transport.call(ContentProvider.java:325)
W/System.err( 3386): 	at android.content.ContentProviderNative.onTransact(ContentProviderNative.java:284)
W/System.err( 3386): 	at android.os.Binder.execTransact(Binder.java:404)
W/System.err( 3386): 	at dalvik.system.NativeStart.run(Native Method)
E/DatabaseUtils( 3386): Writing exception to parcel
E/DatabaseUtils( 3386): java.lang.SecurityException: Permission Denial: reading com.huawei.android.launcher.LauncherProvider from pid=4213, uid=10087 requires com.huawei.android.launcher.permission.WRITE_SETTINGS: uid 10087 does not have com.huawei.android.launcher.permission.WRITE_SETTINGS.
E/DatabaseUtils( 3386): 	at android.app.ContextImpl.enforce(ContextImpl.java:1775)
E/DatabaseUtils( 3386): 	at android.app.ContextImpl.enforcePermission(ContextImpl.java:1787)
E/DatabaseUtils( 3386): 	at android.content.ContextWrapper.enforcePermission(ContextWrapper.java:561)
E/DatabaseUtils( 3386): 	at com.huawei.android.launcher.LauncherProvider.checkPermission(LauncherProvider.java:560)
E/DatabaseUtils( 3386): 	at com.huawei.android.launcher.LauncherProvider.call(LauncherProvider.java:575)
E/DatabaseUtils( 3386): 	at android.content.ContentProvider$Transport.call(ContentProvider.java:325)
E/DatabaseUtils( 3386): 	at android.content.ContentProviderNative.onTransact(ContentProviderNative.java:284)
E/DatabaseUtils( 3386): 	at android.os.Binder.execTransact(Binder.java:404)
E/DatabaseUtils( 3386): 	at dalvik.system.NativeStart.run(Native Method)
I/HwSystemManager( 3515): HoldService:preHoldShow start!
I/HwSystemManager( 3515): HoldService:The prePermissionType is: 2
I/ReqDpcInfoNewItem( 4213): handleCheckUpdateItemData2
I/ReqDpcInfoNewItem( 4213): respGetConfig has no contentlist
I/HwSystemManager( 3515): HoldService:preHoldShow start!
I/HwSystemManager( 3515): HoldService:The prePermissionType is: 2
I/HwSystemManager( 3515): HoldService:preHoldShow start!
I/HwSystemManager( 3515): HoldService:The prePermissionType is: 2
I/HwSystemManager( 3515): HoldService:preHoldShow start!
I/HwSystemManager( 3515): HoldService:The prePermissionType is: 2
I/HwSystemManager( 3515): HoldService:preHoldShow start!
I/HwSystemManager( 3515): HoldService:The prePermissionType is: 2
I/HwSystemManager( 3515): HoldService:preHoldShow start!
I/HwSystemManager( 3515): HoldService:The prePermissionType is: 2
I/HwSystemManager( 3515): HoldService:preHoldShow start!
I/HwSystemManager( 3515): HoldService:The prePermissionType is: 2
I/HwSystemManager( 3515): HoldService:preHoldShow start!
I/HwSystemManager( 3515): HoldService:The prePermissionType is: 2
I/HwSystemManager( 3515): HoldService:preHoldShow start!
I/HwSystemManager( 3515): HoldService:The prePermissionType is: 2
I/HwSystemManager( 3515): HoldService:preHoldShow start!
I/HwSystemManager( 3515): HoldService:The prePermissionType is: 2
I/HwSystemManager( 3515): HoldService:preHoldShow start!
I/HwSystemManager( 3515): HoldService:The prePermissionType is: 2
I/HwSystemManager( 3515): HoldService:preHoldShow start!
I/HwSystemManager( 3515): HoldService:The prePermissionType is: 2
I/HwSystemManager( 3515): HoldService:preHoldShow start!
I/HwSystemManager( 3515): HoldService:The prePermissionType is: 2
I/HwSystemManager( 3515): HoldService:preHoldShow start!
I/HwSystemManager( 3515): HoldService:The prePermissionType is: 2
I/HwSystemManager( 3515): HoldService:preHoldShow start!
I/HwSystemManager( 3515): HoldService:The prePermissionType is: 2
I/HwSystemManager( 3515): HoldService:preHoldShow start!
I/HwSystemManager( 3515): HoldService:The prePermissionType is: 2
I/HwSystemManager( 3515): HoldService:preHoldShow start!
I/HwSystemManager( 3515): HoldService:The prePermissionType is: 2
I/HwLauncher( 3386): Launcher.LauncherProvider  begin check permission at checkPermission 
W/System.err( 3386): java.lang.SecurityException: Permission Denial: reading com.huawei.android.launcher.LauncherProvider from pid=4213, uid=10087 requires com.huawei.android.launcher.permission.WRITE_SETTINGS: uid 10087 does not have com.huawei.android.launcher.permission.WRITE_SETTINGS.
W/System.err( 3386): 	at android.app.ContextImpl.enforce(ContextImpl.java:1775)
W/System.err( 3386): 	at android.app.ContextImpl.enforcePermission(ContextImpl.java:1787)
W/System.err( 3386): 	at android.content.ContextWrapper.enforcePermission(ContextWrapper.java:561)
W/System.err( 3386): 	at com.huawei.android.launcher.LauncherProvider.checkPermission(LauncherProvider.java:560)
W/System.err( 3386): 	at com.huawei.android.launcher.LauncherProvider.call(LauncherProvider.java:575)
W/System.err( 3386): 	at android.content.ContentProvider$Transport.call(ContentProvider.java:325)
W/System.err( 3386): 	at android.content.ContentProviderNative.onTransact(ContentProviderNative.java:284)
W/System.err( 3386): 	at android.os.Binder.execTransact(Binder.java:404)
W/System.err( 3386): 	at dalvik.system.NativeStart.run(Native Method)
E/DatabaseUtils( 3386): Writing exception to parcel
E/DatabaseUtils( 3386): java.lang.SecurityException: Permission Denial: reading com.huawei.android.launcher.LauncherProvider from pid=4213, uid=10087 requires com.huawei.android.launcher.permission.WRITE_SETTINGS: uid 10087 does not have com.huawei.android.launcher.permission.WRITE_SETTINGS.
E/DatabaseUtils( 3386): 	at android.app.ContextImpl.enforce(ContextImpl.java:1775)
E/DatabaseUtils( 3386): 	at android.app.ContextImpl.enforcePermission(ContextImpl.java:1787)
E/DatabaseUtils( 3386): 	at android.content.ContextWrapper.enforcePermission(ContextWrapper.java:561)
E/DatabaseUtils( 3386): 	at com.huawei.android.launcher.LauncherProvider.checkPermission(LauncherProvider.java:560)
E/DatabaseUtils( 3386): 	at com.huawei.android.launcher.LauncherProvider.call(LauncherProvider.java:575)
E/DatabaseUtils( 3386): 	at android.content.ContentProvider$Transport.call(ContentProvider.java:325)
E/DatabaseUtils( 3386): 	at android.content.ContentProviderNative.onTransact(ContentProviderNative.java:284)
E/DatabaseUtils( 3386): 	at android.os.Binder.execTransact(Binder.java:404)
E/DatabaseUtils( 3386): 	at dalvik.system.NativeStart.run(Native Method)
I/HwSystemManager( 3515): HoldService:preHoldShow start!
I/HwSystemManager( 3515): HoldService:The prePermissionType is: 2
I/HwSystemManager( 3515): HoldService:preHoldShow start!
I/HwSystemManager( 3515): HoldService:The prePermissionType is: 2
I/HwSystemManager( 3515): HoldService:preHoldShow start!
I/HwSystemManager( 3515): HoldService:The prePermissionType is: 2
I/HwSystemManager( 3515): HoldService:preHoldShow start!
I/HwSystemManager( 3515): HoldService:The prePermissionType is: 2
I/HwSystemManager( 3515): HoldService:preHoldShow start!
I/HwSystemManager( 3515): HoldService:The prePermissionType is: 2
I/HwSystemManager( 3515): HoldService:preHoldShow start!
I/HwSystemManager( 3515): HoldService:The prePermissionType is: 2
I/HwSystemManager( 3515): HoldService:preHoldShow start!
I/HwSystemManager( 3515): HoldService:The prePermissionType is: 2
I/HwSystemManager( 3515): HoldService:preHoldShow start!
I/HwSystemManager( 3515): HoldService:The prePermissionType is: 2
I/HwSystemManager( 3515): HoldService:preHoldShow start!
I/HwSystemManager( 3515): HoldService:The prePermissionType is: 2
I/HwSystemManager( 3515): HoldService:preHoldShow start!
I/HwSystemManager( 3515): HoldService:The prePermissionType is: 2
I/HwSystemManager( 3515): HoldService:preHoldShow start!
I/HwSystemManager( 3515): HoldService:The prePermissionType is: 2
I/HwSystemManager( 3515): HoldService:preHoldShow start!
I/HwSystemManager( 3515): HoldService:The prePermissionType is: 2
I/HwSystemManager( 3515): HoldService:preHoldShow start!
I/HwSystemManager( 3515): HoldService:The prePermissionType is: 2
I/HwSystemManager( 3515): HoldService:preHoldShow start!
I/HwSystemManager( 3515): HoldService:The prePermissionType is: 2
I/HwSystemManager( 3515): HoldService:preHoldShow start!
I/HwSystemManager( 3515): HoldService:The prePermissionType is: 2
I/HwSystemManager( 3515): HoldService:preHoldShow start!
I/HwSystemManager( 3515): HoldService:The prePermissionType is: 2
I/wpa_supplicant( 3938): wlan0: HEART-BEAT-ACK: 6
I/HwSystemManager( 3515): HoldService:preHoldShow start!
I/HwSystemManager( 3515): HoldService:The prePermissionType is: 2
I/HwSystemManager( 3515): HoldService:preHoldShow start!
I/HwSystemManager( 3515): HoldService:The prePermissionType is: 2
I/HwSystemManager( 3515): HoldService:preHoldShow start!
I/HwSystemManager( 3515): HoldService:The prePermissionType is: 2
I/HwSystemManager( 3515): HoldService:preHoldShow start!
I/HwSystemManager( 3515): HoldService:The prePermissionType is: 2
