I/HwSystemManager( 3515): HoldService:The prePermissionType is: 1
I/HwSystemManager( 3515): HoldService:preHoldShow start!
I/HwSystemManager( 3515): HoldService:The prePermissionType is: 1
E/SQLiteLog( 4213): (1) no such table: mr_friend_0602940F23884F782058EFAC46F64B0F_New
I/UniformDownloadMgr<FileAssistant>( 4213): [UniformDL] UniformDownloadMgr onActiveAccount...
I/UniformDownloadMgr<FileAssistant>( 4213): [UniformDL] >>>resumeRuningDownloadPreMobileQQReboot. start resume
I/UniformDownloadMgr<FileAssistant>( 4213): [UniformDL] getDownloadingRbResmeInfo, size:[0]
I/UniformDownloadMgr<FileAssistant>( 4213): [UniformDL] clearDownloadingRbResmeInfo...
I/HwSystemManager( 3515): HoldService:preHoldShow start!
I/HwSystemManager( 3515): HoldService:The prePermissionType is: 1
I/HwSystemManager( 3515): HoldService:preHoldShow start!
I/HwSystemManager( 3515): HoldService:The prePermissionType is: 1
I/HwSystemManager( 3515): HoldService:preHoldShow start!
I/HwSystemManager( 3515): HoldService:The prePermissionType is: 1
I/HwSystemManager( 3515): HoldService:preHoldShow start!
I/HwSystemManager( 3515): HoldService:The prePermissionType is: 1
I/HwSystemManager( 3515): HoldService:preHoldShow start!
I/HwSystemManager( 3515): HoldService:The prePermissionType is: 1
I/HwSystemManager( 3515): HoldService:preHoldShow start!
I/HwSystemManager( 3515): HoldService:The prePermissionType is: 1
I/HwSystemManager( 3515): HoldService:preHoldShow start!
I/HwSystemManager( 3515): HoldService:The prePermissionType is: 1
I/HwSystemManager( 3515): HoldService:preHoldShow start!
I/HwSystemManager( 3515): HoldService:The prePermissionType is: 1
I/HwSystemManager( 3515): HoldService:preHoldShow start!
I/HwSystemManager( 3515): HoldService:The prePermissionType is: 1
W/Settings( 4096): Setting airplane_mode_on has moved from android.provider.Settings.System to android.provider.Settings.Global, returning read-only value.
W/beacon  ( 4096): onUserAction return false, because eventName:[GM_LiteStart] is not allowed in server strategy!
I/HwSystemManager( 3515): HoldService:preHoldShow start!
I/HwSystemManager( 3515): HoldService:The prePermissionType is: 1
I/HwSystemManager( 3515): HoldService:preHoldShow start!
I/HwSystemManager( 3515): HoldService:The prePermissionType is: 1
I/HwSystemManager( 3515): HoldService:preHoldShow start!
I/HwSystemManager( 3515): HoldService:The prePermissionType is: 1
I/HwSystemManager( 3515): HoldService:preHoldShow start!
I/HwSystemManager( 3515): HoldService:The prePermissionType is: 1
I/HwSystemManager( 3515): HoldService:preHoldShow start!
I/HwSystemManager( 3515): HoldService:The prePermissionType is: 1
I/HwSystemManager( 3515): HoldService:preHoldShow start!
I/HwSystemManager( 3515): HoldService:The prePermissionType is: 1
I/HwSystemManager( 3515): HoldService:preHoldShow start!
I/HwSystemManager( 3515): HoldService:The prePermissionType is: 1
I/HwSystemManager( 3515): HoldService:preHoldShow start!
I/HwSystemManager( 3515): HoldService:The prePermissionType is: 1
E/SQLiteLog( 4213): (1) no such table: mr_friend_0197FCD95060131D9BC5E564F842ED53_New
E/SQLiteLog( 4213): (1) no such table: mr_friend_966BC24F56AB8397AB2303E8E4CDB4C7_New
I/HwSystemManager( 3515): HoldService:preHoldShow start!
I/HwSystemManager( 3515): HoldService:The prePermissionType is: 1
I/HwSystemManager( 3515): HoldService:preHoldShow start!
I/HwSystemManager( 3515): HoldService:The prePermissionType is: 1
E/SQLiteLog( 4213): (1) no such table: mr_friend_0602940F23884F782058EFAC46F64B0F_New
I/HwSystemManager( 3515): HoldService:preHoldShow start!
I/HwSystemManager( 3515): HoldService:The prePermissionType is: 1
I/HwSystemManager( 3515): HoldService:preHoldShow start!
I/HwSystemManager( 3515): HoldService:The prePermissionType is: 1
I/HwSystemManager( 3515): HoldService:preHoldShow start!
I/HwSystemManager( 3515): HoldService:The prePermissionType is: 1
I/K3V3CpuGovernorPolicy( 3338): set scene Hmp policy : 300 , 150
I/HwLauncher( 3386): Launcher onPause()
W/HwLauncher( 3386): Launcher.MotionManager failed to stop TYPE_SHAKE_CHANGE_WALLPAPER
W/HwLauncher( 3386): Launcher.MotionManager failed to stop TYPE_SHAKE_START_PRIVACY
I/HwSystemManager( 3515): HoldService:preHoldShow start!
I/HwSystemManager( 3515): HoldService:The prePermissionType is: 1
W/[Gralloc-Warning]( 2420): int gralloc_register_buffer(const gralloc_module_t*, buffer_handle_t):66 Registering handle 0xb8318fa0 coming from the same process: 2420.
I/InputReader( 2963): Reconfiguring input devices.  changes=0x00000004
I/InputReader( 2963): Device reconfigured: id=2, name='huawei,touchscreen', size 720x1280, orientation 1, mode 1, display id 0
W/Settings( 3330): Setting airplane_mode_on has moved from android.provider.Settings.System to android.provider.Settings.Global, returning read-only value.
W/Settings( 3330): Setting airplane_mode_on has moved from android.provider.Settings.System to android.provider.Settings.Global, returning read-only value.
I/HwSystemManager( 3515): HsmPackageManager:onConfigureChanged: zh_CN
I/HwSystemManager( 3560): HsmPackageManager:onConfigureChanged: zh_CN
W/NavigationBarViewEx( 3116): the revision navigation bar when the gesture status is 1
I/AutoMonitor( 4213): MSG_ProxyInitTime, cost=464
I/AutoMonitor( 4213): MSG_InitMsgNum, cost=511
I/HwSystemManager( 3515): HoldService:preHoldShow start!
I/HwSystemManager( 3515): HoldService:The prePermissionType is: 1
W/Settings( 4213): Setting android_id has moved from android.provider.Settings.System to android.provider.Settings.Secure, returning read-only value.
I/HwLauncher( 3386): DynamicIcon onWindowVisibilityChanged 8 - com.android.deskclock
I/HwLauncher( 3386): DynamicIcon onWindowVisibilityChanged 8 - com.android.calendar
I/HwLauncher( 3386): DynamicIcon onWindowVisibilityChanged 8 - com.huawei.android.totemweather
I/PanelView( 3116): Configuration orientation changed
I/PanelView( 3116): recycle systemui self's blurwallpaper bitmap
I/PanelView( 3116): blurBitmap:android.graphics.Bitmap@44490048
I/PanelView( 3116): scale bitmap
I/HwLauncher( 3386): Launcher onStop()
E/HwLauncher( 3386): Launcher dialog dismiss failed : java.lang.IllegalArgumentException: no dialog with id 1 was ever shown via Activity#showDialog
I/HwLauncher( 3386): Launcher dynamicIconsUnregister
I/HwLauncher( 3386): DynamicUpdater unregisterReceiver
I/HwLauncher( 3386): DynamicIcon onPause  isvisible = true   mAttachedToWindow:true    mWindowVisible:falsecom.android.deskclock
I/HwLauncher( 3386): DynamicUpdater unregisterReceiver
I/HwLauncher( 3386): DynamicIcon onPause  isvisible = true   mAttachedToWindow:true    mWindowVisible:falsecom.android.calendar
I/HwLauncher( 3386): DynamicUpdater unregisterReceiver
I/HwLauncher( 3386): DynamicIcon onPause  isvisible = true   mAttachedToWindow:true    mWindowVisible:falsecom.huawei.android.totemweather
I/HwLauncher( 3386): DynamicIcon onVisibilityChanged 4 - com.android.deskclock
I/HwLauncher( 3386): DynamicIcon onVisibilityChanged 4 - com.android.calendar
I/HwLauncher( 3386): DynamicIcon onVisibilityChanged 4 - com.huawei.android.totemweather
I/HwLauncher( 3386): Model  onReceive intent=Intent { act=android.intent.action.CONFIGURATION_CHANGED flg=0x70000010 }
I/HwLauncher( 3386): Launcher updateOrientToPortrait original orientation = 2
I/HwLauncher( 3386): Launcher.Settings  updateIconTitleSize fontSize = 13.0
I/PanelView( 3116): mNotificationPanelBlurBitmap:android.graphics.Bitmap@428cd050
E/CommandListener( 2417): readDefRoute call readDefRoute
E/SecondaryTablController( 2417): isWifiDefaultRouteExisted /system/bin/ip route
I/CoreMap/init( 3116): init toolbox data [["com.android.systemui.statusbar.toolbox.control.WifiTracker","com.android.systemui.statusbar.toolbox.control.LTETracker","com.android.systemui.statusbar.toolbox.control.BluetoothTracker","com.android.systemui.statusbar.toolbox.control.SilentTracker","com.android.systemui.statusbar.toolbox.control.WifiHotspotTracker","com.android.systemui.statusbar.toolbox.control.DataSwitchTracker","com.android.systemui.statusbar.toolbox.control.GPSTracker","com.android.systemui.statusbar.toolbox.control.AirplaneModeTracker","com.android.systemui.statusbar.toolbox.control.BusyModeTracker","com.android.systemui.statusbar.toolbox.control.AutoRotateTracker","com.android.systemui.statusbar.toolbox.control.ScreenshotTracker","com.android.systemui.statusbar.toolbox.control.ScreenLockTracker","com.android.systemui.statusbar.toolbox.control.SingleHandTracker","com.android.systemui.statusbar.toolbox.control.SuspendTasksTracker","com.android.systemui.statusbar.toolbox.control.AirSharingTracker","com.android.systemui.statusbar.toolbox.control.SuperPowerModeTracker","com.android.systemui.statusbar.toolbox.control.FlashlightTracker","com.android.systemui.statusbar.toolbox.control.SyncTracker","com.android.systemui.statusbar.toolbox.control.VolumeTracker","com.android.systemui.statusbar.toolbox.control.PowerRestartTracker","com.android.systemui.statusbar.toolbox.control.PowerOffTracker","com.android.systemui.statusbar.toolbox.control.RogTracker"]]
W/Settings( 3116): Setting airplane_mode_on has moved from android.provider.Settings.System to android.provider.Settings.Global, returning read-only value.
W/Settings( 3116): Setting airplane_mode_on has moved from android.provider.Settings.System to android.provider.Settings.Global, returning read-only value.
I/CoreMap/init( 3116): Current is not the first time init toolbox, load from SharedPreferences
I/CoreMap/init( 3116): custSha1Digest = -123-9563-20120-118-103-10591-8-78-4954-84114-11535-1227092
I/CoreMap/init( 3116): currentSha1Diget = -123-9563-20120-118-103-10591-8-78-4954-84114-11535-1227092
I/CoreMap/init( 3116): needReadCustFile = false
I/HwSystemManager( 3515): HoldService:preHoldShow start!
I/HwSystemManager( 3515): HoldService:The prePermissionType is: 1
I/GamePlayNativeActivity( 6657): onCreate
I/HwSystemManager( 3515): HoldService:preHoldShow start!
I/HwSystemManager( 3515): HoldService:The prePermissionType is: 1
I/PhoneStatusBar( 3116): hw_status_bar_operators = false, setSystemUIVisibily(SHOW_OPERATOR = false)
W/IInputConnectionWrapper( 3386): showStatusIcon on inactive InputConnection
I/HwSystemManager( 3515): HoldService:preHoldShow start!
I/HwSystemManager( 3515): HoldService:The prePermissionType is: 1
I/AutoMonitor( 4213): STEP_DOSOMETHING, cost=679
I/AutoMonitor( 4213): STEP_SEND_REGISTER_PACKAGE, cost=16
I/ActivityManager( 2963): Displayed com.donglivr.vrplayer/org.gameplay3d.GamePlayNativeActivity: +403ms
I/HwSystemManager( 3515): HoldService:preHoldShow start!
I/HwSystemManager( 3515): HoldService:The prePermissionType is: 1
E/AudioFlinger( 2425): setLppDtsGeq():invalid keyValue of dts geq.
I/HwSystemManager( 3515): HoldService:preHoldShow start!
I/HwSystemManager( 3515): HoldService:The prePermissionType is: 1
I/HwSystemManager( 3515): HoldService:preHoldShow start!
I/HwSystemManager( 3515): HoldService:The prePermissionType is: 1
I/HwSystemManager( 3515): HoldService:preHoldShow start!
I/HwSystemManager( 3515): HoldService:The prePermissionType is: 1
I/HwSystemManager( 3515): HoldService:preHoldShow start!
I/HwSystemManager( 3515): HoldService:The prePermissionType is: 1
I/gameplay-native-activity( 6657): int Video::VideoState::stream_open(int, AVFormatContext*) -- 
I/gameplay-native-activity( 6657): No audio factory registered, can not play audio stream
I/gameplay-native-activity( 6657): 
I/gameplay-native-activity( 6657): bool SphereVideoSurround::initialize(gameplay::Scene*) -- 
I/gameplay-native-activity( 6657): vr player comming
I/gameplay-native-activity( 6657): 
I/HwSystemManager( 3515): HoldService:preHoldShow start!
I/HwSystemManager( 3515): HoldService:The prePermissionType is: 2
I/HwSystemManager( 3515): HoldService:preHoldShow start!
I/HwSystemManager( 3515): HoldService:The prePermissionType is: 2
I/HwSystemManager( 3515): HoldService:preHoldShow start!
I/HwSystemManager( 3515): HoldService:The prePermissionType is: 2
I/HwSystemManager( 3515): HoldService:preHoldShow start!
I/HwSystemManager( 3515): HoldService:The prePermissionType is: 2
I/HwSystemManager( 3515): HoldService:preHoldShow start!
I/HwSystemManager( 3515): HoldService:The prePermissionType is: 2
I/HwSystemManager( 3515): HoldService:preHoldShow start!
I/HwSystemManager( 3515): HoldService:The prePermissionType is: 2
I/dalvikvm( 4213): Jit: resizing JitTable from 4096 to 8192
I/HwSystemManager( 3515): HoldService:preHoldShow start!
I/HwSystemManager( 3515): HoldService:The prePermissionType is: 1
I/K3V3CpuGovernorPolicy( 3338): close previously scene Hmp policy : 300 , 150
I/HwSystemManager( 3515): HoldService:preHoldShow start!
I/HwSystemManager( 3515): HoldService:The prePermissionType is: 1
E/SQLiteLog( 4213): (1) no such table: mr_friend_D005CE7AEEF46BD18515F783FB8E87FA_New
E/SQLiteLog( 4213): (1) no such table: mr_friend_FCED4F35799409DD854EBEAEA7DB546D_New
I/HwSystemManager( 3515): HoldService:preHoldShow start!
I/HwSystemManager( 3515): HoldService:The prePermissionType is: 1
I/HwSystemManager( 3515): HoldService:preHoldShow start!
I/HwSystemManager( 3515): HoldService:The prePermissionType is: 2
I/HwSystemManager( 3515): HoldService:preHoldShow start!
I/HwSystemManager( 3515): HoldService:The prePermissionType is: 2
I/HwSystemManager( 3515): HoldService:preHoldShow start!
I/HwSystemManager( 3515): HoldService:The prePermissionType is: 2
I/HwSystemManager( 3515): HoldService:preHoldShow start!
I/HwSystemManager( 3515): HoldService:The prePermissionType is: 2
I/HwSystemManager( 3515): HoldService:preHoldShow start!
E/CommandListener( 2417): readDefRoute Rsp ok
I/HwSystemManager( 3515): HoldService:The prePermissionType is: 2
I/PhoneStatusBar( 3116): hw_status_bar_operators = false, setSystemUIVisibily(SHOW_OPERATOR = false)
I/HwSystemManager( 3515): HoldService:preHoldShow start!
I/HwSystemManager( 3515): HoldService:The prePermissionType is: 2
I/PhoneStatusBar( 3116): hw_status_bar_operators = false, setSystemUIVisibily(SHOW_OPERATOR = false)
I/ActivityManager( 2963): filter receiver for action = com.tencent.mm.plugin.report.service.KVCommCrossProcessReceiver
I/HwSystemManager( 3515): HoldService:preHoldShow start!
I/HwSystemManager( 3515): HoldService:The prePermissionType is: 1
I/HwSystemManager( 3515): HoldService:preHoldShow start!
I/HwSystemManager( 3515): HoldService:The prePermissionType is: 1
I/HwSystemManager( 3515): HoldService:preHoldShow start!
I/HwSystemManager( 3515): HoldService:The prePermissionType is: 1
I/HwSystemManager( 3515): HoldService:preHoldShow start!
I/HwSystemManager( 3515): HoldService:The prePermissionType is: 1
I/HwSystemManager( 3515): HoldService:preHoldShow start!
I/HwSystemManager( 3515): HoldService:The prePermissionType is: 2
I/HwSystemManager( 3515): HoldService:preHoldShow start!
I/HwSystemManager( 3515): HoldService:The prePermissionType is: 2
I/HwSystemManager( 3515): HoldService:preHoldShow start!
I/HwSystemManager( 3515): HoldService:The prePermissionType is: 2
I/HwSystemManager( 3515): HoldService:preHoldShow start!
I/HwSystemManager( 3515): HoldService:The prePermissionType is: 2
I/HwSystemManager( 3515): HoldService:preHoldShow start!
I/HwSystemManager( 3515): HoldService:The prePermissionType is: 2
I/HwSystemManager( 3515): HoldService:preHoldShow start!
I/HwSystemManager( 3515): HoldService:The prePermissionType is: 2
I/HwSystemManager( 3515): HoldService:preHoldShow start!
I/HwSystemManager( 3515): HoldService:The prePermissionType is: 1
I/HwSystemManager( 3515): HoldService:preHoldShow start!
I/HwSystemManager( 3515): HoldService:The prePermissionType is: 2
I/HwSystemManager( 3515): HoldService:preHoldShow start!
I/HwSystemManager( 3515): HoldService:The prePermissionType is: 2
I/HwSystemManager( 3515): HoldService:preHoldShow start!
I/HwSystemManager( 3515): HoldService:The prePermissionType is: 2
I/HwSystemManager( 3515): HoldService:preHoldShow start!
I/HwSystemManager( 3515): HoldService:The prePermissionType is: 2
I/HwSystemManager( 3515): HoldService:preHoldShow start!
I/HwSystemManager( 3515): HoldService:The prePermissionType is: 2
I/HwSystemManager( 3515): HoldService:preHoldShow start!
I/HwSystemManager( 3515): HoldService:The prePermissionType is: 2
I/AutoMonitor( 4213): SyncData, cost=4620
I/HwSystemManager( 3515): HoldService:preHoldShow start!
I/HwSystemManager( 3515): HoldService:The prePermissionType is: 2
I/HwSystemManager( 3515): HoldService:preHoldShow start!
I/HwSystemManager( 3515): HoldService:The prePermissionType is: 2
I/HwSystemManager( 3515): HoldService:preHoldShow start!
I/HwSystemManager( 3515): HoldService:The prePermissionType is: 2
I/HwSystemManager( 3515): HoldService:preHoldShow start!
I/HwSystemManager( 3515): HoldService:The prePermissionType is: 2
I/HwSystemManager( 3515): HoldService:preHoldShow start!
I/HwSystemManager( 3515): HoldService:The prePermissionType is: 2
F/libc    ( 6657): invalid address or address of corrupt block 0x785a4728 passed to dlfree
F/libc    ( 6657): Fatal signal 11 (SIGSEGV) at 0xdeadbaad (code=1), thread 6710 (nglivr.vrplayer)
I/HwSystemManager( 3515): HoldService:preHoldShow start!
I/HwSystemManager( 3515): HoldService:The prePermissionType is: 2
I/DEBUG   ( 2418): *** *** *** *** *** *** *** *** *** *** *** *** *** *** *** ***
I/DEBUG   ( 2418): Build fingerprint: 'Huawei/H60-L02/hwH60:4.4.2/HDH60-L02/CHNC00B317:user/ota-rel-keys,release-keys'
I/DEBUG   ( 2418): Revision: '0'
I/DEBUG   ( 2418): pid: 6657, tid: 6710, name: nglivr.vrplayer  >>> com.donglivr.vrplayer <<<
I/DEBUG   ( 2418): signal 11 (SIGSEGV), code 1 (SEGV_MAPERR), fault addr deadbaad
I/DEBUG   ( 2418): Abort message: 'invalid address or address of corrupt block 0x785a4728 passed to dlfree'
I/HwSystemManager( 3515): HoldService:preHoldShow start!
I/HwSystemManager( 3515): HoldService:The prePermissionType is: 1
I/DEBUG   ( 2418):     r0 00000000  r1 4008e71e  r2 deadbaad  r3 400923c3
I/DEBUG   ( 2418):     r4 785a4728  r5 4009d188  r6 41593000  r7 785a4730
I/DEBUG   ( 2418):     r8 7864b060  r9 786408f0  sl fff20a88  fp 00000000
I/DEBUG   ( 2418):     ip 00000001  sp 799d3400  lr 4005f957  pc 4005f958  cpsr 60000030
I/DEBUG   ( 2418):     d0  2064657373617064  d1  6120726f2073736c
I/DEBUG   ( 2418):     d2  6f20737365726466  d3  707572726f632072
I/DEBUG   ( 2418):     d4  0000000100000001  d5  0000000000000000
I/DEBUG   ( 2418):     d6  767dbfe900001053  d7  0000000000000000
I/DEBUG   ( 2418):     d8  0000000000000000  d9  0000000000000000
I/DEBUG   ( 2418):     d10 0000000000000000  d11 0000000000000000
I/DEBUG   ( 2418):     d12 0000000000000000  d13 0000000000000000
I/DEBUG   ( 2418):     d14 0000000000000000  d15 0000000000000000
I/DEBUG   ( 2418):     d16 3fefffd885a4be72  d17 0000000000000007
I/DEBUG   ( 2418):     d18 bf56c086eba4cb27  d19 be5ae5e49f7a3d66
I/DEBUG   ( 2418):     d20 bfdffffffd0c5e81  d21 3e5f866310365814
I/DEBUG   ( 2418):     d22 be927e4f809c52ad  d23 3f03bd31b19ba2c2
I/DEBUG   ( 2418):     d24 3e185a132c6ff6ff  d25 3ef99342e0ee5069
I/DEBUG   ( 2418):     d26 3d2e0aea696dec68  d27 3fa55553e1053a42
I/DEBUG   ( 2418):     d28 3fe36e96cf44d320  d29 3fe67cf7864581a8
I/DEBUG   ( 2418):     d30 3fc655e270d68650  d31 bf29c99688f99ab8
I/DEBUG   ( 2418):     scr 28000010
I/DEBUG   ( 2418): 
I/DEBUG   ( 2418): backtrace:
I/DEBUG   ( 2418):     #00  pc 00011958  /system/lib/libc.so (dlfree+1191)
I/DEBUG   ( 2418):     #01  pc 0000dea7  /system/lib/libc.so (free+10)
I/DEBUG   ( 2418):     #02  pc 000807f5  /data/app-lib/com.donglivr.vrplayer-1/libVRPlayer.so (ffurl_closep+40)
I/DEBUG   ( 2418): 
I/DEBUG   ( 2418): stack:
I/DEBUG   ( 2418):          799d33c0  785a4670  [anon:libc_malloc]
I/DEBUG   ( 2418):          799d33c4  78768598  [anon:libc_malloc]
I/DEBUG   ( 2418):          799d33c8  00008000  
I/DEBUG   ( 2418):          799d33cc  159adf19  
I/DEBUG   ( 2418):          799d33d0  785a4728  [anon:libc_malloc]
I/DEBUG   ( 2418):          799d33d4  4009d188  
I/DEBUG   ( 2418):          799d33d8  41593000  [anon:libc_malloc]
I/DEBUG   ( 2418):          799d33dc  40060cc5  /system/lib/libc.so
I/DEBUG   ( 2418):          799d33e0  4008e71e  /system/lib/libc.so
I/DEBUG   ( 2418):          799d33e4  799d33f4  [stack:6710]
I/DEBUG   ( 2418):          799d33e8  400923c3  /system/lib/libc.so
I/DEBUG   ( 2418):          799d33ec  4005f957  /system/lib/libc.so (dlfree+1190)
I/DEBUG   ( 2418):          799d33f0  4008e71e  /system/lib/libc.so
I/DEBUG   ( 2418):          799d33f4  785a4728  [anon:libc_malloc]
I/DEBUG   ( 2418):          799d33f8  400923c3  /system/lib/libc.so
I/DEBUG   ( 2418):          799d33fc  785a4748  [anon:libc_malloc]
I/DEBUG   ( 2418):     #00  799d3400  40099000  /system/lib/libc.so
I/DEBUG   ( 2418):          799d3404  77ae4ca0  [anon:libc_malloc]
I/DEBUG   ( 2418):          799d3408  78649964  [anon:libc_malloc]
I/DEBUG   ( 2418):          799d340c  00000000  
I/DEBUG   ( 2418):          799d3410  78649960  [anon:libc_malloc]
I/DEBUG   ( 2418):          799d3414  4005bea9  /system/lib/libc.so (free+12)
I/DEBUG   ( 2418):     #01  799d3418  799d341c  [stack:6710]
I/DEBUG   ( 2418):          799d341c  767917f9  /data/app-lib/com.donglivr.vrplayer-1/libVRPlayer.so (ffurl_closep+44)
I/DEBUG   ( 2418):     #02  799d3420  78649960  [anon:libc_malloc]
I/DEBUG   ( 2418):          799d3424  7864b0e0  [anon:libc_malloc]
I/DEBUG   ( 2418):          799d3428  00000000  
I/DEBUG   ( 2418):          799d342c  7679de11  /data/app-lib/com.donglivr.vrplayer-1/libVRPlayer.so
I/DEBUG   ( 2418):          799d3430  0d0a0d30  
I/DEBUG   ( 2418):          799d3434  7679000a  /data/app-lib/com.donglivr.vrplayer-1/libVRPlayer.so
I/DEBUG   ( 2418):          799d3438  785a4670  [anon:libc_malloc]
I/DEBUG   ( 2418):          799d343c  799d3464  [stack:6710]
I/DEBUG   ( 2418):          799d3440  7679dddd  /data/app-lib/com.donglivr.vrplayer-1/libVRPlayer.so
I/DEBUG   ( 2418):          799d3444  785a6780  [anon:libc_malloc]
I/DEBUG   ( 2418):          799d3448  7863f7f0  [anon:libc_malloc]
I/DEBUG   ( 2418):          799d344c  7679180f  /data/app-lib/com.donglivr.vrplayer-1/libVRPlayer.so (ffurl_closep+66)
I/DEBUG   ( 2418):          799d3450  7864087c  [anon:libc_malloc]
I/DEBUG   ( 2418):          799d3454  78640900  [anon:libc_malloc]
I/DEBUG   ( 2418):          799d3458  78640918  [anon:libc_malloc]
I/DEBUG   ( 2418):          799d345c  7679182d  /data/app-lib/com.donglivr.vrplayer-1/libVRPlayer.so (ffurl_close+16)
I/DEBUG   ( 2418): 
I/DEBUG   ( 2418): memory near r1:
I/DEBUG   ( 2418):     4008e6fc 69747075 64206e6f 63657465 20646574  
I/DEBUG   ( 2418):     4008e70c 25207962 696c0073 6d5f6362 6f6c6c61  
I/DEBUG   ( 2418):     4008e71c 6e690063 696c6176 64612064 73657264  
I/DEBUG   ( 2418):     4008e72c 726f2073 64646120 73736572 20666f20  
I/DEBUG   ( 2418):     4008e73c 72726f63 20747075 636f6c62 7025206b  
I/DEBUG   ( 2418):     4008e74c 73617020 20646573 25206f74 616d0073  
I/DEBUG   ( 2418):     4008e75c 79732078 6d657473 74796220 3d207365  
I/DEBUG   ( 2418):     4008e76c 30312520 000a756c 74737973 62206d65  
I/DEBUG   ( 2418):     4008e77c 73657479 20202020 25203d20 756c3031  
I/DEBUG   ( 2418):     4008e78c 6e69000a 65737520 74796220 20207365  
I/DEBUG   ( 2418):     4008e79c 3d202020 30312520 000a756c 63617473  
I/DEBUG   ( 2418):     4008e7ac 6f63206b 70757272 6e6f6974 74656420  
I/DEBUG   ( 2418):     4008e7bc 65746365 73250064 3a64253a 73736120  
I/DEBUG   ( 2418):     4008e7cc 69747265 22206e6f 20227325 6c696166  
I/DEBUG   ( 2418):     4008e7dc 25006465 64253a73 7325203a 7361203a  
I/DEBUG   ( 2418):     4008e7ec 74726573 206e6f69 22732522 69616620  
I/DEBUG   ( 2418): 
I/DEBUG   ( 2418): memory near r3:
I/DEBUG   ( 2418):     400923a0 74000a79 725f7972 6c6c6165 635f636f  
I/DEBUG   ( 2418):     400923b0 6b6e7568 616d7400 636f6c6c 72616c5f  
I/DEBUG   ( 2418):     400923c0 64006567 6572666c 6d740065 6f6c6c61  
I/DEBUG   ( 2418):     400923d0 6d735f63 006c6c61 616d6c64 636f6c6c  
I/DEBUG   ( 2418):     400923e0 64646100 6765735f 746e656d 73696400  
I/DEBUG   ( 2418):     400923f0 65736f70 7568635f 72006b6e 61656c65  
I/DEBUG   ( 2418):     40092400 755f6573 6573756e 65735f64 6e656d67  
I/DEBUG   ( 2418):     40092410 69007374 7265746e 5f6c616e 6b6c7562  
I/DEBUG   ( 2418):     40092420 6572665f 72700065 6e657065 6c615f64  
I/DEBUG   ( 2418):     40092430 00636f6c 65746e6d 202a746e 6d746567  
I/DEBUG   ( 2418):     40092440 6e65746e 49462874 292a454c 746e6900  
I/DEBUG   ( 2418):     40092450 79747420 656d616e 6928725f 202c746e  
I/DEBUG   ( 2418):     40092460 72616863 73202c2a 5f657a69 76002974  
I/DEBUG   ( 2418):     40092470 2064696f 70646e65 746e6577 63002928  
I/DEBUG   ( 2418):     40092480 2a726168 74656720 72657375 6c656873  
I/DEBUG   ( 2418):     40092490 0029286c 64696f76 74657320 72657375  
I/DEBUG   ( 2418): 
I/DEBUG   ( 2418): memory near r4:
I/DEBUG   ( 2418):     785a4708 30343632 34312f34 33363036 39343138  
I/DEBUG   ( 2418):     785a4718 0073742e 00000013 785abb10 4009d1c0  
I/DEBUG   ( 2418):     785a4728 00000010 00000023 769dccc8 0000004c  
I/DEBUG   ( 2418):     785a4738 00000000 004c4b40 ffffffff ffffffff  
I/DEBUG   ( 2418):     785a4748 00000000 00000000 77ae8ec8 79dd3e48  
I/DEBUG   ( 2418):     785a4758 00000000 00000000 33363036 38343138  
I/DEBUG   ( 2418):     785a4768 00000020 00000022 78dbd020 78dbd020  
I/DEBUG   ( 2418):     785a4778 00000000 00000001 00000002 00000000  
I/DEBUG   ( 2418):     785a4788 00000000 00000063 78cfd320 00000000  
I/DEBUG   ( 2418):     785a4798 a9726bb0 00000001 a9725da0 00000001  
I/DEBUG   ( 2418):     785a47a8 77aeca58 00000556 00000000 00000000  
I/DEBUG   ( 2418):     785a47b8 00000000 00000000 00000e10 767dbfe9  
I/DEBUG   ( 2418):     785a47c8 00000000 00000000 00081c14 00000000  
I/DEBUG   ( 2418):     785a47d8 00000000 00000000 78d1f420 00000000  
I/DEBUG   ( 2418):     785a47e8 000004ac 00000021 78ce87e8 79e23f28  
I/DEBUG   ( 2418):     785a47f8 00000001 78682920 00660500 00000041  
I/DEBUG   ( 2418): 
I/DEBUG   ( 2418): memory near r5:
I/DEBUG   ( 2418):     4009d168 00000000 00000000 00000000 00000000  
I/DEBUG   ( 2418):     4009d178 00000000 00000000 00000000 00000000  
I/DEBUG   ( 2418):     4009d188 8040ce7c 00000042 00000000 000006c0  
I/DEBUG   ( 2418):     4009d198 41593000 00000000 77b3e918 00200000  
I/DEBUG   ( 2418):     4009d1a8 00000a09 024ddb08 00000000 00000000  
I/DEBUG   ( 2418):     4009d1b8 4009d1b0 4009d1b0 4009d1b8 4009d1b8  
I/DEBUG   ( 2418):     4009d1c8 7bcb6d78 79be4fc8 77b044f0 7859ab20  
I/DEBUG   ( 2418):     4009d1d8 78dbc368 7859b928 78dbcd80 78596008  
I/DEBUG   ( 2418):     4009d1e8 78d1f4e8 77b0b8d8 77b35b18 77b35b18  
I/DEBUG   ( 2418):     4009d1f8 7b5f2d08 7b5f2d08 78db7fb0 78db7fb0  
I/DEBUG   ( 2418):     4009d208 77af9d88 77afb6b8 78cfbd10 78cfbd10  
I/DEBUG   ( 2418):     4009d218 78c74ba8 78c74ba8 78cfbd00 78cfbd00  
I/DEBUG   ( 2418):     4009d228 77b35d18 78d22e98 78bcecc0 78cfbc00  
I/DEBUG   ( 2418):     4009d238 77b3eb50 77b3eb50 7b37bd30 7b37bd30  
I/DEBUG   ( 2418):     4009d248 7a81d508 7a81d508 78db30a0 78db30a0  
I/DEBUG   ( 2418):     4009d258 78dbcbd8 78dbcbd8 78d22ae0 78d22ae0  
I/DEBUG   ( 2418): 
I/DEBUG   ( 2418): memory near r6:
I/DEBUG   ( 2418):     41592fe0 00000000 00000000 00000000 00000000  
I/DEBUG   ( 2418):     41592ff0 00000000 00000000 00000000 00000000  
I/DEBUG   ( 2418):     41593000 00000000 0000200b 000003ff 00000000  
I/DEBUG   ( 2418):     41593010 00000000 00000000 00000000 00000000  
I/DEBUG   ( 2418):     41593020 00000000 00000000 00000000 00000000  
I/DEBUG   ( 2418):     41593030 00000000 00000000 00000000 00000000  
I/DEBUG   ( 2418):     41593040 00000000 00000000 00000000 00000000  
I/DEBUG   ( 2418):     41593050 00000000 00000000 00000000 00000000  
I/DEBUG   ( 2418):     41593060 00000000 00000000 00000000 00000000  
I/DEBUG   ( 2418):     41593070 00000000 00000000 00000000 00000000  
I/DEBUG   ( 2418):     41593080 00000000 00000000 00000000 00000000  
I/DEBUG   ( 2418):     41593090 00000000 00000000 00000000 00000000  
I/DEBUG   ( 2418):     415930a0 00000000 00000000 00000000 00000000  
I/DEBUG   ( 2418):     415930b0 00000000 00000000 00000000 00000000  
I/DEBUG   ( 2418):     415930c0 00000000 00000000 00000000 00000000  
I/DEBUG   ( 2418):     415930d0 00000000 00000000 00000000 00000000  
I/DEBUG   ( 2418): 
I/DEBUG   ( 2418): memory near r7:
I/DEBUG   ( 2418):     785a4710 33363036 39343138 0073742e 00000013  
I/DEBUG   ( 2418):     785a4720 785abb10 4009d1c0 00000010 00000023  
I/DEBUG   ( 2418):     785a4730 769dccc8 0000004c 00000000 004c4b40  
I/DEBUG   ( 2418):     785a4740 ffffffff ffffffff 00000000 00000000  
I/DEBUG   ( 2418):     785a4750 77ae8ec8 79dd3e48 00000000 00000000  
I/DEBUG   ( 2418):     785a4760 33363036 38343138 00000020 00000022  
I/DEBUG   ( 2418):     785a4770 78dbd020 78dbd020 00000000 00000001  
I/DEBUG   ( 2418):     785a4780 00000002 00000000 00000000 00000063  
I/DEBUG   ( 2418):     785a4790 78cfd320 00000000 a9726bb0 00000001  
I/DEBUG   ( 2418):     785a47a0 a9725da0 00000001 77aeca58 00000556  
I/DEBUG   ( 2418):     785a47b0 00000000 00000000 00000000 00000000  
I/DEBUG   ( 2418):     785a47c0 00000e10 767dbfe9 00000000 00000000  
I/DEBUG   ( 2418):     785a47d0 00081c14 00000000 00000000 00000000  
I/DEBUG   ( 2418):     785a47e0 78d1f420 00000000 000004ac 00000021  
I/DEBUG   ( 2418):     785a47f0 78ce87e8 79e23f28 00000001 78682920  
I/DEBUG   ( 2418):     785a4800 00660500 00000041 00000020 0000002a  
I/DEBUG   ( 2418): 
I/DEBUG   ( 2418): memory near r8:
I/DEBUG   ( 2418):     7864b040 00000000 00000000 00000000 00000000  
I/DEBUG   ( 2418):     7864b050 00000000 00000000 00000000 7aeee560  
I/DEBUG   ( 2418):     7864b060 785a4838 78ce8618 00000000 00000001  
I/DEBUG   ( 2418):     7864b070 00000000 00000001 00000000 00000001  
I/DEBUG   ( 2418):     7864b080 00000000 00000000 00000000 00000000  
I/DEBUG   ( 2418):     7864b090 00000000 78cfd2b0 00000000 00000001  
I/DEBUG   ( 2418):     7864b0a0 0005d150 00000000 00000000 00000000  
I/DEBUG   ( 2418):     7864b0b0 00000000 00000000 00000000 00000000  
I/DEBUG   ( 2418):     7864b0c0 00000000 00000000 00000000 00000000  
I/DEBUG   ( 2418):     7864b0d0 00000000 00000000 00000000 00000000  
I/DEBUG   ( 2418):     7864b0e0 00000000 00000000 00000000 00000000  
I/DEBUG   ( 2418):     7864b0f0 00000000 00000000 00000000 00000000  
I/DEBUG   ( 2418):     7864b100 00000000 00000000 00000000 000000c8  
I/DEBUG   ( 2418):     7864b110 00000000 00000000 00000000 7aeee4e0  
I/DEBUG   ( 2418):     7864b120 00000000 00000000 00000000 00000013  
I/DEBUG   ( 2418):     7864b130 78dbbf50 7797d020 0004b51f 00000013  
I/DEBUG   ( 2418): 
I/DEBUG   ( 2418): memory near r9:
I/DEBUG   ( 2418):     786408d0 ffffffff ffffffff 00000000 00000000  
I/DEBUG   ( 2418):     786408e0 00000000 00000000 00000000 00000000  
I/DEBUG   ( 2418):     786408f0 00d59f80 00000000 570f91b3 00000014  
I/DEBUG   ( 2418):     78640900 7859b008 00000001 00000001 570f91c5  
I/DEBUG   ( 2418):     78640910 0005d150 00000000 07de66c8 00000000  
I/DEBUG   ( 2418):     78640920 00000000 00000000 00000000 00000000  
I/DEBUG   ( 2418):     78640930 00000000 00000000 00000000 00000000  
I/DEBUG   ( 2418):     78640940 00000000 00000000 00000000 00000000  
I/DEBUG   ( 2418):     78640950 00000000 00000000 00000000 00000000  
I/DEBUG   ( 2418):     78640960 00000000 00000000 00000000 00000000  
I/DEBUG   ( 2418):     78640970 00000000 00000000 00000000 00000000  
I/DEBUG   ( 2418):     78640980 00000000 00000000 00000000 00000000  
I/DEBUG   ( 2418):     78640990 00000000 00000000 00000000 00000000  
I/DEBUG   ( 2418):     786409a0 00000000 00000000 00000000 00000000  
I/DEBUG   ( 2418):     786409b0 00000000 00000000 00000000 00000000  
I/DEBUG   ( 2418):     786409c0 00000000 00000000 00000000 00000000  
I/DEBUG   ( 2418): 
I/DEBUG   ( 2418): memory near sp:
I/DEBUG   ( 2418):     799d33e0 4008e71e 799d33f4 400923c3 4005f957  
I/DEBUG   ( 2418):     799d33f0 4008e71e 785a4728 400923c3 785a4748  
I/DEBUG   ( 2418):     799d3400 40099000 77ae4ca0 78649964 00000000  
I/DEBUG   ( 2418):     799d3410 78649960 4005bea9 799d341c 767917f9  
I/DEBUG   ( 2418):     799d3420 78649960 7864b0e0 00000000 7679de11  
I/DEBUG   ( 2418):     799d3430 0d0a0d30 7679000a 785a4670 799d3464  
I/DEBUG   ( 2418):     799d3440 7679dddd 785a6780 7863f7f0 7679180f  
I/DEBUG   ( 2418):     799d3450 7864087c 78640900 78640918 7679182d  
I/DEBUG   ( 2418):     799d3460 786408f0 785a4670 799d361c 7679b9af  
I/DEBUG   ( 2418):     799d3470 00005622 00000000 00000000 0000ac44  
I/DEBUG   ( 2418):     799d3480 00000000 0afc8000 00000000 799d34c0  
I/DEBUG   ( 2418):     799d3490 00000000 7864090c 00000001 799d34e0  
I/DEBUG   ( 2418):     799d34a0 786408e4 00000601 00000000 78640870  
I/DEBUG   ( 2418):     799d34b0 00000000 00000000 78640904 78768598  
I/DEBUG   ( 2418):     799d34c0 00008000 7698567c 769856b0 785a4670  
I/DEBUG   ( 2418):     799d34d0 a97db398 768f3a09 00000001 00015f90  
I/DEBUG   ( 2418): 
I/DEBUG   ( 2418): code around pc:
I/DEBUG   ( 2418):     4005f938 6a014478 62021e4a f7fdb95a e008fd3f  
I/DEBUG   ( 2418):     4005f948 4621482a 44784a2a f001447a 4a13f9af  
I/DEBUG   ( 2418):     4005f958 49286014 f8d14479 079a31bc f501d51c  
I/DEBUG   ( 2418):     4005f968 e8bd70e0 f02c40f8 4823ba91 f7fd4478  
I/DEBUG   ( 2418):     4005f978 4822fd13 e7fa4478 42b7688f ae10f43f  
I/DEBUG   ( 2418):     4005f988 481fe611 e7f24478 4478481e 6888e7ef  
I/DEBUG   ( 2418):     4005f998 f43f4298 e606aed4 bf00bdf8 deadbaad  
I/DEBUG   ( 2418):     4005f9a8 0003dcc2 0003dcb4 0003dc18 00032e0d  
I/DEBUG   ( 2418):     4005f9b8 0003db90 0003db7e 0003db06 0003dae4  
I/DEBUG   ( 2418):     4005f9c8 0003da84 0003da72 0003da0c 0003d9f4  
I/DEBUG   ( 2418):     4005f9d8 0003d9e2 0003d988 0003d964 0003d8ce  
I/DEBUG   ( 2418):     4005f9e8 0003d884 0003d86a 0003d84c 0002edcc  
I/DEBUG   ( 2418):     4005f9f8 00032a6f 0003d828 00032a4b 00032a43  
I/DEBUG   ( 2418):     4005fa08 00032a33 00032a2d b168b538 0300ea41  
I/DEBUG   ( 2418):     4005fa18 f401fb00 04150c1a fbb4b13d 4288f0f0  
I/DEBUG   ( 2418):     4005fa28 f04fbf18 e00034ff 46204604 fb12f7fe  
I/DEBUG   ( 2418): 
I/DEBUG   ( 2418): code around lr:
I/DEBUG   ( 2418):     4005f934 482e61a3 6a014478 62021e4a f7fdb95a  
I/DEBUG   ( 2418):     4005f944 e008fd3f 4621482a 44784a2a f001447a  
I/DEBUG   ( 2418):     4005f954 4a13f9af 49286014 f8d14479 079a31bc  
I/DEBUG   ( 2418):     4005f964 f501d51c e8bd70e0 f02c40f8 4823ba91  
I/DEBUG   ( 2418):     4005f974 f7fd4478 4822fd13 e7fa4478 42b7688f  
I/DEBUG   ( 2418):     4005f984 ae10f43f 481fe611 e7f24478 4478481e  
I/DEBUG   ( 2418):     4005f994 6888e7ef f43f4298 e606aed4 bf00bdf8  
I/DEBUG   ( 2418):     4005f9a4 deadbaad 0003dcc2 0003dcb4 0003dc18  
I/DEBUG   ( 2418):     4005f9b4 00032e0d 0003db90 0003db7e 0003db06  
I/DEBUG   ( 2418):     4005f9c4 0003dae4 0003da84 0003da72 0003da0c  
I/DEBUG   ( 2418):     4005f9d4 0003d9f4 0003d9e2 0003d988 0003d964  
I/DEBUG   ( 2418):     4005f9e4 0003d8ce 0003d884 0003d86a 0003d84c  
I/DEBUG   ( 2418):     4005f9f4 0002edcc 00032a6f 0003d828 00032a4b  
I/DEBUG   ( 2418):     4005fa04 00032a43 00032a33 00032a2d b168b538  
I/DEBUG   ( 2418):     4005fa14 0300ea41 f401fb00 04150c1a fbb4b13d  
I/DEBUG   ( 2418):     4005fa24 4288f0f0 f04fbf18 e00034ff 46204604  
I/DEBUG   ( 2418): 
I/DEBUG   ( 2418): memory map around fault addr deadbaad:
I/DEBUG   ( 2418):     bef79000-bef9a000 rw- [stack]
I/DEBUG   ( 2418):     (no map for address)
I/DEBUG   ( 2418):     ffff0000-ffff1000 r-x [vectors]
I/HwSystemManager( 3515): HoldService:preHoldShow start!
I/HwSystemManager( 3515): HoldService:The prePermissionType is: 1
I/HwSystemManager( 3515): HoldService:preHoldShow start!
I/HwSystemManager( 3515): HoldService:The prePermissionType is: 1
I/System.out( 4213): -----> handleReportWifi
I/HwSystemManager( 3515): HoldService:preHoldShow start!
I/HwSystemManager( 3515): HoldService:The prePermissionType is: 1
I/HwSystemManager( 3515): HoldService:preHoldShow start!
I/HwSystemManager( 3515): HoldService:The prePermissionType is: 1
I/HwSystemManager( 3515): HoldService:preHoldShow start!
I/HwSystemManager( 3515): HoldService:The prePermissionType is: 1
I/HwSystemManager( 3515): HoldService:preHoldShow start!
I/HwSystemManager( 3515): HoldService:The prePermissionType is: 1
I/HwSystemManager( 3515): HoldService:preHoldShow start!
I/HwSystemManager( 3515): HoldService:The prePermissionType is: 1
I/HwSystemManager( 3515): HoldService:preHoldShow start!
I/HwSystemManager( 3515): HoldService:The prePermissionType is: 1
I/HwSystemManager( 3515): HoldService:preHoldShow start!
I/HwSystemManager( 3515): HoldService:The prePermissionType is: 1
W/InputDispatcher( 2963): channel '4356a028 com.donglivr.vrplayer/org.gameplay3d.GamePlayNativeActivity (server)' ~ Consumer closed input channel or an error occurred.  events=0x9
E/InputDispatcher( 2963): channel '4356a028 com.donglivr.vrplayer/org.gameplay3d.GamePlayNativeActivity (server)' ~ Channel is unrecoverably broken and will be disposed!
I/logserver( 2432): Object Path:/data/system/dropbox/, mask=0x00000080
I/logserver( 2432): event->len=48, name=data_app_native_crash@1461227207876.txt
I/logserver( 2432): process_one_event, can not find this event(data_app_native_crash@1461227207876.txt)
I/logserver( 2432): clean_cur_cache:962, system(rm -r /data/log/logcache/21821216/* > /dev/null 2>&1)
W/InputDispatcher( 2963): Attempted to unregister already unregistered input channel '4356a028 com.donglivr.vrplayer/org.gameplay3d.GamePlayNativeActivity (server)'
I/HwLauncher( 3386): DynamicIcon onWindowVisibilityChanged 4 - com.android.deskclock
I/HwLauncher( 3386): DynamicIcon onWindowVisibilityChanged 4 - com.android.calendar
I/HwLauncher( 3386): DynamicIcon onWindowVisibilityChanged 4 - com.huawei.android.totemweather
W/[Gralloc-Warning]( 2420): int gralloc_register_buffer(const gralloc_module_t*, buffer_handle_t):66 Registering handle 0xb82cddc0 coming from the same process: 2420.
I/InputReader( 2963): Reconfiguring input devices.  changes=0x00000004
I/InputReader( 2963): Device reconfigured: id=2, name='huawei,touchscreen', size 720x1280, orientation 0, mode 1, display id 0
I/HwSystemManager( 3515): HsmPackageManager:onConfigureChanged: zh_CN
W/Settings( 3330): Setting airplane_mode_on has moved from android.provider.Settings.System to android.provider.Settings.Global, returning read-only value.
W/Settings( 3330): Setting airplane_mode_on has moved from android.provider.Settings.System to android.provider.Settings.Global, returning read-only value.
I/HwSystemManager( 3560): HsmPackageManager:onConfigureChanged: zh_CN
W/NavigationBarViewEx( 3116): the revision navigation bar when the gesture status is 1
I/PanelView( 3116): Configuration orientation changed
I/PanelView( 3116): recycle systemui self's blurwallpaper bitmap
I/PanelView( 3116): blurBitmap:android.graphics.Bitmap@42ffe6b8
I/logserver( 2432): Object Path:/data/system/dropbox/, mask=0x00000080
I/logserver( 2432): event->len=48, name=SYSTEM_TOMBSTONE@1461227208135.txt.gz
I/logserver( 2432): find_first_match: find match, plogs(type=1, pfile=/data/system/dropbox/, match=TOMBSTONE)
I/logserver( 2432): is_only_tombstone, tombstone type force close.
I/PanelView( 3116): scale bitmap
I/logserver( 2432): move_dir:src_path=/data/log/dbox/appdbg/logcache
I/logserver( 2432): move_dir:dst_path=/data/log/logcache/21821216/
I/logserver( 2432): is_all_ready, any file is ready in non-keyfile exception.
I/logserver( 2432): find_correspond_tombstone, tombs=/data/tombstones/tombstone_06
I/logserver( 2432): extract_appname, forward search, appname=com.donglivr.vrplayer
I/logserver( 2432): is_only_tombstone, tombstone type force close.
I/logserver( 2432): archive_and_send, only tombstone.
I/logserver( 2432): get_fault_appname, appname=com.donglivr.vrplayer
I/logserver( 2432): archive_and_send, pos=0, type=crash, output=20160421162648_tombstone
I/logserver( 2432): ---copy_match_files enter!!--
I/logserver( 2432): [copy_match_files,829]: copy [/data/system/dropbox/SYSTEM_TOMBSTONE@1461227208135.txt.gz] to [/data/log/logcache/21821216/SYSTEM_TOMBSTONE@1461227208135.txt.gz]
I/logserver( 2432): internal_archive, argc=7
I/logserver( 2432): get_fault_appname, appname=com.donglivr.vrplayer
I/logserver( 2432): handle_archive_exception, argc=7
I/logserver( 2432): get alarm time = 134 (sec.)!
I/logserver( 2432): log_apr_add_record open file:/data/log/apr/H60-L02_V100R001CHNC00B317_022TAN147J008292_20151021164431_statistics
I/logserver( 2432): move_input_files, create dir [/data/log/unzip/H60-L02_V100R001CHNC00B317_022TAN147J008292_20160421162648_tombstone]
I/logserver( 2432): copy_file_to_dir, /data/log/logcache/21821216/data_app_native_crash@1461227207876.txt -> /data/log/unzip/H60-L02_V100R001CHNC00B317_022TAN147J008292_20160421162648_tombstone
I/logserver( 2432): copy_file_to_dir, /data/log/logcache/21821216/SYSTEM_TOMBSTONE@1461227208135.txt.gz -> /data/log/unzip/H60-L02_V100R001CHNC00B317_022TAN147J008292_20160421162648_tombstone
I/logserver( 2432): copy_file_to_dir, /data/log/logcache/21821216/finger.txt -> /data/log/unzip/H60-L02_V100R001CHNC00B317_022TAN147J008292_20160421162648_tombstone
I/logserver( 2432): init_notify_fifo, before change /data/log/logcontrol owner
I/logserver( 2432): Process 2586 opening FIFO for O_WRONLY
I/logserver( 2432): Process 2586 opened fifo(20)
I/logserver( 2432): notify_logcontrol, 2586 sent /data/log/unzip/H60-L02_V100R001CHNC00B317_022TAN147J008292_20160421162648_tombstone 
I/logserver( 2432): thread_logcontrol, select ret = 1
I/logserver( 2432): handle_notify_event, read res = 324, client pid = 2586, data=/data/log/unzip/H60-L02_V100R001CHNC00B317_022TAN147J008292_20160421162648_tombstone
I/logserver( 2432): build_notify_string,ModuleName = com.donglivr.vrplayer
I/logserver( 2432): build_notify_string,product name = H60-L02
I/logserver( 2432): handle_notify_event, send msg [submit:trigger=0,bugtype=12,modulename=com.donglivr.vrplayer,level=1,testtype=NORMAL,path=/data/log/unzip/H60-L02_V100R001CHNC00B317_022TAN147J008292_20160421162648_tombstone;]
I/logserver( 2432): send_to_client, send to (19) res = 175
I/logserver( 2432): check_dir_size, dir[/data/log/coredump/] doesn't exist
I/logserver( 2432): clean_cur_cache:962, system(rm -r /data/log/logcache/21821216/* > /dev/null 2>&1)
E/SubmitMessage( 3295): Submit string: submit:trigger=0,bugtype=12,modulename=com.donglivr.vrplayer,level=1,testtype=NORMAL,path=/data/log/unzip/H60-L02_V100R001CHNC00B317_022TAN147J008292_20160421162648_tombstone
I/HwLauncher( 3386): Launcher onStart()
I/HwLauncher( 3386): Launcher dynamicIconsRegister
I/HwLauncher( 3386): DynamicUpdater registerReceiver
I/logserver( 2432): Object Path:/data/log/apr/, mask=0x00000008
I/logserver( 2432): event->len=80, name=H60-L02_V100R001CHNC00B317_022TAN147J008292_20151021164431_statistics
I/logserver( 2432): process_one_event, can not find this event(H60-L02_V100R001CHNC00B317_022TAN147J008292_20151021164431_statistics)
I/logserver( 2432): clean_cur_cache:962, system(rm -r /data/log/logcache/21821216/* > /dev/null 2>&1)
I/HwLauncher( 3386): DynamicUpdater call updateFolder
I/HwLauncher( 3386): DynamicIcon onResume  isvisible = false   mAttachedToWindow:true    mWindowVisible:falsecom.android.deskclock
I/HwLauncher( 3386): DynamicUpdater registerReceiver
I/HwLauncher( 3386): DynamicUpdater call updateFolder
I/HwLauncher( 3386): DynamicIcon onResume  isvisible = false   mAttachedToWindow:true    mWindowVisible:falsecom.android.calendar
I/HwLauncher( 3386): DynamicUpdater registerReceiver
I/HwLauncher( 3386): DynamicUpdater call updateFolder
I/HwLauncher( 3386): DynamicIcon onResume  isvisible = false   mAttachedToWindow:true    mWindowVisible:falsecom.huawei.android.totemweather
I/HwLauncher( 3386): Launcher onResume()
I/HwLauncher( 3386): Launcher doResumeWork()
I/HwLauncher( 3386): WeatherDynamicUpdaterpositiveUpdate at WeatherDynamicUpdater
W/MotionDetectionManager( 3386): startMotionAppsReco motionApps: 402 disabled
W/HwLauncher( 3386): Launcher.MotionManager failed to start TYPE_SHAKE_CHANGE_WALLPAPER
I/HwLauncher( 3386): Launcher.MotionManager startShakeMotion mIsShakeInHome=true
I/PanelView( 3116): mNotificationPanelBlurBitmap:android.graphics.Bitmap@445dd110
I/CoreMap/init( 3116): init toolbox data [["com.android.systemui.statusbar.toolbox.control.WifiTracker","com.android.systemui.statusbar.toolbox.control.LTETracker","com.android.systemui.statusbar.toolbox.control.BluetoothTracker","com.android.systemui.statusbar.toolbox.control.SilentTracker","com.android.systemui.statusbar.toolbox.control.WifiHotspotTracker","com.android.systemui.statusbar.toolbox.control.DataSwitchTracker","com.android.systemui.statusbar.toolbox.control.GPSTracker","com.android.systemui.statusbar.toolbox.control.AirplaneModeTracker","com.android.systemui.statusbar.toolbox.control.BusyModeTracker","com.android.systemui.statusbar.toolbox.control.AutoRotateTracker","com.android.systemui.statusbar.toolbox.control.ScreenshotTracker","com.android.systemui.statusbar.toolbox.control.ScreenLockTracker","com.android.systemui.statusbar.toolbox.control.SingleHandTracker","com.android.systemui.statusbar.toolbox.control.SuspendTasksTracker","com.android.systemui.statusbar.toolbox.control.AirSharingTracker","com.android.systemui.statusbar.toolbox.control.SuperPowerModeTracker","com.android.systemui.statusbar.toolbox.control.FlashlightTracker","com.android.systemui.statusbar.toolbox.control.SyncTracker","com.android.systemui.statusbar.toolbox.control.VolumeTracker","com.android.systemui.statusbar.toolbox.control.PowerRestartTracker","com.android.systemui.statusbar.toolbox.control.PowerOffTracker","com.android.systemui.statusbar.toolbox.control.RogTracker"]]
W/Settings( 3116): Setting airplane_mode_on has moved from android.provider.Settings.System to android.provider.Settings.Global, returning read-only value.
W/Settings( 3116): Setting airplane_mode_on has moved from android.provider.Settings.System to android.provider.Settings.Global, returning read-only value.
I/CoreMap/init( 3116): Current is not the first time init toolbox, load from SharedPreferences
I/CoreMap/init( 3116): custSha1Digest = -123-9563-20120-118-103-10591-8-78-4954-84114-11535-1227092
I/CoreMap/init( 3116): currentSha1Diget = -123-9563-20120-118-103-10591-8-78-4954-84114-11535-1227092
I/CoreMap/init( 3116): needReadCustFile = false
E/NavigationBarViewExControl( 3116): resetPosition Exception e=null
W/MotionDetectionManager( 3386): startMotionAppsReco motionApps: 404 disabled
W/HwLauncher( 3386): Launcher.MotionManager failed to start TYPE_SHAKE_START_PRIVACY
I/HwLauncher( 3386): Launcher changeNaviBarStatus
W/HwLauncher( 3386): Launcher  updateMarginLayoutParamsForView:the target view is null.
I/HwLauncher( 3386): Launcher  onResume mIsToUninstallApp = false
I/HwLauncher( 3386): DynamicIcon onVisibilityChanged 0 - com.android.deskclock
I/HwLauncher( 3386): DynamicIcon onVisibilityChanged 0 - com.android.calendar
I/HwLauncher( 3386): DynamicIcon onVisibilityChanged 0 - com.huawei.android.totemweather
I/HwLauncher( 3386): DynamicIcon onWindowVisibilityChanged 0 - com.android.deskclock
I/HwLauncher( 3386): DynamicIcon onWindowVisibilityChanged 0 - com.android.calendar
I/HwLauncher( 3386): DynamicIcon onWindowVisibilityChanged 0 - com.huawei.android.totemweather
I/HwLauncher( 3386): Model  onReceive intent=Intent { act=android.intent.action.CONFIGURATION_CHANGED flg=0x70000010 }
I/HwLauncher( 3386): Launcher.Settings  updateIconTitleSize fontSize = 13.0
I/HwLauncher( 3386): WeatherDynamicUpdaterreceive action = com.huawei.android.action.launcher_weather_icon_change
I/HwLauncher( 3386): WeatherDynamicUpdaterreceiver data is int[] = [0, 0, 52, 0, 96, 0, 140, 0]
I/HwLauncher( 3386):  stringArray[] [sunny, num3, num1, tempc]
I/LogServiceSetting( 3295): checkMemorydumpByPath: filePath is /storage/emulated/legacy/bugreports/ramdump
I/LogServiceSetting( 3295): CheckMemorydumpByPath: /storage/emulated/legacy/bugreports/ramdumpis not exist.
I/LogServiceSetting( 3295): checkMemorydumpByPath: filePath is /storage/sdcard1/bugreports/ramdump
I/LogServiceSetting( 3295): CheckMemorydumpByPath: /storage/sdcard1/bugreports/ramdumpis not exist.
I/PhoneStatusBar( 3116): hw_status_bar_operators = false, setSystemUIVisibily(SHOW_OPERATOR = false)
I/PackageLogInfoManager( 3295): checkPackageLogState
E/PackageLogInfoManager( 3295): checkPackageLogState, cr: android.app.ContextImpl$ApplicationContentResolver@42759e38, packageNames: null
W/Binder  ( 3234): Caught a RuntimeException from the binder stub implementation.
W/Binder  ( 3234): java.lang.NullPointerException
W/Binder  ( 3234): 	at android.inputmethodservice.IInputMethodWrapper.setSessionEnabled(IInputMethodWrapper.java:280)
W/Binder  ( 3234): 	at com.android.internal.view.IInputMethod$Stub.onTransact(IInputMethod.java:129)
W/Binder  ( 3234): 	at android.os.Binder.execTransact(Binder.java:404)
W/Binder  ( 3234): 	at dalvik.system.NativeStart.run(Native Method)
W/System.err( 3234): java.lang.NullPointerException
W/System.err( 3234): 	at android.inputmethodservice.IInputMethodWrapper.setSessionEnabled(IInputMethodWrapper.java:280)
W/System.err( 3234): 	at com.android.internal.view.IInputMethod$Stub.onTransact(IInputMethod.java:129)
W/System.err( 3234): 	at android.os.Binder.execTransact(Binder.java:404)
W/System.err( 3234): 	at dalvik.system.NativeStart.run(Native Method)
I/dalvikvm-heap( 4213): Grow heap (frag case) to 19.765MB for 280028-byte allocation
W/Settings( 4096): Setting airplane_mode_on has moved from android.provider.Settings.System to android.provider.Settings.Global, returning read-only value.
W/beacon  ( 4096): onUserAction return false, because eventName:[loadSoNew] is not allowed in server strategy!
